Archive member included to satisfy reference by file (symbol)

/Users/yangwenhaomac/Library/Arduino15/packages/rp2040/tools/pqt-gcc/4.1.0-1aec55e/bin/../lib/gcc/arm-none-eabi/14.3.0/../../../../arm-none-eabi/lib/thumb/libm.a(libm_a-wf_sqrt.o)
                              CMakeFiles/pico_selector.dir/Users/yangwenhaomac/Library/Arduino15/packages/rp2040/hardware/rp2040/5.5.0/pico-sdk/src/rp2_common/pico_float/float_math.c.o (sqrtf)
/Users/yangwenhaomac/Library/Arduino15/packages/rp2040/tools/pqt-gcc/4.1.0-1aec55e/bin/../lib/gcc/arm-none-eabi/14.3.0/../../../../arm-none-eabi/lib/thumb/libm.a(libm_a-ef_sqrt.o)
                              /Users/yangwenhaomac/Library/Arduino15/packages/rp2040/tools/pqt-gcc/4.1.0-1aec55e/bin/../lib/gcc/arm-none-eabi/14.3.0/../../../../arm-none-eabi/lib/thumb/libm.a(libm_a-wf_sqrt.o) (__ieee754_sqrtf)
/Users/yangwenhaomac/Library/Arduino15/packages/rp2040/tools/pqt-gcc/4.1.0-1aec55e/bin/../lib/gcc/arm-none-eabi/14.3.0/thumb/libgcc.a(_arm_cmpsf2.o)
                              /Users/yangwenhaomac/Library/Arduino15/packages/rp2040/tools/pqt-gcc/4.1.0-1aec55e/bin/../lib/gcc/arm-none-eabi/14.3.0/../../../../arm-none-eabi/lib/thumb/libm.a(libm_a-wf_sqrt.o) (__aeabi_fcmplt)
/Users/yangwenhaomac/Library/Arduino15/packages/rp2040/tools/pqt-gcc/4.1.0-1aec55e/bin/../lib/gcc/arm-none-eabi/14.3.0/thumb/libgcc.a(_aeabi_ldivmod.o)
                              CMakeFiles/pico_selector.dir/Users/yangwenhaomac/Library/Arduino15/packages/rp2040/hardware/rp2040/5.5.0/pico-sdk/src/common/pico_time/time.c.o (__aeabi_ldivmod)
/Users/yangwenhaomac/Library/Arduino15/packages/rp2040/tools/pqt-gcc/4.1.0-1aec55e/bin/../lib/gcc/arm-none-eabi/14.3.0/thumb/libgcc.a(_aeabi_uldivmod.o)
                              CMakeFiles/pico_selector.dir/Users/yangwenhaomac/Library/Arduino15/packages/rp2040/hardware/rp2040/5.5.0/pico-sdk/src/rp2_common/hardware_clocks/clocks.c.o (__aeabi_uldivmod)
/Users/yangwenhaomac/Library/Arduino15/packages/rp2040/tools/pqt-gcc/4.1.0-1aec55e/bin/../lib/gcc/arm-none-eabi/14.3.0/thumb/libgcc.a(_udivmoddi4.o)
                              /Users/yangwenhaomac/Library/Arduino15/packages/rp2040/tools/pqt-gcc/4.1.0-1aec55e/bin/../lib/gcc/arm-none-eabi/14.3.0/thumb/libgcc.a(_aeabi_uldivmod.o) (__udivmoddi4)
/Users/yangwenhaomac/Library/Arduino15/packages/rp2040/tools/pqt-gcc/4.1.0-1aec55e/bin/../lib/gcc/arm-none-eabi/14.3.0/thumb/libgcc.a(bpabi.o)
                              /Users/yangwenhaomac/Library/Arduino15/packages/rp2040/tools/pqt-gcc/4.1.0-1aec55e/bin/../lib/gcc/arm-none-eabi/14.3.0/thumb/libgcc.a(_aeabi_ldivmod.o) (__gnu_ldivmod_helper)
/Users/yangwenhaomac/Library/Arduino15/packages/rp2040/tools/pqt-gcc/4.1.0-1aec55e/bin/../lib/gcc/arm-none-eabi/14.3.0/thumb/libgcc.a(addsf3.o)
                              /Users/yangwenhaomac/Library/Arduino15/packages/rp2040/tools/pqt-gcc/4.1.0-1aec55e/bin/../lib/gcc/arm-none-eabi/14.3.0/../../../../arm-none-eabi/lib/thumb/libm.a(libm_a-ef_sqrt.o) (__aeabi_fadd)
/Users/yangwenhaomac/Library/Arduino15/packages/rp2040/tools/pqt-gcc/4.1.0-1aec55e/bin/../lib/gcc/arm-none-eabi/14.3.0/thumb/libgcc.a(divsf3.o)
                              /Users/yangwenhaomac/Library/Arduino15/packages/rp2040/tools/pqt-gcc/4.1.0-1aec55e/bin/../lib/gcc/arm-none-eabi/14.3.0/../../../../arm-none-eabi/lib/thumb/libm.a(libm_a-wf_sqrt.o) (__aeabi_fdiv)
/Users/yangwenhaomac/Library/Arduino15/packages/rp2040/tools/pqt-gcc/4.1.0-1aec55e/bin/../lib/gcc/arm-none-eabi/14.3.0/thumb/libgcc.a(eqsf2.o)
                              /Users/yangwenhaomac/Library/Arduino15/packages/rp2040/tools/pqt-gcc/4.1.0-1aec55e/bin/../lib/gcc/arm-none-eabi/14.3.0/thumb/libgcc.a(_arm_cmpsf2.o) (__eqsf2)
/Users/yangwenhaomac/Library/Arduino15/packages/rp2040/tools/pqt-gcc/4.1.0-1aec55e/bin/../lib/gcc/arm-none-eabi/14.3.0/thumb/libgcc.a(gesf2.o)
                              /Users/yangwenhaomac/Library/Arduino15/packages/rp2040/tools/pqt-gcc/4.1.0-1aec55e/bin/../lib/gcc/arm-none-eabi/14.3.0/thumb/libgcc.a(_arm_cmpsf2.o) (__gesf2)
/Users/yangwenhaomac/Library/Arduino15/packages/rp2040/tools/pqt-gcc/4.1.0-1aec55e/bin/../lib/gcc/arm-none-eabi/14.3.0/thumb/libgcc.a(lesf2.o)
                              /Users/yangwenhaomac/Library/Arduino15/packages/rp2040/tools/pqt-gcc/4.1.0-1aec55e/bin/../lib/gcc/arm-none-eabi/14.3.0/thumb/libgcc.a(_arm_cmpsf2.o) (__lesf2)
/Users/yangwenhaomac/Library/Arduino15/packages/rp2040/tools/pqt-gcc/4.1.0-1aec55e/bin/../lib/gcc/arm-none-eabi/14.3.0/thumb/libgcc.a(mulsf3.o)
                              /Users/yangwenhaomac/Library/Arduino15/packages/rp2040/tools/pqt-gcc/4.1.0-1aec55e/bin/../lib/gcc/arm-none-eabi/14.3.0/../../../../arm-none-eabi/lib/thumb/libm.a(libm_a-ef_sqrt.o) (__aeabi_fmul)
/Users/yangwenhaomac/Library/Arduino15/packages/rp2040/tools/pqt-gcc/4.1.0-1aec55e/bin/../lib/gcc/arm-none-eabi/14.3.0/thumb/libgcc.a(subsf3.o)
[...]
Memory Configuration

Name             Origin             Length             Attributes
FLASH            0x10000000         0x00400000         xr
RAM              0x20000000         0x00080000         xrw
SCRATCH_X        0x20080000         0x00001000         xrw
SCRATCH_Y        0x20081000         0x00001000         xrw
*default*        0x00000000         0xffffffff

Linker script and memory map

LOAD /Users/yangwenhaomac/Library/Arduino15/packages/rp2040/tools/pqt-gcc/4.1.0-1aec55e/bin/../lib/gcc/arm-none-eabi/14.3.0/thumb/crti.o
LOAD /Users/yangwenhaomac/Library/Arduino15/packages/rp2040/tools/pqt-gcc/4.1.0-1aec55e/bin/../lib/gcc/arm-none-eabi/14.3.0/thumb/crtbegin.o
LOAD /Users/yangwenhaomac/Library/Arduino15/packages/rp2040/tools/pqt-gcc/4.1.0-1aec55e/bin/../lib/gcc/arm-none-eabi/14.3.0/../../../../arm-none-eabi/lib/thumb/crt0.o

.flash_begin    0x10000000        0x0
                0x10000000                        __flash_binary_start = .

.text           0x10000000     0x2f44
                0x10000000                        __logical_binary_start = .
 *(.vectors)
 .vectors       0x10000000      0x124 CMakeFiles/pico_selector.dir/Users/yangwenhaomac/Library/Arduino15/packages/rp2040/hardware/rp2040/5.5.0/pico-sdk/src/rp2_common/pico_crt0/crt0.S.o
                0x10000000                __VECTOR_TABLE
                0x10000000                __vectors
                0x10000110                __unhandled_user_irq
                0x10000110                isr_irq49
                0x10000110                isr_irq13
                0x10000110                isr_irq43
                0x10000110                isr_irq45
                0x10000110                isr_irq27
                0x10000110                isr_irq32
                0x10000110                isr_irq31
                0x10000110                isr_irq5
                0x10000110                isr_irq11
                0x10000110                isr_irq23
                0x10000110                isr_usagefault
                0x10000110                isr_irq48
                0x10000110                isr_irq35
                0x10000110                isr_irq18
                0x10000110                isr_irq50
                0x10000110                isr_irq9
                0x10000110                isr_irq30
                0x10000110                isr_irq16
                0x10000110                isr_irq44
                0x10000110                isr_irq29
                0x10000110                isr_irq26
                0x10000110                isr_irq33
                0x10000110                isr_irq3
                0x10000110                isr_irq12
                0x10000110                isr_securefault
                0x10000110                isr_irq40
                0x10000110                isr_irq28
                0x10000110                isr_irq19
                0x10000110                isr_irq36
                0x10000110                isr_irq41
                0x10000110                isr_irq0
                0x10000110                isr_irq6
                0x10000110                isr_memmanage
                0x10000110                isr_irq37
                0x10000110                isr_irq42
                0x10000110                isr_irq22
                0x10000110                isr_irq17
                0x10000110                isr_irq38
                0x10000110                isr_irq14
                0x10000110                __vectors_end
                0x10000110                __default_isrs_start
                0x10000110                isr_irq2
                0x10000110                isr_irq10
                0x10000110                isr_irq8
                0x10000110                isr_debugmonitor
                0x10000110                isr_irq24
                0x10000110                isr_irq46
                0x10000110                isr_irq1
                0x10000110                isr_irq47
                0x10000110                isr_irq51
                0x10000110                isr_irq7
                0x10000110                isr_irq21
                0x10000110                isr_irq39
                0x10000110                isr_irq20
                0x10000110                isr_irq15
                0x10000110                isr_irq25
                0x10000110                isr_irq34
                0x10000110                isr_irq4
                0x10000110                isr_busfault
                0x10000116                unhandled_user_irq_num_in_r0
                0x10000118                isr_invalid
                0x1000011a                isr_nmi
                0x1000011c                isr_hardfault
                0x1000011e                isr_svcall
                0x10000120                isr_pendsv
                0x10000122                isr_systick
                0x10000124                __default_isrs_end
 *(.binary_info_header)
 .binary_info_header
                0x10000124       0x14 CMakeFiles/pico_selector.dir/Users/yangwenhaomac/Library/Arduino15/packages/rp2040/hardware/rp2040/5.5.0/pico-sdk/src/rp2_common/pico_crt0/crt0.S.o
                0x10000138                        __binary_info_header_end = .
 *(.embedded_block)
 .embedded_block
                0x10000138       0x14 CMakeFiles/pico_selector.dir/Users/yangwenhaomac/Library/Arduino15/packages/rp2040/hardware/rp2040/5.5.0/pico-sdk/src/rp2_common/pico_crt0/crt0.S.o
                0x1000014c                        __embedded_block_end = .
 *(.reset)
 .reset         0x1000014c       0x98 CMakeFiles/pico_selector.dir/Users/yangwenhaomac/Library/Arduino15/packages/rp2040/hardware/rp2040/5.5.0/pico-sdk/src/rp2_common/pico_crt0/crt0.S.o
                0x1000014c                _entry_point
 *(.init)
 .init          0x100001e4        0x4 /Users/yangwenhaomac/Library/Arduino15/packages/rp2040/tools/pqt-gcc/4.1.0-1aec55e/bin/../lib/gcc/arm-none-eabi/14.3.0/thumb/crti.o
                0x100001e4                _init
 *libgcc.a:cmse_nonsecure_call.o()
 *(EXCLUDE_FILE(*libm.a: *libc.a:*lib_a-mem*.o *libgcc.a:) .text*)
 .text          0x100001e8       0x98 /Users/yangwenhaomac/Library/Arduino15/packages/rp2040/tools/pqt-gcc/4.1.0-1aec55e/bin/../lib/gcc/arm-none-eabi/14.3.0/thumb/crtbegin.o
 .text.flash_write_sector.constprop.0
                0x10000280       0x50 CMakeFiles/pico_selector.dir/Users/yangwenhaomac/Desktop/Eurorack/2HP-Pico/Pico-Eurorack/Bootloader/boot_config.c.o
 .text.pico_boot_config_defaults
                0x100002d0       0xe8 CMakeFiles/pico_selector.dir/Users/yangwenhaomac/Desktop/Eurorack/2HP-Pico/Pico-Eurorack/Bootloader/boot_config.c.o
                0x100002d0                pico_boot_config_defaults
 .text.pico_boot_config_load
                0x100003b8      0x164 CMakeFiles/pico_selector.dir/Users/yangwenhaomac/Desktop/Eurorack/2HP-Pico/Pico-Eurorack/Bootloader/boot_config.c.o
                0x100003b8                pico_boot_config_load
 .text.pico_boot_config_save
                0x1000051c      0x1a8 CMakeFiles/pico_selector.dir/Users/yangwenhaomac/Desktop/Eurorack/2HP-Pico/Pico-Eurorack/Bootloader/boot_config.c.o
                0x1000051c                pico_boot_config_save
 .text.pico_boot_calibration_run
                0x100006c4      0x7d8 CMakeFiles/pico_selector.dir/Users/yangwenhaomac/Desktop/Eurorack/2HP-Pico/Pico-Eurorack/Bootloader/Calibration/calibration.c.o
                0x100006c4                pico_boot_calibration_run
 .text.button_pressed
                0x10000e9c       0x14 CMakeFiles/pico_selector.dir/selector.c.o
 .text.app_vector_valid
                0x10000eb0       0x48 CMakeFiles/pico_selector.dir/selector.c.o
 .text.wait_button_release
                0x10000ef8       0x60 CMakeFiles/pico_selector.dir/selector.c.o
 .text.led_set.part.0
                0x10000f58       0x10 CMakeFiles/pico_selector.dir/selector.c.o
 .text.led_blink
                0x10000f68       0x58 CMakeFiles/pico_selector.dir/selector.c.o
 .text.slot_has_app
                0x10000fc0       0x60 CMakeFiles/pico_selector.dir/selector.c.o
 .text.led_set  0x10001020       0x1c CMakeFiles/pico_selector.dir/selector.c.o
 .text.startup.main
                0x1000103c      0x3f4 CMakeFiles/pico_selector.dir/selector.c.o
                0x1000103c                main
 .text.gpio_set_function
                0x10001430       0x3c CMakeFiles/pico_selector.dir/Users/yangwenhaomac/Library/Arduino15/packages/rp2040/hardware/rp2040/5.5.0/pico-sdk/src/rp2_common/hardware_gpio/gpio.c.o
                0x10001430                gpio_set_function
 .text.gpio_set_pulls
                0x1000146c       0x28 CMakeFiles/pico_selector.dir/Users/yangwenhaomac/Library/Arduino15/packages/rp2040/hardware/rp2040/5.5.0/pico-sdk/src/rp2_common/hardware_gpio/gpio.c.o
                0x1000146c                gpio_set_pulls
 .text.gpio_set_input_enabled
                0x10001494       0x20 CMakeFiles/pico_selector.dir/Users/yangwenhaomac/Library/Arduino15/packages/rp2040/hardware/rp2040/5.5.0/pico-sdk/src/rp2_common/hardware_gpio/gpio.c.o
                0x10001494                gpio_set_input_enabled
 .text.gpio_init
                0x100014b4       0x48 CMakeFiles/pico_selector.dir/Users/yangwenhaomac/Library/Arduino15/packages/rp2040/hardware/rp2040/5.5.0/pico-sdk/src/rp2_common/hardware_gpio/gpio.c.o
                0x100014b4                gpio_init
 .text.panic    0x100014fc       0x30 CMakeFiles/pico_selector.dir/Users/yangwenhaomac/Library/Arduino15/packages/rp2040/hardware/rp2040/5.5.0/pico-sdk/src/rp2_common/pico_platform_panic/panic.c.o
                0x100014fc                panic
 .text.hw_claim_lock
                0x1000152c       0x24 CMakeFiles/pico_selector.dir/Users/yangwenhaomac/Library/Arduino15/packages/rp2040/hardware/rp2040/5.5.0/pico-sdk/src/common/hardware_claim/claim.c.o
                0x1000152c                hw_claim_lock
 .text.hw_claim_unlock
                0x10001550       0x14 CMakeFiles/pico_selector.dir/Users/yangwenhaomac/Library/Arduino15/packages/rp2040/hardware/rp2040/5.5.0/pico-sdk/src/common/hardware_claim/claim.c.o
                0x10001550                hw_claim_unlock
 .text.hw_claim_or_assert
                0x10001564       0x58 CMakeFiles/pico_selector.dir/Users/yangwenhaomac/Library/Arduino15/packages/rp2040/hardware/rp2040/5.5.0/pico-sdk/src/common/hardware_claim/claim.c.o
                0x10001564                hw_claim_or_assert
 .text.next_striped_spin_lock_num
                0x100015bc       0x18 CMakeFiles/pico_selector.dir/Users/yangwenhaomac/Library/Arduino15/packages/rp2040/hardware/rp2040/5.5.0/pico-sdk/src/rp2_common/hardware_sync/sync.c.o
                0x100015bc                next_striped_spin_lock_num
 .text.spinlock_set_extexclall
                0x100015d4       0x10 CMakeFiles/pico_selector.dir/Users/yangwenhaomac/Library/Arduino15/packages/rp2040/hardware/rp2040/5.5.0/pico-sdk/src/rp2_common/hardware_sync_spin_lock/sync_spin_lock.c.o
 .text.spin_locks_reset
                0x100015e4       0x18 CMakeFiles/pico_selector.dir/Users/yangwenhaomac/Library/Arduino15/packages/rp2040/hardware/rp2040/5.5.0/pico-sdk/src/rp2_common/hardware_sync_spin_lock/sync_spin_lock.c.o
                0x100015e4                spin_locks_reset
 .text.runtime_init_per_core_irq_priorities
                0x100015fc       0x40 CMakeFiles/pico_selector.dir/Users/yangwenhaomac/Library/Arduino15/packages/rp2040/hardware/rp2040/5.5.0/pico-sdk/src/rp2_common/hardware_irq/irq.c.o
                0x100015fc                runtime_init_per_core_irq_priorities
 .text.irq_set_enabled
                0x1000163c       0x2c CMakeFiles/pico_selector.dir/Users/yangwenhaomac/Library/Arduino15/packages/rp2040/hardware/rp2040/5.5.0/pico-sdk/src/rp2_common/hardware_irq/irq.c.o
                0x1000163c                irq_set_enabled
 .text.irq_is_enabled
                0x10001668       0x20 CMakeFiles/pico_selector.dir/Users/yangwenhaomac/Library/Arduino15/packages/rp2040/hardware/rp2040/5.5.0/pico-sdk/src/rp2_common/hardware_irq/irq.c.o
                0x10001668                irq_is_enabled
 .text.irq_set_exclusive_handler
                0x10001688       0x60 CMakeFiles/pico_selector.dir/Users/yangwenhaomac/Library/Arduino15/packages/rp2040/hardware/rp2040/5.5.0/pico-sdk/src/rp2_common/hardware_irq/irq.c.o
                0x10001688                irq_set_exclusive_handler
 .text.lock_init
                0x100016e8        0xc CMakeFiles/pico_selector.dir/Users/yangwenhaomac/Library/Arduino15/packages/rp2040/hardware/rp2040/5.5.0/pico-sdk/src/common/pico_sync/lock_core.c.o
                0x100016e8                lock_init
 .text.runtime_init_mutex
                0x100016f4       0x4c CMakeFiles/pico_selector.dir/Users/yangwenhaomac/Library/Arduino15/packages/rp2040/hardware/rp2040/5.5.0/pico-sdk/src/common/pico_sync/mutex.c.o
                0x100016f4                runtime_init_mutex
 .text.sleep_until_callback
                0x10001740       0x3c CMakeFiles/pico_selector.dir/Users/yangwenhaomac/Library/Arduino15/packages/rp2040/hardware/rp2040/5.5.0/pico-sdk/src/common/pico_time/time.c.o
 *fill*         0x1000177c        0x4 
 .text.alarm_pool_irq_handler
                0x10001780      0x2fc CMakeFiles/pico_selector.dir/Users/yangwenhaomac/Library/Arduino15/packages/rp2040/hardware/rp2040/5.5.0/pico-sdk/src/common/pico_time/time.c.o
 .text.runtime_init_default_alarm_pool
                0x10001a7c      0x100 CMakeFiles/pico_selector.dir/Users/yangwenhaomac/Library/Arduino15/packages/rp2040/hardware/rp2040/5.5.0/pico-sdk/src/common/pico_time/time.c.o
                0x10001a7c                runtime_init_default_alarm_pool
 .text.alarm_pool_add_alarm_at_force_in_context
                0x10001b7c       0xc8 CMakeFiles/pico_selector.dir/Users/yangwenhaomac/Library/Arduino15/packages/rp2040/hardware/rp2040/5.5.0/pico-sdk/src/common/pico_time/time.c.o
                0x10001b7c                alarm_pool_add_alarm_at_force_in_context
 .text.alarm_pool_cancel_alarm
                0x10001c44       0x80 CMakeFiles/pico_selector.dir/Users/yangwenhaomac/Library/Arduino15/packages/rp2040/hardware/rp2040/5.5.0/pico-sdk/src/common/pico_time/time.c.o
                0x10001c44                alarm_pool_cancel_alarm
 .text.sleep_us
                0x10001cc4       0xd8 CMakeFiles/pico_selector.dir/Users/yangwenhaomac/Library/Arduino15/packages/rp2040/hardware/rp2040/5.5.0/pico-sdk/src/common/pico_time/time.c.o
                0x10001cc4                sleep_us
 .text.sleep_ms
                0x10001d9c       0xdc CMakeFiles/pico_selector.dir/Users/yangwenhaomac/Library/Arduino15/packages/rp2040/hardware/rp2040/5.5.0/pico-sdk/src/common/pico_time/time.c.o
                0x10001d9c                sleep_ms
 .text.best_effort_wfe_or_timeout
                0x10001e78       0xd4 CMakeFiles/pico_selector.dir/Users/yangwenhaomac/Library/Arduino15/packages/rp2040/hardware/rp2040/5.5.0/pico-sdk/src/common/pico_time/time.c.o
                0x10001e78                best_effort_wfe_or_timeout
 .text.timer_hardware_alarm_claim
                0x10001f4c       0x24 CMakeFiles/pico_selector.dir/Users/yangwenhaomac/Library/Arduino15/packages/rp2040/hardware/rp2040/5.5.0/pico-sdk/src/rp2_common/hardware_timer/timer.c.o
                0x10001f4c                timer_hardware_alarm_claim
 .text.timer_time_us_64
                0x10001f70       0x10 CMakeFiles/pico_selector.dir/Users/yangwenhaomac/Library/Arduino15/packages/rp2040/hardware/rp2040/5.5.0/pico-sdk/src/rp2_common/hardware_timer/timer.c.o
                0x10001f70                timer_time_us_64
 .text.time_us_64
                0x10001f80       0x14 CMakeFiles/pico_selector.dir/Users/yangwenhaomac/Library/Arduino15/packages/rp2040/hardware/rp2040/5.5.0/pico-sdk/src/rp2_common/hardware_timer/timer.c.o
                0x10001f80                time_us_64
 .text.busy_wait_until
                0x10001f94       0x24 CMakeFiles/pico_selector.dir/Users/yangwenhaomac/Library/Arduino15/packages/rp2040/hardware/rp2040/5.5.0/pico-sdk/src/rp2_common/hardware_timer/timer.c.o
                0x10001f94                busy_wait_until
 .text.clock_configure_undivided
                0x10001fb8       0xd0 CMakeFiles/pico_selector.dir/Users/yangwenhaomac/Library/Arduino15/packages/rp2040/hardware/rp2040/5.5.0/pico-sdk/src/rp2_common/hardware_clocks/clocks.c.o
                0x10001fb8                clock_configure_undivided
 .text.clock_get_hz
                0x10002088        0xc CMakeFiles/pico_selector.dir/Users/yangwenhaomac/Library/Arduino15/packages/rp2040/hardware/rp2040/5.5.0/pico-sdk/src/rp2_common/hardware_clocks/clocks.c.o
                0x10002088                clock_get_hz
 .text.set_sys_clock_pll
                0x10002094      0x184 CMakeFiles/pico_selector.dir/Users/yangwenhaomac/Library/Arduino15/packages/rp2040/hardware/rp2040/5.5.0/pico-sdk/src/rp2_common/hardware_clocks/clocks.c.o
                0x10002094                set_sys_clock_pll
 .text.check_sys_clock_khz
                0x10002218      0x19c CMakeFiles/pico_selector.dir/Users/yangwenhaomac/Library/Arduino15/packages/rp2040/hardware/rp2040/5.5.0/pico-sdk/src/rp2_common/hardware_clocks/clocks.c.o
                0x10002218                check_sys_clock_khz
 .text.pll_init
                0x100023b4       0x8c CMakeFiles/pico_selector.dir/Users/yangwenhaomac/Library/Arduino15/packages/rp2040/hardware/rp2040/5.5.0/pico-sdk/src/rp2_common/hardware_pll/pll.c.o
                0x100023b4                pll_init
 .text.watchdog_reboot
                0x10002440       0x98 CMakeFiles/pico_selector.dir/Users/yangwenhaomac/Library/Arduino15/packages/rp2040/hardware/rp2040/5.5.0/pico-sdk/src/rp2_common/hardware_watchdog/watchdog.c.o
                0x10002440                watchdog_reboot
 .text.tick_start
                0x100024d8       0x18 CMakeFiles/pico_selector.dir/Users/yangwenhaomac/Library/Arduino15/packages/rp2040/hardware/rp2040/5.5.0/pico-sdk/src/rp2_common/hardware_ticks/ticks.c.o
                0x100024d8                tick_start
 .text.rom_func_lookup
                0x100024f0       0x18 CMakeFiles/pico_selector.dir/Users/yangwenhaomac/Library/Arduino15/packages/rp2040/hardware/rp2040/5.5.0/pico-sdk/src/rp2_common/pico_bootrom/bootrom.c.o
                0x100024f0                rom_func_lookup
 .text.runtime_init_bootrom_locking_enable
                0x10002508       0x14 CMakeFiles/pico_selector.dir/Users/yangwenhaomac/Library/Arduino15/packages/rp2040/hardware/rp2040/5.5.0/pico-sdk/src/rp2_common/pico_bootrom/bootrom_lock.c.o
                0x10002508                runtime_init_bootrom_locking_enable
 .text.runtime_init_boot_locks_reset
                0x1000251c       0x1c CMakeFiles/pico_selector.dir/Users/yangwenhaomac/Library/Arduino15/packages/rp2040/hardware/rp2040/5.5.0/pico-sdk/src/rp2_common/hardware_boot_lock/boot_lock.c.o
                0x1000251c                runtime_init_boot_locks_reset
 .text.xosc_init
                0x10002538       0x30 CMakeFiles/pico_selector.dir/Users/yangwenhaomac/Library/Arduino15/packages/rp2040/hardware/rp2040/5.5.0/pico-sdk/src/rp2_common/hardware_xosc/xosc.c.o
                0x10002538                xosc_init
 .text.first_per_core_initializer
                0x10002568        0x4 CMakeFiles/pico_selector.dir/Users/yangwenhaomac/Library/Arduino15/packages/rp2040/hardware/rp2040/5.5.0/pico-sdk/src/rp2_common/pico_runtime/runtime.c.o
 .text.hard_assertion_failure
                0x1000256c        0xc CMakeFiles/pico_selector.dir/Users/yangwenhaomac/Library/Arduino15/packages/rp2040/hardware/rp2040/5.5.0/pico-sdk/src/rp2_common/pico_runtime/runtime.c.o
                0x1000256c                hard_assertion_failure
 .text.runtime_run_initializers
                0x10002578       0x20 CMakeFiles/pico_selector.dir/Users/yangwenhaomac/Library/Arduino15/packages/rp2040/hardware/rp2040/5.5.0/pico-sdk/src/rp2_common/pico_runtime/runtime.c.o
                0x10002578                runtime_run_initializers
 .text.runtime_init_early_resets
                0x10002598       0x34 CMakeFiles/pico_selector.dir/Users/yangwenhaomac/Library/Arduino15/packages/rp2040/hardware/rp2040/5.5.0/pico-sdk/src/rp2_common/pico_runtime_init/runtime_init.c.o
                0x10002598                runtime_init_early_resets
 .text.runtime_init_usb_power_down
                0x100025cc       0x1c CMakeFiles/pico_selector.dir/Users/yangwenhaomac/Library/Arduino15/packages/rp2040/hardware/rp2040/5.5.0/pico-sdk/src/rp2_common/pico_runtime_init/runtime_init.c.o
                0x100025cc                runtime_init_usb_power_down
 .text.runtime_init_per_core_enable_coprocessors
                0x100025e8       0x1c CMakeFiles/pico_selector.dir/Users/yangwenhaomac/Library/Arduino15/packages/rp2040/hardware/rp2040/5.5.0/pico-sdk/src/rp2_common/pico_runtime_init/runtime_init.c.o
                0x100025e8                runtime_init_per_core_enable_coprocessors
 .text.runtime_init_post_clock_resets
                0x10002604       0x20 CMakeFiles/pico_selector.dir/Users/yangwenhaomac/Library/Arduino15/packages/rp2040/hardware/rp2040/5.5.0/pico-sdk/src/rp2_common/pico_runtime_init/runtime_init.c.o
                0x10002604                runtime_init_post_clock_resets
 .text.runtime_init_bootrom_reset
                0x10002624       0x14 CMakeFiles/pico_selector.dir/Users/yangwenhaomac/Library/Arduino15/packages/rp2040/hardware/rp2040/5.5.0/pico-sdk/src/rp2_common/pico_runtime_init/runtime_init.c.o
                0x10002624                runtime_init_bootrom_reset
 .text.runtime_init_per_core_bootrom_reset
                0x10002638       0x14 CMakeFiles/pico_selector.dir/Users/yangwenhaomac/Library/Arduino15/packages/rp2040/hardware/rp2040/5.5.0/pico-sdk/src/rp2_common/pico_runtime_init/runtime_init.c.o
                0x10002638                runtime_init_per_core_bootrom_reset
 .text.runtime_init_spin_locks_reset
                0x1000264c        0x4 CMakeFiles/pico_selector.dir/Users/yangwenhaomac/Library/Arduino15/packages/rp2040/hardware/rp2040/5.5.0/pico-sdk/src/rp2_common/pico_runtime_init/runtime_init.c.o
                0x1000264c                runtime_init_spin_locks_reset
 .text.runtime_init_install_ram_vector_table
                0x10002650       0x68 CMakeFiles/pico_selector.dir/Users/yangwenhaomac/Library/Arduino15/packages/rp2040/hardware/rp2040/5.5.0/pico-sdk/src/rp2_common/pico_runtime_init/runtime_init.c.o
                0x10002650                runtime_init_install_ram_vector_table
 .text.runtime_init_clocks
                0x100026b8       0xdc CMakeFiles/pico_selector.dir/Users/yangwenhaomac/Library/Arduino15/packages/rp2040/hardware/rp2040/5.5.0/pico-sdk/src/rp2_common/pico_runtime_init/runtime_init_clocks.c.o
                0x100026b8                runtime_init_clocks
 .text._out_char
                0x10002794        0x8 CMakeFiles/pico_selector.dir/Users/yangwenhaomac/Library/Arduino15/packages/rp2040/hardware/rp2040/5.5.0/pico-sdk/src/rp2_common/pico_printf/printf.c.o
 .text.weak_raw_vprintf
                0x1000279c       0x30 CMakeFiles/pico_selector.dir/Users/yangwenhaomac/Library/Arduino15/packages/rp2040/hardware/rp2040/5.5.0/pico-sdk/src/rp2_common/pico_printf/printf.c.o
                0x1000279c                weak_raw_vprintf
 .text._exit    0x100027cc        0x4 CMakeFiles/pico_selector.dir/Users/yangwenhaomac/Library/Arduino15/packages/rp2040/hardware/rp2040/5.5.0/pico-sdk/src/rp2_common/pico_clib_interface/newlib_interface.c.o
                0x100027cc                _exit
 .text.exit     0x100027d0        0x8 CMakeFiles/pico_selector.dir/Users/yangwenhaomac/Library/Arduino15/packages/rp2040/hardware/rp2040/5.5.0/pico-sdk/src/rp2_common/pico_clib_interface/newlib_interface.c.o
                0x100027d0                exit
 .text.runtime_init
                0x100027d8       0x24 CMakeFiles/pico_selector.dir/Users/yangwenhaomac/Library/Arduino15/packages/rp2040/hardware/rp2040/5.5.0/pico-sdk/src/rp2_common/pico_clib_interface/newlib_interface.c.o
                0x100027d8                runtime_init
 .text.stdio_out_chars_no_crlf
                0x100027fc        0x8 CMakeFiles/pico_selector.dir/Users/yangwenhaomac/Library/Arduino15/packages/rp2040/hardware/rp2040/5.5.0/pico-sdk/src/rp2_common/pico_stdio/stdio.c.o
 .text.stdio_out_chars_crlf
                0x10002804       0xb0 CMakeFiles/pico_selector.dir/Users/yangwenhaomac/Library/Arduino15/packages/rp2040/hardware/rp2040/5.5.0/pico-sdk/src/rp2_common/pico_stdio/stdio.c.o
 .text.stdio_put_string
                0x100028b4       0xec CMakeFiles/pico_selector.dir/Users/yangwenhaomac/Library/Arduino15/packages/rp2040/hardware/rp2040/5.5.0/pico-sdk/src/rp2_common/pico_stdio/stdio.c.o
                0x100028b4                stdio_put_string
 .text.__wrap_putchar
                0x100029a0       0x84 CMakeFiles/pico_selector.dir/Users/yangwenhaomac/Library/Arduino15/packages/rp2040/hardware/rp2040/5.5.0/pico-sdk/src/rp2_common/pico_stdio/stdio.c.o
                0x100029a0                stdio_putchar
                0x100029a0                __wrap_putchar
 .text.__wrap_puts
                0x10002a24       0x3c CMakeFiles/pico_selector.dir/Users/yangwenhaomac/Library/Arduino15/packages/rp2040/hardware/rp2040/5.5.0/pico-sdk/src/rp2_common/pico_stdio/stdio.c.o
                0x10002a24                __wrap_puts
                0x10002a24                stdio_puts
 .text.multicore_reset_core1
                0x10002a60       0x68 CMakeFiles/pico_selector.dir/Users/yangwenhaomac/Library/Arduino15/packages/rp2040/hardware/rp2040/5.5.0/pico-sdk/src/rp2_common/pico_multicore/multicore.c.o
                0x10002a60                multicore_reset_core1
 .text.adc_init
                0x10002ac8       0x30 CMakeFiles/pico_selector.dir/Users/yangwenhaomac/Library/Arduino15/packages/rp2040/hardware/rp2040/5.5.0/pico-sdk/src/rp2_common/hardware_adc/adc.c.o
                0x10002ac8                adc_init
 .text.pio_add_program
                0x10002af8      0x114 CMakeFiles/pico_selector.dir/Users/yangwenhaomac/Library/Arduino15/packages/rp2040/hardware/rp2040/5.5.0/pico-sdk/src/rp2_common/hardware_pio/pio.c.o
                0x10002af8                pio_add_program
 .text.pio_sm_set_consecutive_pindirs
                0x10002c0c       0x8c CMakeFiles/pico_selector.dir/Users/yangwenhaomac/Library/Arduino15/packages/rp2040/hardware/rp2040/5.5.0/pico-sdk/src/rp2_common/hardware_pio/pio.c.o
                0x10002c0c                pio_sm_set_consecutive_pindirs
 .text.pio_sm_init
                0x10002c98       0xa8 CMakeFiles/pico_selector.dir/Users/yangwenhaomac/Library/Arduino15/packages/rp2040/hardware/rp2040/5.5.0/pico-sdk/src/rp2_common/hardware_pio/pio.c.o
                0x10002c98                pio_sm_init
 .text          0x10002d40       0x94 /Users/yangwenhaomac/Library/Arduino15/packages/rp2040/tools/pqt-gcc/4.1.0-1aec55e/bin/../lib/gcc/arm-none-eabi/14.3.0/../../../../arm-none-eabi/lib/thumb/libg.a(libc_a-memset.o)
                0x10002d40                memset
 .text          0x10002dd4       0x5c /Users/yangwenhaomac/Library/Arduino15/packages/rp2040/tools/pqt-gcc/4.1.0-1aec55e/bin/../lib/gcc/arm-none-eabi/14.3.0/../../../../arm-none-eabi/lib/thumb/libg.a(libc_a-strlen-stub.o)
                0x10002dd4                strlen
 .text          0x10002e30       0xac /Users/yangwenhaomac/Library/Arduino15/packages/rp2040/tools/pqt-gcc/4.1.0-1aec55e/bin/../lib/gcc/arm-none-eabi/14.3.0/../../../../arm-none-eabi/lib/thumb/libg.a(libc_a-memcpy-stub.o)
                0x10002e30                memcpy
 *(.fini)
 .fini          0x10002edc        0x4 /Users/yangwenhaomac/Library/Arduino15/packages/rp2040/tools/pqt-gcc/4.1.0-1aec55e/bin/../lib/gcc/arm-none-eabi/14.3.0/thumb/crti.o
                0x10002edc                _fini
 .fini.__stub   0x10002ee0       0x20 linker stubs
 *crtbegin.o(.ctors)
 *crtbegin?.o(.ctors)
 *(EXCLUDE_FILE(*crtend.o *crtend?.o) .ctors)
 *(SORT_BY_NAME(.ctors.*))
 *(.ctors)
 *crtbegin.o(.dtors)
 *crtbegin?.o(.dtors)
 *(EXCLUDE_FILE(*crtend.o *crtend?.o) .dtors)
 *(SORT_BY_NAME(.dtors.*))
 *(.dtors)
                0x10002f00                        . = ALIGN (0x4)
                0x10002f00                        PROVIDE (__preinit_array_start = .)
 *(SORT_BY_NAME(.preinit_array.*))
 .preinit_array.00050
                0x10002f00        0x4 CMakeFiles/pico_selector.dir/Users/yangwenhaomac/Library/Arduino15/packages/rp2040/hardware/rp2040/5.5.0/pico-sdk/src/rp2_common/pico_runtime_init/runtime_init.c.o
                0x10002f00                __pre_init_runtime_init_bootrom_reset
 .preinit_array.00100
                0x10002f04        0x4 CMakeFiles/pico_selector.dir/Users/yangwenhaomac/Library/Arduino15/packages/rp2040/hardware/rp2040/5.5.0/pico-sdk/src/rp2_common/pico_runtime_init/runtime_init.c.o
                0x10002f04                __pre_init_runtime_init_early_resets
 .preinit_array.00101
                0x10002f08        0x4 CMakeFiles/pico_selector.dir/Users/yangwenhaomac/Library/Arduino15/packages/rp2040/hardware/rp2040/5.5.0/pico-sdk/src/rp2_common/pico_runtime_init/runtime_init.c.o
                0x10002f08                __pre_init_runtime_init_usb_power_down
 .preinit_array.00500
                0x10002f0c        0x4 CMakeFiles/pico_selector.dir/Users/yangwenhaomac/Library/Arduino15/packages/rp2040/hardware/rp2040/5.5.0/pico-sdk/src/rp2_common/pico_runtime_init/runtime_init.c.o
                0x10002f0c                __pre_init_runtime_init_clocks
 .preinit_array.00600
                0x10002f10        0x4 CMakeFiles/pico_selector.dir/Users/yangwenhaomac/Library/Arduino15/packages/rp2040/hardware/rp2040/5.5.0/pico-sdk/src/rp2_common/pico_runtime_init/runtime_init.c.o
                0x10002f10                __pre_init_runtime_init_post_clock_resets
 .preinit_array.01000
                0x10002f14        0x4 CMakeFiles/pico_selector.dir/Users/yangwenhaomac/Library/Arduino15/packages/rp2040/hardware/rp2040/5.5.0/pico-sdk/src/rp2_common/hardware_boot_lock/boot_lock.c.o
                0x10002f14                __pre_init_runtime_init_boot_locks_reset
 .preinit_array.01000
                0x10002f18        0x4 CMakeFiles/pico_selector.dir/Users/yangwenhaomac/Library/Arduino15/packages/rp2040/hardware/rp2040/5.5.0/pico-sdk/src/rp2_common/pico_runtime_init/runtime_init.c.o
                0x10002f18                __pre_init_runtime_init_spin_locks_reset
 .preinit_array.01010
                0x10002f1c        0x4 CMakeFiles/pico_selector.dir/Users/yangwenhaomac/Library/Arduino15/packages/rp2040/hardware/rp2040/5.5.0/pico-sdk/src/rp2_common/pico_bootrom/bootrom_lock.c.o
                0x10002f1c                __pre_init_runtime_init_bootrom_locking_enable
 .preinit_array.01100
                0x10002f20        0x4 CMakeFiles/pico_selector.dir/Users/yangwenhaomac/Library/Arduino15/packages/rp2040/hardware/rp2040/5.5.0/pico-sdk/src/common/pico_sync/mutex.c.o
                0x10002f20                __pre_init_runtime_init_mutex
 .preinit_array.10080
                0x10002f24        0x4 CMakeFiles/pico_selector.dir/Users/yangwenhaomac/Library/Arduino15/packages/rp2040/hardware/rp2040/5.5.0/pico-sdk/src/rp2_common/pico_runtime_init/runtime_init.c.o
                0x10002f24                __pre_init_runtime_init_install_ram_vector_table
 .preinit_array.11000
                0x10002f28        0x4 CMakeFiles/pico_selector.dir/Users/yangwenhaomac/Library/Arduino15/packages/rp2040/hardware/rp2040/5.5.0/pico-sdk/src/common/pico_time/time.c.o
                0x10002f28                __pre_init_runtime_init_default_alarm_pool
 .preinit_array.YYYYY
                0x10002f2c        0x4 CMakeFiles/pico_selector.dir/Users/yangwenhaomac/Library/Arduino15/packages/rp2040/hardware/rp2040/5.5.0/pico-sdk/src/rp2_common/pico_runtime/runtime.c.o
                0x10002f2c                __pre_init_first_per_core_initializer
 .preinit_array.ZZZZZ.00051
                0x10002f30        0x4 CMakeFiles/pico_selector.dir/Users/yangwenhaomac/Library/Arduino15/packages/rp2040/hardware/rp2040/5.5.0/pico-sdk/src/rp2_common/pico_runtime_init/runtime_init.c.o
                0x10002f30                __pre_init_runtime_init_per_core_bootrom_reset
 .preinit_array.ZZZZZ.00200
                0x10002f34        0x4 CMakeFiles/pico_selector.dir/Users/yangwenhaomac/Library/Arduino15/packages/rp2040/hardware/rp2040/5.5.0/pico-sdk/src/rp2_common/pico_runtime_init/runtime_init.c.o
                0x10002f34                __pre_init_runtime_init_per_core_enable_coprocessors
 .preinit_array.ZZZZZ.01000
                0x10002f38        0x4 CMakeFiles/pico_selector.dir/Users/yangwenhaomac/Library/Arduino15/packages/rp2040/hardware/rp2040/5.5.0/pico-sdk/src/rp2_common/hardware_sync_spin_lock/sync_spin_lock.c.o
                0x10002f38                __pre_init_spinlock_set_extexclall
 .preinit_array.ZZZZZ.01200
                0x10002f3c        0x4 CMakeFiles/pico_selector.dir/Users/yangwenhaomac/Library/Arduino15/packages/rp2040/hardware/rp2040/5.5.0/pico-sdk/src/rp2_common/hardware_irq/irq.c.o
                0x10002f3c                __pre_init_runtime_init_per_core_irq_priorities
 *(.preinit_array)
                0x10002f40                        PROVIDE (__preinit_array_end = .)
                0x10002f40                        . = ALIGN (0x4)
                0x10002f40                        PROVIDE (__init_array_start = .)
 *(SORT_BY_NAME(.init_array.*))
 *(.init_array)
 .init_array    0x10002f40        0x4 /Users/yangwenhaomac/Library/Arduino15/packages/rp2040/tools/pqt-gcc/4.1.0-1aec55e/bin/../lib/gcc/arm-none-eabi/14.3.0/thumb/crtbegin.o
                0x10002f44                        PROVIDE (__init_array_end = .)
                0x10002f44                        . = ALIGN (0x4)
                0x10002f44                        PROVIDE (__fini_array_start = .)
 *(SORT_BY_NAME(.fini_array.*))
 *(.fini_array)
                0x10002f44                        PROVIDE (__fini_array_end = .)
 *(.eh_frame*)
 .eh_frame      0x10002f44        0x0 /Users/yangwenhaomac/Library/Arduino15/packages/rp2040/tools/pqt-gcc/4.1.0-1aec55e/bin/../lib/gcc/arm-none-eabi/14.3.0/thumb/crtbegin.o
                0x10002f44                        . = ALIGN (0x4)

.glue_7         0x10002f44        0x0
 .glue_7        0x10002f44        0x0 linker stubs

.glue_7t        0x10002f44        0x0
 .glue_7t       0x10002f44        0x0 linker stubs

.vfp11_veneer   0x10002f44        0x0
 .vfp11_veneer  0x10002f44        0x0 linker stubs

.v4_bx          0x10002f44        0x0
 .v4_bx         0x10002f44        0x0 linker stubs

.iplt           0x10002f44        0x0
 .iplt          0x10002f44        0x0 /Users/yangwenhaomac/Library/Arduino15/packages/rp2040/tools/pqt-gcc/4.1.0-1aec55e/bin/../lib/gcc/arm-none-eabi/14.3.0/thumb/crtbegin.o

.boot2          0x10002f44        0x0
                0x10002f44                        __boot2_start__ = .
 *(.boot2)
                0x10002f44                        __boot2_end__ = .
                0x00000001                        ASSERT (((__boot2_end__ - __boot2_start__) <= 0x100), ERROR: Pico second stage bootloader must be no more than 256 bytes in size)

.rodata         0x10002f44      0x180
 *(EXCLUDE_FILE(*libm.a: *libc.a:*lib_a-mem*.o *libgcc.a:) .rodata*)
 .rodata.colors.1
                0x10002f44       0x18 CMakeFiles/pico_selector.dir/Users/yangwenhaomac/Desktop/Eurorack/2HP-Pico/Pico-Eurorack/Bootloader/Calibration/calibration.c.o
 .rodata.i2s_lsbj_out_program
                0x10002f5c        0x8 CMakeFiles/pico_selector.dir/Users/yangwenhaomac/Desktop/Eurorack/2HP-Pico/Pico-Eurorack/Bootloader/Calibration/calibration.c.o
 .rodata.i2s_lsbj_out_program_instructions
                0x10002f64       0x10 CMakeFiles/pico_selector.dir/Users/yangwenhaomac/Desktop/Eurorack/2HP-Pico/Pico-Eurorack/Bootloader/Calibration/calibration.c.o
 .rodata.main.str1.4
                0x10002f74       0xc4 CMakeFiles/pico_selector.dir/selector.c.o
                                 0x32 (size before relaxing)
 .rodata.CSWTCH.62
                0x10003038       0x14 CMakeFiles/pico_selector.dir/selector.c.o
 .rodata.ws2812_program
                0x1000304c        0x8 CMakeFiles/pico_selector.dir/selector.c.o
 .rodata.ws2812_program_instructions
                0x10003054        0x8 CMakeFiles/pico_selector.dir/selector.c.o
 .rodata        0x1000305c       0x10 CMakeFiles/pico_selector.dir/selector.c.o
 .rodata.panic.str1.4
                0x1000306c       0x12 CMakeFiles/pico_selector.dir/Users/yangwenhaomac/Library/Arduino15/packages/rp2040/hardware/rp2040/5.5.0/pico-sdk/src/rp2_common/pico_platform_panic/panic.c.o
 .rodata.timer_hardware_alarm_claim.str1.4
                0x1000306c       0x22 CMakeFiles/pico_selector.dir/Users/yangwenhaomac/Library/Arduino15/packages/rp2040/hardware/rp2040/5.5.0/pico-sdk/src/rp2_common/hardware_timer/timer.c.o
 .rodata.hard_assertion_failure.str1.4
                0x1000306c        0xc CMakeFiles/pico_selector.dir/Users/yangwenhaomac/Library/Arduino15/packages/rp2040/hardware/rp2040/5.5.0/pico-sdk/src/rp2_common/pico_runtime/runtime.c.o
 .rodata.str1.4
                0x1000306c       0x4c CMakeFiles/pico_selector.dir/Users/yangwenhaomac/Library/Arduino15/packages/rp2040/hardware/rp2040/5.5.0/pico-sdk/src/rp2_common/pico_standard_binary_info/standard_binary_info.c.o
 .rodata.__bi_84
                0x1000306c        0xc CMakeFiles/pico_selector.dir/Users/yangwenhaomac/Library/Arduino15/packages/rp2040/hardware/rp2040/5.5.0/pico-sdk/src/rp2_common/pico_standard_binary_info/standard_binary_info.c.o
 .rodata.__bi_78
                0x10003078        0xc CMakeFiles/pico_selector.dir/Users/yangwenhaomac/Library/Arduino15/packages/rp2040/hardware/rp2040/5.5.0/pico-sdk/src/rp2_common/pico_standard_binary_info/standard_binary_info.c.o
 .rodata.__bi_54
                0x10003084        0xc CMakeFiles/pico_selector.dir/Users/yangwenhaomac/Library/Arduino15/packages/rp2040/hardware/rp2040/5.5.0/pico-sdk/src/rp2_common/pico_standard_binary_info/standard_binary_info.c.o
 .rodata.__bi_48
                0x10003090        0xc CMakeFiles/pico_selector.dir/Users/yangwenhaomac/Library/Arduino15/packages/rp2040/hardware/rp2040/5.5.0/pico-sdk/src/rp2_common/pico_standard_binary_info/standard_binary_info.c.o
 .rodata.__bi_42
                0x1000309c        0xc CMakeFiles/pico_selector.dir/Users/yangwenhaomac/Library/Arduino15/packages/rp2040/hardware/rp2040/5.5.0/pico-sdk/src/rp2_common/pico_standard_binary_info/standard_binary_info.c.o
 .rodata.__bi_34
                0x100030a8        0xc CMakeFiles/pico_selector.dir/Users/yangwenhaomac/Library/Arduino15/packages/rp2040/hardware/rp2040/5.5.0/pico-sdk/src/rp2_common/pico_standard_binary_info/standard_binary_info.c.o
 .rodata.__bi_26
                0x100030b4        0xc CMakeFiles/pico_selector.dir/Users/yangwenhaomac/Library/Arduino15/packages/rp2040/hardware/rp2040/5.5.0/pico-sdk/src/rp2_common/pico_standard_binary_info/standard_binary_info.c.o
 .rodata.crlf_str.0
                0x100030c0        0x2 CMakeFiles/pico_selector.dir/Users/yangwenhaomac/Library/Arduino15/packages/rp2040/hardware/rp2040/5.5.0/pico-sdk/src/rp2_common/pico_stdio/stdio.c.o
 *(.srodata*)
                0x100030c4                        . = ALIGN (0x4)
 *fill*         0x100030c2        0x2 
 *(SORT_BY_ALIGNMENT(SORT_BY_NAME(.flashdata*)))
                0x100030c4                        . = ALIGN (0x4)

.ARM.extab
 *(.ARM.extab* .gnu.linkonce.armextab.*)
                0x100030c4                        __exidx_start = .

.ARM.exidx
 *(.ARM.exidx* .gnu.linkonce.armexidx.*)
                0x100030c4                        __exidx_end = .
                0x100030c4                        . = ALIGN (0x4)
                0x100030c4                        __binary_info_start = .

.binary_info    0x100030c4       0x1c
 *(.binary_info.keep.*)
 .binary_info.keep.__bi_ptr84
                0x100030c4        0x4 CMakeFiles/pico_selector.dir/Users/yangwenhaomac/Library/Arduino15/packages/rp2040/hardware/rp2040/5.5.0/pico-sdk/src/rp2_common/pico_standard_binary_info/standard_binary_info.c.o
 .binary_info.keep.__bi_ptr78
                0x100030c8        0x4 CMakeFiles/pico_selector.dir/Users/yangwenhaomac/Library/Arduino15/packages/rp2040/hardware/rp2040/5.5.0/pico-sdk/src/rp2_common/pico_standard_binary_info/standard_binary_info.c.o
 .binary_info.keep.__bi_ptr54
                0x100030cc        0x4 CMakeFiles/pico_selector.dir/Users/yangwenhaomac/Library/Arduino15/packages/rp2040/hardware/rp2040/5.5.0/pico-sdk/src/rp2_common/pico_standard_binary_info/standard_binary_info.c.o
 .binary_info.keep.__bi_ptr48
                0x100030d0        0x4 CMakeFiles/pico_selector.dir/Users/yangwenhaomac/Library/Arduino15/packages/rp2040/hardware/rp2040/5.5.0/pico-sdk/src/rp2_common/pico_standard_binary_info/standard_binary_info.c.o
 .binary_info.keep.__bi_ptr42
                0x100030d4        0x4 CMakeFiles/pico_selector.dir/Users/yangwenhaomac/Library/Arduino15/packages/rp2040/hardware/rp2040/5.5.0/pico-sdk/src/rp2_common/pico_standard_binary_info/standard_binary_info.c.o
 .binary_info.keep.__bi_ptr34
                0x100030d8        0x4 CMakeFiles/pico_selector.dir/Users/yangwenhaomac/Library/Arduino15/packages/rp2040/hardware/rp2040/5.5.0/pico-sdk/src/rp2_common/pico_standard_binary_info/standard_binary_info.c.o
 .binary_info.keep.__bi_ptr26
                0x100030dc        0x4 CMakeFiles/pico_selector.dir/Users/yangwenhaomac/Library/Arduino15/packages/rp2040/hardware/rp2040/5.5.0/pico-sdk/src/rp2_common/pico_standard_binary_info/standard_binary_info.c.o
 *(.binary_info.*)
                0x100030e0                        __binary_info_end = .
                0x100030e0                        . = ALIGN (0x4)

.ram_vector_table
                0x20000000      0x110
 *(.ram_vector_table)
 .ram_vector_table
                0x20000000      0x110 CMakeFiles/pico_selector.dir/Users/yangwenhaomac/Library/Arduino15/packages/rp2040/hardware/rp2040/5.5.0/pico-sdk/src/rp2_common/pico_runtime_init/runtime_init.c.o
                0x20000000                ram_vector_table

.uninitialized_data
                0x20000110        0x0
                0x20000110                        . = ALIGN (0x4)
 *(.uninitialized_data*)

.data           0x20000110      0x3d4 load address 0x100030e0
                0x20000110                        __data_start__ = .
 *(vtable)
 *(.time_critical*)
 .time_critical.mutex_enter_block_until
                0x20000110       0x6c CMakeFiles/pico_selector.dir/Users/yangwenhaomac/Library/Arduino15/packages/rp2040/hardware/rp2040/5.5.0/pico-sdk/src/common/pico_sync/mutex.c.o
                0x20000110                mutex_enter_block_until
 .time_critical.mutex_try_enter_block_until
                0x2000017c       0x68 CMakeFiles/pico_selector.dir/Users/yangwenhaomac/Library/Arduino15/packages/rp2040/hardware/rp2040/5.5.0/pico-sdk/src/common/pico_sync/mutex.c.o
                0x2000017c                mutex_try_enter_block_until
 .time_critical.mutex_exit
                0x200001e4       0x3c CMakeFiles/pico_selector.dir/Users/yangwenhaomac/Library/Arduino15/packages/rp2040/hardware/rp2040/5.5.0/pico-sdk/src/common/pico_sync/mutex.c.o
                0x200001e4                mutex_exit
 .time_critical.flash_init_boot2_copyout
                0x20000220       0x34 CMakeFiles/pico_selector.dir/Users/yangwenhaomac/Library/Arduino15/packages/rp2040/hardware/rp2040/5.5.0/pico-sdk/src/rp2_common/hardware_flash/flash.c.o
 .time_critical.flash_enable_xip_via_boot2
                0x20000254        0x8 CMakeFiles/pico_selector.dir/Users/yangwenhaomac/Library/Arduino15/packages/rp2040/hardware/rp2040/5.5.0/pico-sdk/src/rp2_common/hardware_flash/flash.c.o
 .time_critical.flash_rp2350_save_qmi_cs1
                0x2000025c       0x14 CMakeFiles/pico_selector.dir/Users/yangwenhaomac/Library/Arduino15/packages/rp2040/hardware/rp2040/5.5.0/pico-sdk/src/rp2_common/hardware_flash/flash.c.o
 .time_critical.flash_devinfo_ptr
                0x20000270       0x14 CMakeFiles/pico_selector.dir/Users/yangwenhaomac/Library/Arduino15/packages/rp2040/hardware/rp2040/5.5.0/pico-sdk/src/rp2_common/hardware_flash/flash.c.o
 .time_critical.flash_save_hardware_state
                0x20000284       0x30 CMakeFiles/pico_selector.dir/Users/yangwenhaomac/Library/Arduino15/packages/rp2040/hardware/rp2040/5.5.0/pico-sdk/src/rp2_common/hardware_flash/flash.c.o
 .time_critical.flash_devinfo_get_cs_size
                0x200002b4       0x18 CMakeFiles/pico_selector.dir/Users/yangwenhaomac/Library/Arduino15/packages/rp2040/hardware/rp2040/5.5.0/pico-sdk/src/rp2_common/hardware_flash/flash.c.o
                0x200002b4                flash_devinfo_get_cs_size
 .time_critical.flash_rp2350_restore_qmi_cs1
                0x200002cc       0x30 CMakeFiles/pico_selector.dir/Users/yangwenhaomac/Library/Arduino15/packages/rp2040/hardware/rp2040/5.5.0/pico-sdk/src/rp2_common/hardware_flash/flash.c.o
 .time_critical.flash_restore_hardware_state
                0x200002fc       0x24 CMakeFiles/pico_selector.dir/Users/yangwenhaomac/Library/Arduino15/packages/rp2040/hardware/rp2040/5.5.0/pico-sdk/src/rp2_common/hardware_flash/flash.c.o
 .time_critical.flash_range_erase
                0x20000320       0xac CMakeFiles/pico_selector.dir/Users/yangwenhaomac/Library/Arduino15/packages/rp2040/hardware/rp2040/5.5.0/pico-sdk/src/rp2_common/hardware_flash/flash.c.o
                0x20000320                flash_range_erase
 .time_critical.flash_range_program
                0x200003cc       0xac CMakeFiles/pico_selector.dir/Users/yangwenhaomac/Library/Arduino15/packages/rp2040/hardware/rp2040/5.5.0/pico-sdk/src/rp2_common/hardware_flash/flash.c.o
                0x200003cc                flash_range_program
 .time_critical.xip_cache_maintain
                0x20000478       0x20 CMakeFiles/pico_selector.dir/Users/yangwenhaomac/Library/Arduino15/packages/rp2040/hardware/rp2040/5.5.0/pico-sdk/src/rp2_common/hardware_xip_cache/xip_cache.c.o
 .time_critical.xip_cache_clean_all
                0x20000498       0x10 CMakeFiles/pico_selector.dir/Users/yangwenhaomac/Library/Arduino15/packages/rp2040/hardware/rp2040/5.5.0/pico-sdk/src/rp2_common/hardware_xip_cache/xip_cache.c.o
                0x20000498                xip_cache_clean_all
 .time_critical.xip_cache_clean_all.__stub
                0x200004a8       0x10 linker stubs
 *(.text*)
                0x200004b8                        . = ALIGN (0x4)
 *(.rodata*)
                0x200004b8                        . = ALIGN (0x4)
 *(.data*)
 .data.striped_spin_lock_num
                0x200004b8        0x1 CMakeFiles/pico_selector.dir/Users/yangwenhaomac/Library/Arduino15/packages/rp2040/hardware/rp2040/5.5.0/pico-sdk/src/rp2_common/hardware_sync/sync.c.o
 *fill*         0x200004b9        0x3 
 .data.default_alarm_pool
                0x200004bc       0x18 CMakeFiles/pico_selector.dir/Users/yangwenhaomac/Library/Arduino15/packages/rp2040/hardware/rp2040/5.5.0/pico-sdk/src/common/pico_time/time.c.o
 *(.sdata*)
                0x200004d4                        . = ALIGN (0x4)
 *(.after_data.*)
                0x200004d4                        . = ALIGN (0x4)
                0x200004d4                        PROVIDE (__mutex_array_start = .)
 *(SORT_BY_NAME(.mutex_array.*))
 *(.mutex_array)
 .mutex_array   0x200004d4        0x8 CMakeFiles/pico_selector.dir/Users/yangwenhaomac/Library/Arduino15/packages/rp2040/hardware/rp2040/5.5.0/pico-sdk/src/rp2_common/pico_malloc/malloc.c.o
 .mutex_array   0x200004dc        0x8 CMakeFiles/pico_selector.dir/Users/yangwenhaomac/Library/Arduino15/packages/rp2040/hardware/rp2040/5.5.0/pico-sdk/src/rp2_common/pico_stdio/stdio.c.o
                0x200004e4                        PROVIDE (__mutex_array_end = .)
 *(.jcr)
                0x200004e4                        . = ALIGN (0x4)

.tm_clone_table
                0x200004e4        0x0 load address 0x100034b4
 .tm_clone_table
                0x200004e4        0x0 /Users/yangwenhaomac/Library/Arduino15/packages/rp2040/tools/pqt-gcc/4.1.0-1aec55e/bin/../lib/gcc/arm-none-eabi/14.3.0/thumb/crtbegin.o
 .tm_clone_table
                0x200004e4        0x0 /Users/yangwenhaomac/Library/Arduino15/packages/rp2040/tools/pqt-gcc/4.1.0-1aec55e/bin/../lib/gcc/arm-none-eabi/14.3.0/thumb/crtend.o

.igot.plt       0x200004e4        0x0 load address 0x100034b4
 .igot.plt      0x200004e4        0x0 /Users/yangwenhaomac/Library/Arduino15/packages/rp2040/tools/pqt-gcc/4.1.0-1aec55e/bin/../lib/gcc/arm-none-eabi/14.3.0/thumb/crtbegin.o

.tdata          0x200004e4        0x0 load address 0x100034b4
                0x200004e4                        . = ALIGN (0x4)
 *(.tdata .tdata.* .gnu.linkonce.td.*)
                0x200004e4                        __tdata_end = .
                0x200004e4                        PROVIDE (__data_end__ = .)
                0x100030e0                        __etext = LOADADDR (.data)

.tbss           0x200004e4        0x0 load address 0x100034b4
                0x200004e4                        . = ALIGN (0x4)
                0x200004e4                        __bss_start__ = .
                0x200004e4                        __tls_base = .
 *(.tbss .tbss.* .gnu.linkonce.tb.*)
 *(.tcommon)
                0x200004e4                        __tls_end = .

.bss            0x200004e8      0x330 load address 0x100034b4
                0x200004e8                        . = ALIGN (0x4)
                0x200004e8                        __tbss_end = .
 *(SORT_BY_ALIGNMENT(SORT_BY_NAME(.bss*)))
 .bss.default_alarm_pool_entries
                0x200004e8      0x180 CMakeFiles/pico_selector.dir/Users/yangwenhaomac/Library/Arduino15/packages/rp2040/hardware/rp2040/5.5.0/pico-sdk/src/common/pico_time/time.c.o
 .bss           0x20000668       0x1c /Users/yangwenhaomac/Library/Arduino15/packages/rp2040/tools/pqt-gcc/4.1.0-1aec55e/bin/../lib/gcc/arm-none-eabi/14.3.0/thumb/crtbegin.o
 .bss._sw_spin_locks
                0x20000684       0x20 CMakeFiles/pico_selector.dir/Users/yangwenhaomac/Library/Arduino15/packages/rp2040/hardware/rp2040/5.5.0/pico-sdk/src/rp2_common/hardware_sync_spin_lock/sync_spin_lock.c.o
                0x20000684                _sw_spin_locks
 .bss._used_instruction_space
                0x200006a4        0xc CMakeFiles/pico_selector.dir/Users/yangwenhaomac/Library/Arduino15/packages/rp2040/hardware/rp2040/5.5.0/pico-sdk/src/rp2_common/hardware_pio/pio.c.o
 .bss.boot2_copyout
                0x200006b0      0x100 CMakeFiles/pico_selector.dir/Users/yangwenhaomac/Library/Arduino15/packages/rp2040/hardware/rp2040/5.5.0/pico-sdk/src/rp2_common/hardware_flash/flash.c.o
 .bss.claimed   0x200007b0        0x2 CMakeFiles/pico_selector.dir/Users/yangwenhaomac/Library/Arduino15/packages/rp2040/hardware/rp2040/5.5.0/pico-sdk/src/rp2_common/hardware_timer/timer.c.o
 *fill*         0x200007b2        0x2 
 .bss.configured_freq
                0x200007b4       0x28 CMakeFiles/pico_selector.dir/Users/yangwenhaomac/Library/Arduino15/packages/rp2040/hardware/rp2040/5.5.0/pico-sdk/src/rp2_common/hardware_clocks/clocks.c.o
 .bss.drivers   0x200007dc        0x4 CMakeFiles/pico_selector.dir/Users/yangwenhaomac/Library/Arduino15/packages/rp2040/hardware/rp2040/5.5.0/pico-sdk/src/rp2_common/pico_stdio/stdio.c.o
 .bss.filter    0x200007e0        0x4 CMakeFiles/pico_selector.dir/Users/yangwenhaomac/Library/Arduino15/packages/rp2040/hardware/rp2040/5.5.0/pico-sdk/src/rp2_common/pico_stdio/stdio.c.o
 .bss.lazy_vsnprintf
                0x200007e4        0x4 CMakeFiles/pico_selector.dir/Users/yangwenhaomac/Library/Arduino15/packages/rp2040/hardware/rp2040/5.5.0/pico-sdk/src/rp2_common/pico_printf/printf.c.o
 .bss.load_value
                0x200007e8        0x4 CMakeFiles/pico_selector.dir/Users/yangwenhaomac/Library/Arduino15/packages/rp2040/hardware/rp2040/5.5.0/pico-sdk/src/rp2_common/hardware_watchdog/watchdog.c.o
 .bss.lockout_victim_initialized
                0x200007ec        0x2 CMakeFiles/pico_selector.dir/Users/yangwenhaomac/Library/Arduino15/packages/rp2040/hardware/rp2040/5.5.0/pico-sdk/src/rp2_common/pico_multicore/multicore.c.o
 *fill*         0x200007ee        0x2 
 .bss.pools     0x200007f0       0x20 CMakeFiles/pico_selector.dir/Users/yangwenhaomac/Library/Arduino15/packages/rp2040/hardware/rp2040/5.5.0/pico-sdk/src/common/pico_time/time.c.o
 .bss.sleep_notifier
                0x20000810        0x4 CMakeFiles/pico_selector.dir/Users/yangwenhaomac/Library/Arduino15/packages/rp2040/hardware/rp2040/5.5.0/pico-sdk/src/common/pico_time/time.c.o
 .bss.boot2_copyout_valid
                0x20000814        0x1 CMakeFiles/pico_selector.dir/Users/yangwenhaomac/Library/Arduino15/packages/rp2040/hardware/rp2040/5.5.0/pico-sdk/src/rp2_common/hardware_flash/flash.c.o
 .bss.dac_ready
                0x20000815        0x1 CMakeFiles/pico_selector.dir/Users/yangwenhaomac/Desktop/Eurorack/2HP-Pico/Pico-Eurorack/Bootloader/Calibration/calibration.c.o
 .bss.led_ready
                0x20000816        0x1 CMakeFiles/pico_selector.dir/selector.c.o
 *(COMMON)
                [!provide]                        PROVIDE (__global_pointer$ = (. + 0x800))
 *(.sbss*)
                0x20000818                        . = ALIGN (0x4)
 *fill*         0x20000817        0x1 
                0x20000818                        __bss_end__ = .

.heap           0x20000818      0x800 load address 0x100034b4
                0x20000818                        __end__ = .
                0x20000818                        end = __end__
 *(.heap*)
 .heap          0x20000818      0x800 CMakeFiles/pico_selector.dir/Users/yangwenhaomac/Library/Arduino15/packages/rp2040/hardware/rp2040/5.5.0/pico-sdk/src/rp2_common/pico_crt0/crt0.S.o
                0x20080000                        __HeapLimit = (ORIGIN (RAM) + LENGTH (RAM))

.scratch_x      0x20080000        0x0 load address 0x100034b4
                0x20080000                        __scratch_x_start__ = .
 *(.scratch_x.*)
                0x20080000                        . = ALIGN (0x4)
                0x20080000                        __scratch_x_end__ = .
                0x100034b4                        __scratch_x_source__ = LOADADDR (.scratch_x)

.scratch_y      0x20081000        0x0 load address 0x100034b4
                0x20081000                        __scratch_y_start__ = .
 *(.scratch_y.*)
                0x20081000                        . = ALIGN (0x4)
                0x20081000                        __scratch_y_end__ = .
                0x100034b4                        __scratch_y_source__ = LOADADDR (.scratch_y)

.stack1_dummy   0x20080000      0x800
 *(.stack1*)
 .stack1        0x20080000      0x800 CMakeFiles/pico_selector.dir/Users/yangwenhaomac/Library/Arduino15/packages/rp2040/hardware/rp2040/5.5.0/pico-sdk/src/rp2_common/pico_multicore/multicore.c.o

.stack_dummy    0x20081000      0x800
 *(.stack*)
 .stack         0x20081000      0x800 CMakeFiles/pico_selector.dir/Users/yangwenhaomac/Library/Arduino15/packages/rp2040/hardware/rp2040/5.5.0/pico-sdk/src/rp2_common/pico_crt0/crt0.S.o

.flash_end      0x100034b4       0x14
 *(.embedded_end_block*)
 .embedded_end_block
                0x100034b4       0x14 CMakeFiles/pico_selector.dir/Users/yangwenhaomac/Library/Arduino15/packages/rp2040/hardware/rp2040/5.5.0/pico-sdk/src/rp2_common/pico_crt0/crt0.S.o
                0x100034c8                        PROVIDE (__flash_binary_end = .)
                0x20080000                        __StackLimit = (ORIGIN (RAM) + LENGTH (RAM))
                0x20081000                        __StackOneTop = (ORIGIN (SCRATCH_X) + LENGTH (SCRATCH_X))
                0x20082000                        __StackTop = (ORIGIN (SCRATCH_Y) + LENGTH (SCRATCH_Y))
                0x20080800                        __StackOneBottom = (__StackOneTop - SIZEOF (.stack1_dummy))
                0x20081800                        __StackBottom = (__StackTop - SIZEOF (.stack_dummy))
                0x20082000                        PROVIDE (__stack = __StackTop)
                [!provide]                        PROVIDE (__heap_start = __end__)
                [!provide]                        PROVIDE (__heap_end = __HeapLimit)
                [!provide]                        PROVIDE (__tls_align = MAX (ALIGNOF (.tdata), ALIGNOF (.tbss)))
                [!provide]                        PROVIDE (__tls_size_align = (((__tls_size + __tls_align) - 0x1) & ~ ((__tls_align - 0x1))))
                [!provide]                        PROVIDE (__arm32_tls_tcb_offset = MAX (0x8, __tls_align))
                [!provide]                        PROVIDE (_end = __end__)
                [!provide]                        PROVIDE (__llvm_libc_heap_limit = __HeapLimit)
                0x00000001                        ASSERT ((__StackLimit >= __HeapLimit), region RAM overflowed)
                0x00000001                        ASSERT (((__binary_info_header_end - __logical_binary_start) <= 0x400), Binary info must be in first 1024 bytes of the binary)
                0x00000001                        ASSERT (((__embedded_block_end - __logical_binary_start) <= 0x1000), Embedded block must be in first 4096 bytes of the binary)
LOAD CMakeFiles/pico_selector.dir/Users/yangwenhaomac/Desktop/Eurorack/2HP-Pico/Pico-Eurorack/Bootloader/boot_config.c.o
LOAD CMakeFiles/pico_selector.dir/Users/yangwenhaomac/Desktop/Eurorack/2HP-Pico/Pico-Eurorack/Bootloader/Calibration/calibration.c.o
LOAD CMakeFiles/pico_selector.dir/selector.c.o
LOAD CMakeFiles/pico_selector.dir/Users/yangwenhaomac/Library/Arduino15/packages/rp2040/hardware/rp2040/5.5.0/pico-sdk/src/rp2_common/pico_stdlib/stdlib.c.o
LOAD CMakeFiles/pico_selector.dir/Users/yangwenhaomac/Library/Arduino15/packages/rp2040/hardware/rp2040/5.5.0/pico-sdk/src/rp2_common/hardware_gpio/gpio.c.o
LOAD CMakeFiles/pico_selector.dir/Users/yangwenhaomac/Library/Arduino15/packages/rp2040/hardware/rp2040/5.5.0/pico-sdk/src/rp2350/pico_platform/platform.c.o
LOAD CMakeFiles/pico_selector.dir/Users/yangwenhaomac/Library/Arduino15/packages/rp2040/hardware/rp2040/5.5.0/pico-sdk/src/rp2_common/pico_platform_common/common.c.o
LOAD CMakeFiles/pico_selector.dir/Users/yangwenhaomac/Library/Arduino15/packages/rp2040/hardware/rp2040/5.5.0/pico-sdk/src/rp2_common/pico_platform_panic/panic.c.o
LOAD CMakeFiles/pico_selector.dir/Users/yangwenhaomac/Library/Arduino15/packages/rp2040/hardware/rp2040/5.5.0/pico-sdk/src/common/hardware_claim/claim.c.o
LOAD CMakeFiles/pico_selector.dir/Users/yangwenhaomac/Library/Arduino15/packages/rp2040/hardware/rp2040/5.5.0/pico-sdk/src/rp2_common/hardware_sync/sync.c.o
LOAD CMakeFiles/pico_selector.dir/Users/yangwenhaomac/Library/Arduino15/packages/rp2040/hardware/rp2040/5.5.0/pico-sdk/src/rp2_common/hardware_sync_spin_lock/sync_spin_lock.c.o
LOAD CMakeFiles/pico_selector.dir/Users/yangwenhaomac/Library/Arduino15/packages/rp2040/hardware/rp2040/5.5.0/pico-sdk/src/rp2_common/hardware_irq/irq.c.o
LOAD CMakeFiles/pico_selector.dir/Users/yangwenhaomac/Library/Arduino15/packages/rp2040/hardware/rp2040/5.5.0/pico-sdk/src/rp2_common/hardware_irq/irq_handler_chain.S.o
LOAD CMakeFiles/pico_selector.dir/Users/yangwenhaomac/Library/Arduino15/packages/rp2040/hardware/rp2040/5.5.0/pico-sdk/src/common/pico_sync/sem.c.o
LOAD CMakeFiles/pico_selector.dir/Users/yangwenhaomac/Library/Arduino15/packages/rp2040/hardware/rp2040/5.5.0/pico-sdk/src/common/pico_sync/lock_core.c.o
LOAD CMakeFiles/pico_selector.dir/Users/yangwenhaomac/Library/Arduino15/packages/rp2040/hardware/rp2040/5.5.0/pico-sdk/src/common/pico_sync/mutex.c.o
LOAD CMakeFiles/pico_selector.dir/Users/yangwenhaomac/Library/Arduino15/packages/rp2040/hardware/rp2040/5.5.0/pico-sdk/src/common/pico_sync/critical_section.c.o
LOAD CMakeFiles/pico_selector.dir/Users/yangwenhaomac/Library/Arduino15/packages/rp2040/hardware/rp2040/5.5.0/pico-sdk/src/common/pico_time/time.c.o
LOAD CMakeFiles/pico_selector.dir/Users/yangwenhaomac/Library/Arduino15/packages/rp2040/hardware/rp2040/5.5.0/pico-sdk/src/common/pico_time/timeout_helper.c.o
LOAD CMakeFiles/pico_selector.dir/Users/yangwenhaomac/Library/Arduino15/packages/rp2040/hardware/rp2040/5.5.0/pico-sdk/src/rp2_common/hardware_timer/timer.c.o
LOAD CMakeFiles/pico_selector.dir/Users/yangwenhaomac/Library/Arduino15/packages/rp2040/hardware/rp2040/5.5.0/pico-sdk/src/common/pico_util/datetime.c.o
LOAD CMakeFiles/pico_selector.dir/Users/yangwenhaomac/Library/Arduino15/packages/rp2040/hardware/rp2040/5.5.0/pico-sdk/src/common/pico_util/pheap.c.o
LOAD CMakeFiles/pico_selector.dir/Users/yangwenhaomac/Library/Arduino15/packages/rp2040/hardware/rp2040/5.5.0/pico-sdk/src/common/pico_util/queue.c.o
LOAD CMakeFiles/pico_selector.dir/Users/yangwenhaomac/Library/Arduino15/packages/rp2040/hardware/rp2040/5.5.0/pico-sdk/src/rp2_common/hardware_uart/uart.c.o
LOAD CMakeFiles/pico_selector.dir/Users/yangwenhaomac/Library/Arduino15/packages/rp2040/hardware/rp2040/5.5.0/pico-sdk/src/rp2_common/hardware_clocks/clocks.c.o
LOAD CMakeFiles/pico_selector.dir/Users/yangwenhaomac/Library/Arduino15/packages/rp2040/hardware/rp2040/5.5.0/pico-sdk/src/rp2_common/hardware_pll/pll.c.o
LOAD CMakeFiles/pico_selector.dir/Users/yangwenhaomac/Library/Arduino15/packages/rp2040/hardware/rp2040/5.5.0/pico-sdk/src/rp2_common/hardware_vreg/vreg.c.o
LOAD CMakeFiles/pico_selector.dir/Users/yangwenhaomac/Library/Arduino15/packages/rp2040/hardware/rp2040/5.5.0/pico-sdk/src/rp2_common/hardware_watchdog/watchdog.c.o
LOAD CMakeFiles/pico_selector.dir/Users/yangwenhaomac/Library/Arduino15/packages/rp2040/hardware/rp2040/5.5.0/pico-sdk/src/rp2_common/hardware_ticks/ticks.c.o
LOAD CMakeFiles/pico_selector.dir/Users/yangwenhaomac/Library/Arduino15/packages/rp2040/hardware/rp2040/5.5.0/pico-sdk/src/rp2_common/pico_bootrom/bootrom.c.o
LOAD CMakeFiles/pico_selector.dir/Users/yangwenhaomac/Library/Arduino15/packages/rp2040/hardware/rp2040/5.5.0/pico-sdk/src/rp2_common/pico_bootrom/bootrom_lock.c.o
LOAD CMakeFiles/pico_selector.dir/Users/yangwenhaomac/Library/Arduino15/packages/rp2040/hardware/rp2040/5.5.0/pico-sdk/src/rp2_common/hardware_boot_lock/boot_lock.c.o
LOAD CMakeFiles/pico_selector.dir/Users/yangwenhaomac/Library/Arduino15/packages/rp2040/hardware/rp2040/5.5.0/pico-sdk/src/rp2_common/pico_flash/flash.c.o
LOAD CMakeFiles/pico_selector.dir/Users/yangwenhaomac/Library/Arduino15/packages/rp2040/hardware/rp2040/5.5.0/pico-sdk/src/rp2_common/hardware_xosc/xosc.c.o
LOAD CMakeFiles/pico_selector.dir/Users/yangwenhaomac/Library/Arduino15/packages/rp2040/hardware/rp2040/5.5.0/pico-sdk/src/rp2_common/hardware_divider/divider.c.o
LOAD CMakeFiles/pico_selector.dir/Users/yangwenhaomac/Library/Arduino15/packages/rp2040/hardware/rp2040/5.5.0/pico-sdk/src/rp2_common/pico_runtime/runtime.c.o
LOAD CMakeFiles/pico_selector.dir/Users/yangwenhaomac/Library/Arduino15/packages/rp2040/hardware/rp2040/5.5.0/pico-sdk/src/rp2_common/pico_runtime_init/runtime_init.c.o
LOAD CMakeFiles/pico_selector.dir/Users/yangwenhaomac/Library/Arduino15/packages/rp2040/hardware/rp2040/5.5.0/pico-sdk/src/rp2_common/pico_runtime_init/runtime_init_clocks.c.o
LOAD CMakeFiles/pico_selector.dir/Users/yangwenhaomac/Library/Arduino15/packages/rp2040/hardware/rp2040/5.5.0/pico-sdk/src/rp2_common/pico_runtime_init/runtime_init_stack_guard.c.o
LOAD CMakeFiles/pico_selector.dir/Users/yangwenhaomac/Library/Arduino15/packages/rp2040/hardware/rp2040/5.5.0/pico-sdk/src/rp2_common/pico_bit_ops/bit_ops_aeabi.S.o
LOAD CMakeFiles/pico_selector.dir/Users/yangwenhaomac/Library/Arduino15/packages/rp2040/hardware/rp2040/5.5.0/pico-sdk/src/rp2_common/pico_divider/divider_compiler.c.o
LOAD CMakeFiles/pico_selector.dir/Users/yangwenhaomac/Library/Arduino15/packages/rp2040/hardware/rp2040/5.5.0/pico-sdk/src/rp2_common/pico_double/double_math.c.o
LOAD CMakeFiles/pico_selector.dir/Users/yangwenhaomac/Library/Arduino15/packages/rp2040/hardware/rp2040/5.5.0/pico-sdk/src/rp2_common/pico_double/double_aeabi_dcp.S.o
LOAD CMakeFiles/pico_selector.dir/Users/yangwenhaomac/Library/Arduino15/packages/rp2040/hardware/rp2040/5.5.0/pico-sdk/src/rp2_common/pico_double/double_fma_dcp.S.o
LOAD CMakeFiles/pico_selector.dir/Users/yangwenhaomac/Library/Arduino15/packages/rp2040/hardware/rp2040/5.5.0/pico-sdk/src/rp2_common/pico_double/double_sci_m33.S.o
LOAD CMakeFiles/pico_selector.dir/Users/yangwenhaomac/Library/Arduino15/packages/rp2040/hardware/rp2040/5.5.0/pico-sdk/src/rp2_common/pico_double/double_conv_m33.S.o
LOAD CMakeFiles/pico_selector.dir/Users/yangwenhaomac/Library/Arduino15/packages/rp2040/hardware/rp2040/5.5.0/pico-sdk/src/rp2_common/pico_float/float_math.c.o
LOAD CMakeFiles/pico_selector.dir/Users/yangwenhaomac/Library/Arduino15/packages/rp2040/hardware/rp2040/5.5.0/pico-sdk/src/rp2_common/pico_float/float_conv32_vfp.S.o
LOAD CMakeFiles/pico_selector.dir/Users/yangwenhaomac/Library/Arduino15/packages/rp2040/hardware/rp2040/5.5.0/pico-sdk/src/rp2_common/pico_float/float_common_m33.S.o
LOAD CMakeFiles/pico_selector.dir/Users/yangwenhaomac/Library/Arduino15/packages/rp2040/hardware/rp2040/5.5.0/pico-sdk/src/rp2_common/pico_float/float_sci_m33_vfp.S.o
LOAD CMakeFiles/pico_selector.dir/Users/yangwenhaomac/Library/Arduino15/packages/rp2040/hardware/rp2040/5.5.0/pico-sdk/src/rp2_common/pico_malloc/malloc.c.o
LOAD CMakeFiles/pico_selector.dir/Users/yangwenhaomac/Library/Arduino15/packages/rp2040/hardware/rp2040/5.5.0/pico-sdk/src/rp2_common/pico_atomic/atomic.c.o
LOAD CMakeFiles/pico_selector.dir/Users/yangwenhaomac/Library/Arduino15/packages/rp2040/hardware/rp2040/5.5.0/pico-sdk/src/rp2_common/pico_cxx_options/new_delete.cpp.o
LOAD CMakeFiles/pico_selector.dir/Users/yangwenhaomac/Library/Arduino15/packages/rp2040/hardware/rp2040/5.5.0/pico-sdk/src/rp2_common/pico_standard_binary_info/standard_binary_info.c.o
LOAD CMakeFiles/pico_selector.dir/Users/yangwenhaomac/Library/Arduino15/packages/rp2040/hardware/rp2040/5.5.0/pico-sdk/src/rp2_common/pico_printf/printf.c.o
LOAD CMakeFiles/pico_selector.dir/Users/yangwenhaomac/Library/Arduino15/packages/rp2040/hardware/rp2040/5.5.0/pico-sdk/src/rp2_common/pico_crt0/crt0.S.o
LOAD CMakeFiles/pico_selector.dir/Users/yangwenhaomac/Library/Arduino15/packages/rp2040/hardware/rp2040/5.5.0/pico-sdk/src/rp2_common/pico_clib_interface/newlib_interface.c.o
LOAD CMakeFiles/pico_selector.dir/Users/yangwenhaomac/Library/Arduino15/packages/rp2040/hardware/rp2040/5.5.0/pico-sdk/src/rp2_common/pico_stdio/stdio.c.o
LOAD CMakeFiles/pico_selector.dir/Users/yangwenhaomac/Library/Arduino15/packages/rp2040/hardware/rp2040/5.5.0/pico-sdk/src/rp2_common/pico_multicore/multicore.c.o
LOAD CMakeFiles/pico_selector.dir/Users/yangwenhaomac/Library/Arduino15/packages/rp2040/hardware/rp2040/5.5.0/pico-sdk/src/rp2_common/hardware_adc/adc.c.o
LOAD CMakeFiles/pico_selector.dir/Users/yangwenhaomac/Library/Arduino15/packages/rp2040/hardware/rp2040/5.5.0/pico-sdk/src/rp2_common/hardware_flash/flash.c.o
LOAD CMakeFiles/pico_selector.dir/Users/yangwenhaomac/Library/Arduino15/packages/rp2040/hardware/rp2040/5.5.0/pico-sdk/src/rp2_common/hardware_xip_cache/xip_cache.c.o
LOAD CMakeFiles/pico_selector.dir/Users/yangwenhaomac/Library/Arduino15/packages/rp2040/hardware/rp2040/5.5.0/pico-sdk/src/rp2_common/hardware_pio/pio.c.o
LOAD pico-sdk/src/rp2350/boot_stage2/CMakeFiles/bs2_default_library.dir/./bs2_default_padded_checksummed.S.o
LOAD /Users/yangwenhaomac/Library/Arduino15/packages/rp2040/tools/pqt-gcc/4.1.0-1aec55e/bin/../lib/gcc/arm-none-eabi/14.3.0/../../../../arm-none-eabi/lib/thumb/libstdc++.a
LOAD /Users/yangwenhaomac/Library/Arduino15/packages/rp2040/tools/pqt-gcc/4.1.0-1aec55e/bin/../lib/gcc/arm-none-eabi/14.3.0/../../../../arm-none-eabi/lib/thumb/libm.a
START GROUP
LOAD /Users/yangwenhaomac/Library/Arduino15/packages/rp2040/tools/pqt-gcc/4.1.0-1aec55e/bin/../lib/gcc/arm-none-eabi/14.3.0/thumb/libgcc.a
LOAD /Users/yangwenhaomac/Library/Arduino15/packages/rp2040/tools/pqt-gcc/4.1.0-1aec55e/bin/../lib/gcc/arm-none-eabi/14.3.0/../../../../arm-none-eabi/lib/thumb/libg.a
LOAD /Users/yangwenhaomac/Library/Arduino15/packages/rp2040/tools/pqt-gcc/4.1.0-1aec55e/bin/../lib/gcc/arm-none-eabi/14.3.0/../../../../arm-none-eabi/lib/thumb/libc.a
END GROUP
START GROUP
LOAD /Users/yangwenhaomac/Library/Arduino15/packages/rp2040/tools/pqt-gcc/4.1.0-1aec55e/bin/../lib/gcc/arm-none-eabi/14.3.0/thumb/libgcc.a
LOAD /Users/yangwenhaomac/Library/Arduino15/packages/rp2040/tools/pqt-gcc/4.1.0-1aec55e/bin/../lib/gcc/arm-none-eabi/14.3.0/../../../../arm-none-eabi/lib/thumb/libc.a
LOAD /Users/yangwenhaomac/Library/Arduino15/packages/rp2040/tools/pqt-gcc/4.1.0-1aec55e/bin/../lib/gcc/arm-none-eabi/14.3.0/../../../../arm-none-eabi/lib/thumb/libnosys.a
END GROUP
LOAD /Users/yangwenhaomac/Library/Arduino15/packages/rp2040/tools/pqt-gcc/4.1.0-1aec55e/bin/../lib/gcc/arm-none-eabi/14.3.0/thumb/crtend.o
LOAD /Users/yangwenhaomac/Library/Arduino15/packages/rp2040/tools/pqt-gcc/4.1.0-1aec55e/bin/../lib/gcc/arm-none-eabi/14.3.0/thumb/crtn.o
OUTPUT(Pico_Firmware.elf elf32-littlearm)
LOAD linker stubs

.rel.dyn        0x100034c8        0x0
 .rel.iplt      0x100034c8        0x0 /Users/yangwenhaomac/Library/Arduino15/packages/rp2040/tools/pqt-gcc/4.1.0-1aec55e/bin/../lib/gcc/arm-none-eabi/14.3.0/thumb/crtbegin.o

.ARM.attributes
                0x00000000       0x34
 .ARM.attributes
                0x00000000       0x1e /Users/yangwenhaomac/Library/Arduino15/packages/rp2040/tools/pqt-gcc/4.1.0-1aec55e/bin/../lib/gcc/arm-none-eabi/14.3.0/thumb/crti.o
 .ARM.attributes
                0x0000001e       0x2c /Users/yangwenhaomac/Library/Arduino15/packages/rp2040/tools/pqt-gcc/4.1.0-1aec55e/bin/../lib/gcc/arm-none-eabi/14.3.0/thumb/crtbegin.o
 .ARM.attributes
                0x0000004a       0x38 CMakeFiles/pico_selector.dir/Users/yangwenhaomac/Desktop/Eurorack/2HP-Pico/Pico-Eurorack/Bootloader/boot_config.c.o
 .ARM.attributes
                0x00000082       0x38 CMakeFiles/pico_selector.dir/Users/yangwenhaomac/Desktop/Eurorack/2HP-Pico/Pico-Eurorack/Bootloader/Calibration/calibration.c.o
 .ARM.attributes
                0x000000ba       0x38 CMakeFiles/pico_selector.dir/selector.c.o
 .ARM.attributes
                0x000000f2       0x38 CMakeFiles/pico_selector.dir/Users/yangwenhaomac/Library/Arduino15/packages/rp2040/hardware/rp2040/5.5.0/pico-sdk/src/rp2_common/hardware_gpio/gpio.c.o
 .ARM.attributes
                0x0000012a       0x38 CMakeFiles/pico_selector.dir/Users/yangwenhaomac/Library/Arduino15/packages/rp2040/hardware/rp2040/5.5.0/pico-sdk/src/rp2_common/pico_platform_panic/panic.c.o
 .ARM.attributes
                0x00000162       0x38 CMakeFiles/pico_selector.dir/Users/yangwenhaomac/Library/Arduino15/packages/rp2040/hardware/rp2040/5.5.0/pico-sdk/src/common/hardware_claim/claim.c.o
 .ARM.attributes
                0x0000019a       0x38 CMakeFiles/pico_selector.dir/Users/yangwenhaomac/Library/Arduino15/packages/rp2040/hardware/rp2040/5.5.0/pico-sdk/src/rp2_common/hardware_sync/sync.c.o
 .ARM.attributes
                0x000001d2       0x38 CMakeFiles/pico_selector.dir/Users/yangwenhaomac/Library/Arduino15/packages/rp2040/hardware/rp2040/5.5.0/pico-sdk/src/rp2_common/hardware_sync_spin_lock/sync_spin_lock.c.o
 .ARM.attributes
                0x0000020a       0x38 CMakeFiles/pico_selector.dir/Users/yangwenhaomac/Library/Arduino15/packages/rp2040/hardware/rp2040/5.5.0/pico-sdk/src/rp2_common/hardware_irq/irq.c.o
 .ARM.attributes
                0x00000242       0x38 CMakeFiles/pico_selector.dir/Users/yangwenhaomac/Library/Arduino15/packages/rp2040/hardware/rp2040/5.5.0/pico-sdk/src/common/pico_sync/lock_core.c.o
 .ARM.attributes
                0x0000027a       0x38 CMakeFiles/pico_selector.dir/Users/yangwenhaomac/Library/Arduino15/packages/rp2040/hardware/rp2040/5.5.0/pico-sdk/src/common/pico_sync/mutex.c.o
 .ARM.attributes
                0x000002b2       0x38 CMakeFiles/pico_selector.dir/Users/yangwenhaomac/Library/Arduino15/packages/rp2040/hardware/rp2040/5.5.0/pico-sdk/src/common/pico_time/time.c.o
 .ARM.attributes
                0x000002ea       0x38 CMakeFiles/pico_selector.dir/Users/yangwenhaomac/Library/Arduino15/packages/rp2040/hardware/rp2040/5.5.0/pico-sdk/src/rp2_common/hardware_timer/timer.c.o
 .ARM.attributes
                0x00000322       0x38 CMakeFiles/pico_selector.dir/Users/yangwenhaomac/Library/Arduino15/packages/rp2040/hardware/rp2040/5.5.0/pico-sdk/src/rp2_common/hardware_clocks/clocks.c.o
 .ARM.attributes
                0x0000035a       0x38 CMakeFiles/pico_selector.dir/Users/yangwenhaomac/Library/Arduino15/packages/rp2040/hardware/rp2040/5.5.0/pico-sdk/src/rp2_common/hardware_pll/pll.c.o
 .ARM.attributes
                0x00000392       0x38 CMakeFiles/pico_selector.dir/Users/yangwenhaomac/Library/Arduino15/packages/rp2040/hardware/rp2040/5.5.0/pico-sdk/src/rp2_common/hardware_watchdog/watchdog.c.o
 .ARM.attributes
                0x000003ca       0x38 CMakeFiles/pico_selector.dir/Users/yangwenhaomac/Library/Arduino15/packages/rp2040/hardware/rp2040/5.5.0/pico-sdk/src/rp2_common/hardware_ticks/ticks.c.o
 .ARM.attributes
                0x00000402       0x38 CMakeFiles/pico_selector.dir/Users/yangwenhaomac/Library/Arduino15/packages/rp2040/hardware/rp2040/5.5.0/pico-sdk/src/rp2_common/pico_bootrom/bootrom.c.o
 .ARM.attributes
                0x0000043a       0x38 CMakeFiles/pico_selector.dir/Users/yangwenhaomac/Library/Arduino15/packages/rp2040/hardware/rp2040/5.5.0/pico-sdk/src/rp2_common/pico_bootrom/bootrom_lock.c.o
 .ARM.attributes
                0x00000472       0x38 CMakeFiles/pico_selector.dir/Users/yangwenhaomac/Library/Arduino15/packages/rp2040/hardware/rp2040/5.5.0/pico-sdk/src/rp2_common/hardware_boot_lock/boot_lock.c.o
 .ARM.attributes
                0x000004aa       0x38 CMakeFiles/pico_selector.dir/Users/yangwenhaomac/Library/Arduino15/packages/rp2040/hardware/rp2040/5.5.0/pico-sdk/src/rp2_common/hardware_xosc/xosc.c.o
 .ARM.attributes
                0x000004e2       0x38 CMakeFiles/pico_selector.dir/Users/yangwenhaomac/Library/Arduino15/packages/rp2040/hardware/rp2040/5.5.0/pico-sdk/src/rp2_common/pico_runtime/runtime.c.o
 .ARM.attributes
                0x0000051a       0x38 CMakeFiles/pico_selector.dir/Users/yangwenhaomac/Library/Arduino15/packages/rp2040/hardware/rp2040/5.5.0/pico-sdk/src/rp2_common/pico_runtime_init/runtime_init.c.o
 .ARM.attributes
                0x00000552       0x38 CMakeFiles/pico_selector.dir/Users/yangwenhaomac/Library/Arduino15/packages/rp2040/hardware/rp2040/5.5.0/pico-sdk/src/rp2_common/pico_runtime_init/runtime_init_clocks.c.o
 .ARM.attributes
                0x0000058a       0x38 CMakeFiles/pico_selector.dir/Users/yangwenhaomac/Library/Arduino15/packages/rp2040/hardware/rp2040/5.5.0/pico-sdk/src/rp2_common/pico_malloc/malloc.c.o
 .ARM.attributes
                0x000005c2       0x38 CMakeFiles/pico_selector.dir/Users/yangwenhaomac/Library/Arduino15/packages/rp2040/hardware/rp2040/5.5.0/pico-sdk/src/rp2_common/pico_standard_binary_info/standard_binary_info.c.o
 .ARM.attributes
                0x000005fa       0x38 CMakeFiles/pico_selector.dir/Users/yangwenhaomac/Library/Arduino15/packages/rp2040/hardware/rp2040/5.5.0/pico-sdk/src/rp2_common/pico_printf/printf.c.o
 .ARM.attributes
                0x00000632       0x28 CMakeFiles/pico_selector.dir/Users/yangwenhaomac/Library/Arduino15/packages/rp2040/hardware/rp2040/5.5.0/pico-sdk/src/rp2_common/pico_crt0/crt0.S.o
 .ARM.attributes
                0x0000065a       0x38 CMakeFiles/pico_selector.dir/Users/yangwenhaomac/Library/Arduino15/packages/rp2040/hardware/rp2040/5.5.0/pico-sdk/src/rp2_common/pico_clib_interface/newlib_interface.c.o
 .ARM.attributes
                0x00000692       0x38 CMakeFiles/pico_selector.dir/Users/yangwenhaomac/Library/Arduino15/packages/rp2040/hardware/rp2040/5.5.0/pico-sdk/src/rp2_common/pico_stdio/stdio.c.o
 .ARM.attributes
                0x000006ca       0x38 CMakeFiles/pico_selector.dir/Users/yangwenhaomac/Library/Arduino15/packages/rp2040/hardware/rp2040/5.5.0/pico-sdk/src/rp2_common/pico_multicore/multicore.c.o
 .ARM.attributes
                0x00000702       0x38 CMakeFiles/pico_selector.dir/Users/yangwenhaomac/Library/Arduino15/packages/rp2040/hardware/rp2040/5.5.0/pico-sdk/src/rp2_common/hardware_adc/adc.c.o
 .ARM.attributes
                0x0000073a       0x38 CMakeFiles/pico_selector.dir/Users/yangwenhaomac/Library/Arduino15/packages/rp2040/hardware/rp2040/5.5.0/pico-sdk/src/rp2_common/hardware_flash/flash.c.o
 .ARM.attributes
                0x00000772       0x38 CMakeFiles/pico_selector.dir/Users/yangwenhaomac/Library/Arduino15/packages/rp2040/hardware/rp2040/5.5.0/pico-sdk/src/rp2_common/hardware_xip_cache/xip_cache.c.o
 .ARM.attributes
                0x000007aa       0x38 CMakeFiles/pico_selector.dir/Users/yangwenhaomac/Library/Arduino15/packages/rp2040/hardware/rp2040/5.5.0/pico-sdk/src/rp2_common/hardware_pio/pio.c.o
 .ARM.attributes
                0x000007e2       0x2c /Users/yangwenhaomac/Library/Arduino15/packages/rp2040/tools/pqt-gcc/4.1.0-1aec55e/bin/../lib/gcc/arm-none-eabi/14.3.0/../../../../arm-none-eabi/lib/thumb/libg.a(libc_a-memset.o)
 .ARM.attributes
                0x0000080e       0x2c /Users/yangwenhaomac/Library/Arduino15/packages/rp2040/tools/pqt-gcc/4.1.0-1aec55e/bin/../lib/gcc/arm-none-eabi/14.3.0/../../../../arm-none-eabi/lib/thumb/libg.a(libc_a-strlen-stub.o)
 .ARM.attributes
                0x0000083a       0x2c /Users/yangwenhaomac/Library/Arduino15/packages/rp2040/tools/pqt-gcc/4.1.0-1aec55e/bin/../lib/gcc/arm-none-eabi/14.3.0/../../../../arm-none-eabi/lib/thumb/libg.a(libc_a-memcpy-stub.o)
 .ARM.attributes
                0x00000866       0x2c /Users/yangwenhaomac/Library/Arduino15/packages/rp2040/tools/pqt-gcc/4.1.0-1aec55e/bin/../lib/gcc/arm-none-eabi/14.3.0/thumb/crtend.o

.comment        0x00000000       0x12
 .comment       0x00000000       0x12 /Users/yangwenhaomac/Library/Arduino15/packages/rp2040/tools/pqt-gcc/4.1.0-1aec55e/bin/../lib/gcc/arm-none-eabi/14.3.0/thumb/crtbegin.o
                                 0x13 (size before relaxing)
 .comment       0x00000012       0x13 CMakeFiles/pico_selector.dir/Users/yangwenhaomac/Desktop/Eurorack/2HP-Pico/Pico-Eurorack/Bootloader/boot_config.c.o
 .comment       0x00000012       0x13 CMakeFiles/pico_selector.dir/Users/yangwenhaomac/Desktop/Eurorack/2HP-Pico/Pico-Eurorack/Bootloader/Calibration/calibration.c.o
 .comment       0x00000012       0x13 CMakeFiles/pico_selector.dir/selector.c.o
 .comment       0x00000012       0x13 CMakeFiles/pico_selector.dir/Users/yangwenhaomac/Library/Arduino15/packages/rp2040/hardware/rp2040/5.5.0/pico-sdk/src/rp2_common/hardware_gpio/gpio.c.o
 .comment       0x00000012       0x13 CMakeFiles/pico_selector.dir/Users/yangwenhaomac/Library/Arduino15/packages/rp2040/hardware/rp2040/5.5.0/pico-sdk/src/rp2_common/pico_platform_panic/panic.c.o
 .comment       0x00000012       0x13 CMakeFiles/pico_selector.dir/Users/yangwenhaomac/Library/Arduino15/packages/rp2040/hardware/rp2040/5.5.0/pico-sdk/src/common/hardware_claim/claim.c.o
 .comment       0x00000012       0x13 CMakeFiles/pico_selector.dir/Users/yangwenhaomac/Library/Arduino15/packages/rp2040/hardware/rp2040/5.5.0/pico-sdk/src/rp2_common/hardware_sync/sync.c.o
 .comment       0x00000012       0x13 CMakeFiles/pico_selector.dir/Users/yangwenhaomac/Library/Arduino15/packages/rp2040/hardware/rp2040/5.5.0/pico-sdk/src/rp2_common/hardware_sync_spin_lock/sync_spin_lock.c.o
 .comment       0x00000012       0x13 CMakeFiles/pico_selector.dir/Users/yangwenhaomac/Library/Arduino15/packages/rp2040/hardware/rp2040/5.5.0/pico-sdk/src/rp2_common/hardware_irq/irq.c.o
 .comment       0x00000012       0x13 CMakeFiles/pico_selector.dir/Users/yangwenhaomac/Library/Arduino15/packages/rp2040/hardware/rp2040/5.5.0/pico-sdk/src/common/pico_sync/lock_core.c.o
 .comment       0x00000012       0x13 CMakeFiles/pico_selector.dir/Users/yangwenhaomac/Library/Arduino15/packages/rp2040/hardware/rp2040/5.5.0/pico-sdk/src/common/pico_sync/mutex.c.o
 .comment       0x00000012       0x13 CMakeFiles/pico_selector.dir/Users/yangwenhaomac/Library/Arduino15/packages/rp2040/hardware/rp2040/5.5.0/pico-sdk/src/common/pico_time/time.c.o
 .comment       0x00000012       0x13 CMakeFiles/pico_selector.dir/Users/yangwenhaomac/Library/Arduino15/packages/rp2040/hardware/rp2040/5.5.0/pico-sdk/src/rp2_common/hardware_timer/timer.c.o
 .comment       0x00000012       0x13 CMakeFiles/pico_selector.dir/Users/yangwenhaomac/Library/Arduino15/packages/rp2040/hardware/rp2040/5.5.0/pico-sdk/src/rp2_common/hardware_clocks/clocks.c.o
 .comment       0x00000012       0x13 CMakeFiles/pico_selector.dir/Users/yangwenhaomac/Library/Arduino15/packages/rp2040/hardware/rp2040/5.5.0/pico-sdk/src/rp2_common/hardware_pll/pll.c.o
 .comment       0x00000012       0x13 CMakeFiles/pico_selector.dir/Users/yangwenhaomac/Library/Arduino15/packages/rp2040/hardware/rp2040/5.5.0/pico-sdk/src/rp2_common/hardware_watchdog/watchdog.c.o
 .comment       0x00000012       0x13 CMakeFiles/pico_selector.dir/Users/yangwenhaomac/Library/Arduino15/packages/rp2040/hardware/rp2040/5.5.0/pico-sdk/src/rp2_common/hardware_ticks/ticks.c.o
 .comment       0x00000012       0x13 CMakeFiles/pico_selector.dir/Users/yangwenhaomac/Library/Arduino15/packages/rp2040/hardware/rp2040/5.5.0/pico-sdk/src/rp2_common/pico_bootrom/bootrom.c.o
 .comment       0x00000012       0x13 CMakeFiles/pico_selector.dir/Users/yangwenhaomac/Library/Arduino15/packages/rp2040/hardware/rp2040/5.5.0/pico-sdk/src/rp2_common/pico_bootrom/bootrom_lock.c.o
 .comment       0x00000012       0x13 CMakeFiles/pico_selector.dir/Users/yangwenhaomac/Library/Arduino15/packages/rp2040/hardware/rp2040/5.5.0/pico-sdk/src/rp2_common/hardware_boot_lock/boot_lock.c.o
 .comment       0x00000012       0x13 CMakeFiles/pico_selector.dir/Users/yangwenhaomac/Library/Arduino15/packages/rp2040/hardware/rp2040/5.5.0/pico-sdk/src/rp2_common/hardware_xosc/xosc.c.o
 .comment       0x00000012       0x13 CMakeFiles/pico_selector.dir/Users/yangwenhaomac/Library/Arduino15/packages/rp2040/hardware/rp2040/5.5.0/pico-sdk/src/rp2_common/pico_runtime/runtime.c.o
 .comment       0x00000012       0x13 CMakeFiles/pico_selector.dir/Users/yangwenhaomac/Library/Arduino15/packages/rp2040/hardware/rp2040/5.5.0/pico-sdk/src/rp2_common/pico_runtime_init/runtime_init.c.o
 .comment       0x00000012       0x13 CMakeFiles/pico_selector.dir/Users/yangwenhaomac/Library/Arduino15/packages/rp2040/hardware/rp2040/5.5.0/pico-sdk/src/rp2_common/pico_runtime_init/runtime_init_clocks.c.o
 .comment       0x00000012       0x13 CMakeFiles/pico_selector.dir/Users/yangwenhaomac/Library/Arduino15/packages/rp2040/hardware/rp2040/5.5.0/pico-sdk/src/rp2_common/pico_malloc/malloc.c.o
 .comment       0x00000012       0x13 CMakeFiles/pico_selector.dir/Users/yangwenhaomac/Library/Arduino15/packages/rp2040/hardware/rp2040/5.5.0/pico-sdk/src/rp2_common/pico_standard_binary_info/standard_binary_info.c.o
 .comment       0x00000012       0x13 CMakeFiles/pico_selector.dir/Users/yangwenhaomac/Library/Arduino15/packages/rp2040/hardware/rp2040/5.5.0/pico-sdk/src/rp2_common/pico_printf/printf.c.o
 .comment       0x00000012       0x13 CMakeFiles/pico_selector.dir/Users/yangwenhaomac/Library/Arduino15/packages/rp2040/hardware/rp2040/5.5.0/pico-sdk/src/rp2_common/pico_clib_interface/newlib_interface.c.o
 .comment       0x00000012       0x13 CMakeFiles/pico_selector.dir/Users/yangwenhaomac/Library/Arduino15/packages/rp2040/hardware/rp2040/5.5.0/pico-sdk/src/rp2_common/pico_stdio/stdio.c.o
 .comment       0x00000012       0x13 CMakeFiles/pico_selector.dir/Users/yangwenhaomac/Library/Arduino15/packages/rp2040/hardware/rp2040/5.5.0/pico-sdk/src/rp2_common/pico_multicore/multicore.c.o
 .comment       0x00000012       0x13 CMakeFiles/pico_selector.dir/Users/yangwenhaomac/Library/Arduino15/packages/rp2040/hardware/rp2040/5.5.0/pico-sdk/src/rp2_common/hardware_adc/adc.c.o
 .comment       0x00000012       0x13 CMakeFiles/pico_selector.dir/Users/yangwenhaomac/Library/Arduino15/packages/rp2040/hardware/rp2040/5.5.0/pico-sdk/src/rp2_common/hardware_flash/flash.c.o
 .comment       0x00000012       0x13 CMakeFiles/pico_selector.dir/Users/yangwenhaomac/Library/Arduino15/packages/rp2040/hardware/rp2040/5.5.0/pico-sdk/src/rp2_common/hardware_xip_cache/xip_cache.c.o
 .comment       0x00000012       0x13 CMakeFiles/pico_selector.dir/Users/yangwenhaomac/Library/Arduino15/packages/rp2040/hardware/rp2040/5.5.0/pico-sdk/src/rp2_common/hardware_pio/pio.c.o
 .comment       0x00000012       0x13 /Users/yangwenhaomac/Library/Arduino15/packages/rp2040/tools/pqt-gcc/4.1.0-1aec55e/bin/../lib/gcc/arm-none-eabi/14.3.0/../../../../arm-none-eabi/lib/thumb/libg.a(libc_a-memset.o)
 .comment       0x00000012       0x13 /Users/yangwenhaomac/Library/Arduino15/packages/rp2040/tools/pqt-gcc/4.1.0-1aec55e/bin/../lib/gcc/arm-none-eabi/14.3.0/../../../../arm-none-eabi/lib/thumb/libg.a(libc_a-strlen-stub.o)
 .comment       0x00000012       0x13 /Users/yangwenhaomac/Library/Arduino15/packages/rp2040/tools/pqt-gcc/4.1.0-1aec55e/bin/../lib/gcc/arm-none-eabi/14.3.0/../../../../arm-none-eabi/lib/thumb/libg.a(libc_a-memcpy-stub.o)
 .comment       0x00000012       0x13 /Users/yangwenhaomac/Library/Arduino15/packages/rp2040/tools/pqt-gcc/4.1.0-1aec55e/bin/../lib/gcc/arm-none-eabi/14.3.0/thumb/crtend.o

.debug_info     0x00000000    0x2cf20
 .debug_info    0x00000000      0xbdf CMakeFiles/pico_selector.dir/Users/yangwenhaomac/Desktop/Eurorack/2HP-Pico/Pico-Eurorack/Bootloader/boot_config.c.o
 .debug_info    0x00000bdf     0x304e CMakeFiles/pico_selector.dir/Users/yangwenhaomac/Desktop/Eurorack/2HP-Pico/Pico-Eurorack/Bootloader/Calibration/calibration.c.o
 .debug_info    0x00003c2d     0x2d57 CMakeFiles/pico_selector.dir/selector.c.o
 .debug_info    0x00006984     0x24ac CMakeFiles/pico_selector.dir/Users/yangwenhaomac/Library/Arduino15/packages/rp2040/hardware/rp2040/5.5.0/pico-sdk/src/rp2_common/hardware_gpio/gpio.c.o
 .debug_info    0x00008e30      0x1be CMakeFiles/pico_selector.dir/Users/yangwenhaomac/Library/Arduino15/packages/rp2040/hardware/rp2040/5.5.0/pico-sdk/src/rp2_common/pico_platform_panic/panic.c.o
 .debug_info    0x00008fee      0xb78 CMakeFiles/pico_selector.dir/Users/yangwenhaomac/Library/Arduino15/packages/rp2040/hardware/rp2040/5.5.0/pico-sdk/src/common/hardware_claim/claim.c.o
 .debug_info    0x00009b66      0x46f CMakeFiles/pico_selector.dir/Users/yangwenhaomac/Library/Arduino15/packages/rp2040/hardware/rp2040/5.5.0/pico-sdk/src/rp2_common/hardware_sync/sync.c.o
 .debug_info    0x00009fd5     0x145e CMakeFiles/pico_selector.dir/Users/yangwenhaomac/Library/Arduino15/packages/rp2040/hardware/rp2040/5.5.0/pico-sdk/src/rp2_common/hardware_sync_spin_lock/sync_spin_lock.c.o
 .debug_info    0x0000b433     0x262d CMakeFiles/pico_selector.dir/Users/yangwenhaomac/Library/Arduino15/packages/rp2040/hardware/rp2040/5.5.0/pico-sdk/src/rp2_common/hardware_irq/irq.c.o
 .debug_info    0x0000da60      0x187 CMakeFiles/pico_selector.dir/Users/yangwenhaomac/Library/Arduino15/packages/rp2040/hardware/rp2040/5.5.0/pico-sdk/src/common/pico_sync/lock_core.c.o
 .debug_info    0x0000dbe7     0x1e7c CMakeFiles/pico_selector.dir/Users/yangwenhaomac/Library/Arduino15/packages/rp2040/hardware/rp2040/5.5.0/pico-sdk/src/common/pico_sync/mutex.c.o
 .debug_info    0x0000fa63     0x549a CMakeFiles/pico_selector.dir/Users/yangwenhaomac/Library/Arduino15/packages/rp2040/hardware/rp2040/5.5.0/pico-sdk/src/common/pico_time/time.c.o
 .debug_info    0x00014efd     0x30c6 CMakeFiles/pico_selector.dir/Users/yangwenhaomac/Library/Arduino15/packages/rp2040/hardware/rp2040/5.5.0/pico-sdk/src/rp2_common/hardware_timer/timer.c.o
 .debug_info    0x00017fc3     0x28c2 CMakeFiles/pico_selector.dir/Users/yangwenhaomac/Library/Arduino15/packages/rp2040/hardware/rp2040/5.5.0/pico-sdk/src/rp2_common/hardware_clocks/clocks.c.o
 .debug_info    0x0001a885      0x507 CMakeFiles/pico_selector.dir/Users/yangwenhaomac/Library/Arduino15/packages/rp2040/hardware/rp2040/5.5.0/pico-sdk/src/rp2_common/hardware_pll/pll.c.o
 .debug_info    0x0001ad8c      0xbb9 CMakeFiles/pico_selector.dir/Users/yangwenhaomac/Library/Arduino15/packages/rp2040/hardware/rp2040/5.5.0/pico-sdk/src/rp2_common/hardware_watchdog/watchdog.c.o
 .debug_info    0x0001b945      0x26c CMakeFiles/pico_selector.dir/Users/yangwenhaomac/Library/Arduino15/packages/rp2040/hardware/rp2040/5.5.0/pico-sdk/src/rp2_common/hardware_ticks/ticks.c.o
 .debug_info    0x0001bbb1     0x10ab CMakeFiles/pico_selector.dir/Users/yangwenhaomac/Library/Arduino15/packages/rp2040/hardware/rp2040/5.5.0/pico-sdk/src/rp2_common/pico_bootrom/bootrom.c.o
 .debug_info    0x0001cc5c      0x1c4 CMakeFiles/pico_selector.dir/Users/yangwenhaomac/Library/Arduino15/packages/rp2040/hardware/rp2040/5.5.0/pico-sdk/src/rp2_common/pico_bootrom/bootrom_lock.c.o
 .debug_info    0x0001ce20      0x316 CMakeFiles/pico_selector.dir/Users/yangwenhaomac/Library/Arduino15/packages/rp2040/hardware/rp2040/5.5.0/pico-sdk/src/rp2_common/hardware_boot_lock/boot_lock.c.o
 .debug_info    0x0001d136      0x1b1 CMakeFiles/pico_selector.dir/Users/yangwenhaomac/Library/Arduino15/packages/rp2040/hardware/rp2040/5.5.0/pico-sdk/src/rp2_common/hardware_xosc/xosc.c.o
 .debug_info    0x0001d2e7      0x21a CMakeFiles/pico_selector.dir/Users/yangwenhaomac/Library/Arduino15/packages/rp2040/hardware/rp2040/5.5.0/pico-sdk/src/rp2_common/pico_runtime/runtime.c.o
 .debug_info    0x0001d501     0x1c34 CMakeFiles/pico_selector.dir/Users/yangwenhaomac/Library/Arduino15/packages/rp2040/hardware/rp2040/5.5.0/pico-sdk/src/rp2_common/pico_runtime_init/runtime_init.c.o
 .debug_info    0x0001f135      0x7c9 CMakeFiles/pico_selector.dir/Users/yangwenhaomac/Library/Arduino15/packages/rp2040/hardware/rp2040/5.5.0/pico-sdk/src/rp2_common/pico_runtime_init/runtime_init_clocks.c.o
 .debug_info    0x0001f8fe      0x6c1 CMakeFiles/pico_selector.dir/Users/yangwenhaomac/Library/Arduino15/packages/rp2040/hardware/rp2040/5.5.0/pico-sdk/src/rp2_common/pico_malloc/malloc.c.o
 .debug_info    0x0001ffbf      0x2b8 CMakeFiles/pico_selector.dir/Users/yangwenhaomac/Library/Arduino15/packages/rp2040/hardware/rp2040/5.5.0/pico-sdk/src/rp2_common/pico_standard_binary_info/standard_binary_info.c.o
 .debug_info    0x00020277     0x23a7 CMakeFiles/pico_selector.dir/Users/yangwenhaomac/Library/Arduino15/packages/rp2040/hardware/rp2040/5.5.0/pico-sdk/src/rp2_common/pico_printf/printf.c.o
 .debug_info    0x0002261e       0x23 CMakeFiles/pico_selector.dir/Users/yangwenhaomac/Library/Arduino15/packages/rp2040/hardware/rp2040/5.5.0/pico-sdk/src/rp2_common/pico_crt0/crt0.S.o
 .debug_info    0x00022641      0xc25 CMakeFiles/pico_selector.dir/Users/yangwenhaomac/Library/Arduino15/packages/rp2040/hardware/rp2040/5.5.0/pico-sdk/src/rp2_common/pico_clib_interface/newlib_interface.c.o
 .debug_info    0x00023266     0x1c6c CMakeFiles/pico_selector.dir/Users/yangwenhaomac/Library/Arduino15/packages/rp2040/hardware/rp2040/5.5.0/pico-sdk/src/rp2_common/pico_stdio/stdio.c.o
 .debug_info    0x00024ed2     0x286d CMakeFiles/pico_selector.dir/Users/yangwenhaomac/Library/Arduino15/packages/rp2040/hardware/rp2040/5.5.0/pico-sdk/src/rp2_common/pico_multicore/multicore.c.o
 .debug_info    0x0002773f      0x410 CMakeFiles/pico_selector.dir/Users/yangwenhaomac/Library/Arduino15/packages/rp2040/hardware/rp2040/5.5.0/pico-sdk/src/rp2_common/hardware_adc/adc.c.o
 .debug_info    0x00027b4f     0x1712 CMakeFiles/pico_selector.dir/Users/yangwenhaomac/Library/Arduino15/packages/rp2040/hardware/rp2040/5.5.0/pico-sdk/src/rp2_common/hardware_flash/flash.c.o
 .debug_info    0x00029261      0x360 CMakeFiles/pico_selector.dir/Users/yangwenhaomac/Library/Arduino15/packages/rp2040/hardware/rp2040/5.5.0/pico-sdk/src/rp2_common/hardware_xip_cache/xip_cache.c.o
 .debug_info    0x000295c1     0x35ed CMakeFiles/pico_selector.dir/Users/yangwenhaomac/Library/Arduino15/packages/rp2040/hardware/rp2040/5.5.0/pico-sdk/src/rp2_common/hardware_pio/pio.c.o
 .debug_info    0x0002cbae      0x135 /Users/yangwenhaomac/Library/Arduino15/packages/rp2040/tools/pqt-gcc/4.1.0-1aec55e/bin/../lib/gcc/arm-none-eabi/14.3.0/../../../../arm-none-eabi/lib/thumb/libg.a(libc_a-memset.o)
 .debug_info    0x0002cce3       0xeb /Users/yangwenhaomac/Library/Arduino15/packages/rp2040/tools/pqt-gcc/4.1.0-1aec55e/bin/../lib/gcc/arm-none-eabi/14.3.0/../../../../arm-none-eabi/lib/thumb/libg.a(libc_a-strlen-stub.o)
 .debug_info    0x0002cdce      0x152 /Users/yangwenhaomac/Library/Arduino15/packages/rp2040/tools/pqt-gcc/4.1.0-1aec55e/bin/../lib/gcc/arm-none-eabi/14.3.0/../../../../arm-none-eabi/lib/thumb/libg.a(libc_a-memcpy-stub.o)

.debug_abbrev   0x00000000     0x7545
 .debug_abbrev  0x00000000      0x324 CMakeFiles/pico_selector.dir/Users/yangwenhaomac/Desktop/Eurorack/2HP-Pico/Pico-Eurorack/Bootloader/boot_config.c.o
 .debug_abbrev  0x00000324      0x494 CMakeFiles/pico_selector.dir/Users/yangwenhaomac/Desktop/Eurorack/2HP-Pico/Pico-Eurorack/Bootloader/Calibration/calibration.c.o
 .debug_abbrev  0x000007b8      0x590 CMakeFiles/pico_selector.dir/selector.c.o
 .debug_abbrev  0x00000d48      0x558 CMakeFiles/pico_selector.dir/Users/yangwenhaomac/Library/Arduino15/packages/rp2040/hardware/rp2040/5.5.0/pico-sdk/src/rp2_common/hardware_gpio/gpio.c.o
 .debug_abbrev  0x000012a0      0x12b CMakeFiles/pico_selector.dir/Users/yangwenhaomac/Library/Arduino15/packages/rp2040/hardware/rp2040/5.5.0/pico-sdk/src/rp2_common/pico_platform_panic/panic.c.o
 .debug_abbrev  0x000013cb      0x35e CMakeFiles/pico_selector.dir/Users/yangwenhaomac/Library/Arduino15/packages/rp2040/hardware/rp2040/5.5.0/pico-sdk/src/common/hardware_claim/claim.c.o
 .debug_abbrev  0x00001729      0x22f CMakeFiles/pico_selector.dir/Users/yangwenhaomac/Library/Arduino15/packages/rp2040/hardware/rp2040/5.5.0/pico-sdk/src/rp2_common/hardware_sync/sync.c.o
 .debug_abbrev  0x00001958      0x26e CMakeFiles/pico_selector.dir/Users/yangwenhaomac/Library/Arduino15/packages/rp2040/hardware/rp2040/5.5.0/pico-sdk/src/rp2_common/hardware_sync_spin_lock/sync_spin_lock.c.o
 .debug_abbrev  0x00001bc6      0x63b CMakeFiles/pico_selector.dir/Users/yangwenhaomac/Library/Arduino15/packages/rp2040/hardware/rp2040/5.5.0/pico-sdk/src/rp2_common/hardware_irq/irq.c.o
 .debug_abbrev  0x00002201      0x11e CMakeFiles/pico_selector.dir/Users/yangwenhaomac/Library/Arduino15/packages/rp2040/hardware/rp2040/5.5.0/pico-sdk/src/common/pico_sync/lock_core.c.o
 .debug_abbrev  0x0000231f      0x49b CMakeFiles/pico_selector.dir/Users/yangwenhaomac/Library/Arduino15/packages/rp2040/hardware/rp2040/5.5.0/pico-sdk/src/common/pico_sync/mutex.c.o
 .debug_abbrev  0x000027ba      0x644 CMakeFiles/pico_selector.dir/Users/yangwenhaomac/Library/Arduino15/packages/rp2040/hardware/rp2040/5.5.0/pico-sdk/src/common/pico_time/time.c.o