Archive member included to satisfy reference by file (symbol)

/Users/yangwenhaomac/Library/Arduino15/packages/rp2040/tools/pqt-gcc/4.1.0-1aec55e/bin/../lib/gcc/arm-none-eabi/14.3.0/../../../../arm-none-eabi/lib/thumb/libstdc++.a(guard.o)
                              CMakeFiles/audio_bootloader.dir/src/main.cpp.o (__cxa_guard_acquire)
/Users/yangwenhaomac/Library/Arduino15/packages/rp2040/tools/pqt-gcc/4.1.0-1aec55e/bin/../lib/gcc/arm-none-eabi/14.3.0/../../../../arm-none-eabi/lib/thumb/libm.a(libm_a-wf_sqrt.o)
                              CMakeFiles/audio_bootloader.dir/Users/yangwenhaomac/Library/Arduino15/packages/rp2040/hardware/rp2040/5.5.0/pico-sdk/src/rp2_common/pico_float/float_math.c.o (sqrtf)
/Users/yangwenhaomac/Library/Arduino15/packages/rp2040/tools/pqt-gcc/4.1.0-1aec55e/bin/../lib/gcc/arm-none-eabi/14.3.0/../../../../arm-none-eabi/lib/thumb/libm.a(libm_a-ef_sqrt.o)
                              /Users/yangwenhaomac/Library/Arduino15/packages/rp2040/tools/pqt-gcc/4.1.0-1aec55e/bin/../lib/gcc/arm-none-eabi/14.3.0/../../../../arm-none-eabi/lib/thumb/libm.a(libm_a-wf_sqrt.o) (__ieee754_sqrtf)
/Users/yangwenhaomac/Library/Arduino15/packages/rp2040/tools/pqt-gcc/4.1.0-1aec55e/bin/../lib/gcc/arm-none-eabi/14.3.0/thumb/libgcc.a(_arm_cmpsf2.o)
                              /Users/yangwenhaomac/Library/Arduino15/packages/rp2040/tools/pqt-gcc/4.1.0-1aec55e/bin/../lib/gcc/arm-none-eabi/14.3.0/../../../../arm-none-eabi/lib/thumb/libm.a(libm_a-wf_sqrt.o) (__aeabi_fcmplt)
/Users/yangwenhaomac/Library/Arduino15/packages/rp2040/tools/pqt-gcc/4.1.0-1aec55e/bin/../lib/gcc/arm-none-eabi/14.3.0/thumb/libgcc.a(_aeabi_ldivmod.o)
                              CMakeFiles/audio_bootloader.dir/Users/yangwenhaomac/Library/Arduino15/packages/rp2040/hardware/rp2040/5.5.0/pico-sdk/src/common/pico_time/time.c.o (__aeabi_ldivmod)
/Users/yangwenhaomac/Library/Arduino15/packages/rp2040/tools/pqt-gcc/4.1.0-1aec55e/bin/../lib/gcc/arm-none-eabi/14.3.0/thumb/libgcc.a(_aeabi_uldivmod.o)
                              CMakeFiles/audio_bootloader.dir/src/main.cpp.o (__aeabi_uldivmod)
/Users/yangwenhaomac/Library/Arduino15/packages/rp2040/tools/pqt-gcc/4.1.0-1aec55e/bin/../lib/gcc/arm-none-eabi/14.3.0/thumb/libgcc.a(_udivmoddi4.o)
                              /Users/yangwenhaomac/Library/Arduino15/packages/rp2040/tools/pqt-gcc/4.1.0-1aec55e/bin/../lib/gcc/arm-none-eabi/14.3.0/thumb/libgcc.a(_aeabi_uldivmod.o) (__udivmoddi4)
/Users/yangwenhaomac/Library/Arduino15/packages/rp2040/tools/pqt-gcc/4.1.0-1aec55e/bin/../lib/gcc/arm-none-eabi/14.3.0/thumb/libgcc.a(bpabi.o)
                              /Users/yangwenhaomac/Library/Arduino15/packages/rp2040/tools/pqt-gcc/4.1.0-1aec55e/bin/../lib/gcc/arm-none-eabi/14.3.0/thumb/libgcc.a(_aeabi_ldivmod.o) (__gnu_ldivmod_helper)
/Users/yangwenhaomac/Library/Arduino15/packages/rp2040/tools/pqt-gcc/4.1.0-1aec55e/bin/../lib/gcc/arm-none-eabi/14.3.0/thumb/libgcc.a(addsf3.o)
                              /Users/yangwenhaomac/Library/Arduino15/packages/rp2040/tools/pqt-gcc/4.1.0-1aec55e/bin/../lib/gcc/arm-none-eabi/14.3.0/../../../../arm-none-eabi/lib/thumb/libm.a(libm_a-ef_sqrt.o) (__aeabi_fadd)
/Users/yangwenhaomac/Library/Arduino15/packages/rp2040/tools/pqt-gcc/4.1.0-1aec55e/bin/../lib/gcc/arm-none-eabi/14.3.0/thumb/libgcc.a(divsf3.o)
                              /Users/yangwenhaomac/Library/Arduino15/packages/rp2040/tools/pqt-gcc/4.1.0-1aec55e/bin/../lib/gcc/arm-none-eabi/14.3.0/../../../../arm-none-eabi/lib/thumb/libm.a(libm_a-wf_sqrt.o) (__aeabi_fdiv)
/Users/yangwenhaomac/Library/Arduino15/packages/rp2040/tools/pqt-gcc/4.1.0-1aec55e/bin/../lib/gcc/arm-none-eabi/14.3.0/thumb/libgcc.a(eqsf2.o)
                              /Users/yangwenhaomac/Library/Arduino15/packages/rp2040/tools/pqt-gcc/4.1.0-1aec55e/bin/../lib/gcc/arm-none-eabi/14.3.0/thumb/libgcc.a(_arm_cmpsf2.o) (__eqsf2)
/Users/yangwenhaomac/Library/Arduino15/packages/rp2040/tools/pqt-gcc/4.1.0-1aec55e/bin/../lib/gcc/arm-none-eabi/14.3.0/thumb/libgcc.a(gesf2.o)
                              /Users/yangwenhaomac/Library/Arduino15/packages/rp2040/tools/pqt-gcc/4.1.0-1aec55e/bin/../lib/gcc/arm-none-eabi/14.3.0/thumb/libgcc.a(_arm_cmpsf2.o) (__gesf2)
/Users/yangwenhaomac/Library/Arduino15/packages/rp2040/tools/pqt-gcc/4.1.0-1aec55e/bin/../lib/gcc/arm-none-eabi/14.3.0/thumb/libgcc.a(lesf2.o)
                              /Users/yangwenhaomac/Library/Arduino15/packages/rp2040/tools/pqt-gcc/4.1.0-1aec55e/bin/../lib/gcc/arm-none-eabi/14.3.0/thumb/libgcc.a(_arm_cmpsf2.o) (__lesf2)
/Users/yangwenhaomac/Library/Arduino15/packages/rp2040/tools/pqt-gcc/4.1.0-1aec55e/bin/../lib/gcc/arm-none-eabi/14.3.0/thumb/libgcc.a(mulsf3.o)
                              /Users/yangwenhaomac/Library/Arduino15/packages/rp2040/tools/pqt-gcc/4.1.0-1aec55e/bin/../lib/gcc/arm-none-eabi/14.3.0/../../../../arm-none-eabi/lib/thumb/libm.a(libm_a-ef_sqrt.o) (__aeabi_fmul)
[...]
Memory Configuration

Name             Origin             Length             Attributes
FLASH            0x10000000         0x00400000         xr
RAM              0x20000000         0x00080000         xrw
SCRATCH_X        0x20080000         0x00001000         xrw
SCRATCH_Y        0x20081000         0x00001000         xrw
*default*        0x00000000         0xffffffff

Linker script and memory map

LOAD /Users/yangwenhaomac/Library/Arduino15/packages/rp2040/tools/pqt-gcc/4.1.0-1aec55e/bin/../lib/gcc/arm-none-eabi/14.3.0/thumb/crti.o
LOAD /Users/yangwenhaomac/Library/Arduino15/packages/rp2040/tools/pqt-gcc/4.1.0-1aec55e/bin/../lib/gcc/arm-none-eabi/14.3.0/thumb/crtbegin.o
LOAD /Users/yangwenhaomac/Library/Arduino15/packages/rp2040/tools/pqt-gcc/4.1.0-1aec55e/bin/../lib/gcc/arm-none-eabi/14.3.0/../../../../arm-none-eabi/lib/thumb/crt0.o

.flash_begin    0x10000000        0x0
                0x10000000                        __flash_binary_start = .

.text           0x10000000     0x4f70
                0x10000000                        __logical_binary_start = .
 *(.vectors)
 .vectors       0x10000000      0x124 CMakeFiles/audio_bootloader.dir/Users/yangwenhaomac/Library/Arduino15/packages/rp2040/hardware/rp2040/5.5.0/pico-sdk/src/rp2_common/pico_crt0/crt0.S.o
                0x10000000                __VECTOR_TABLE
                0x10000000                __vectors
                0x10000110                __unhandled_user_irq
                0x10000110                TIMER1_IRQ_1_Handler
                0x10000110                TRNG_IRQ_Handler
                0x10000110                isr_irq49
                0x10000110                PLL_SYS_IRQ_Handler
                0x10000110                DMA_IRQ_3_Handler
                0x10000110                UART0_IRQ_Handler
                0x10000110                TIMER1_IRQ_3_Handler
                0x10000110                TIMER0_IRQ_0_Handler
                0x10000110                IO_IRQ_QSPI_NS_Handler
                0x10000110                BusFault_Handler
                0x10000110                TIMER0_IRQ_3_Handler
                0x10000110                TIMER1_IRQ_2_Handler
                0x10000110                TIMER0_IRQ_1_Handler
                0x10000110                DebugMon_Handler
                0x10000110                IO_IRQ_BANK0_Handler
                0x10000110                PIO0_IRQ_0_Handler
                0x10000110                USBCTRL_IRQ_Handler
                0x10000110                SPI1_IRQ_Handler
                0x10000110                POWMAN_IRQ_POW_Handler
                0x10000110                DMA_IRQ_2_Handler
                0x10000110                PIO1_IRQ_1_Handler
                0x10000110                POWMAN_IRQ_TIMER_Handler
                0x10000110                DMA_IRQ_1_Handler
                0x10000110                SIO_IRQ_FIFO_Handler
                0x10000110                UsageFault_Handler
                0x10000110                PLL_USB_IRQ_Handler
                0x10000110                TIMER0_IRQ_2_Handler
                0x10000110                I2C1_IRQ_Handler
                0x10000110                IO_IRQ_BANK0_NS_Handler
                0x10000110                isr_irq48
                0x10000110                PIO2_IRQ_1_Handler
                0x10000110                PWM_IRQ_WRAP_0_Handler
                0x10000110                isr_irq50
                0x10000110                TIMER1_IRQ_0_Handler
                0x10000110                isr_irq40
                0x10000110                SPI0_IRQ_Handler
                0x10000110                PWM_IRQ_WRAP_1_Handler
                0x10000110                SIO_IRQ_BELL_Handler
                0x10000110                isr_irq41
                0x10000110                OTP_IRQ_Handler
                0x10000110                PIO0_IRQ_1_Handler
                0x10000110                I2C0_IRQ_Handler
                0x10000110                SIO_IRQ_FIFO_NS_Handler
                0x10000110                SecureFault_Handler
                0x10000110                SIO_IRQ_BELL_NS_Handler
                0x10000110                SIO_IRQ_MTIMECMP_Handler
                0x10000110                __vectors_end
                0x10000110                UART1_IRQ_Handler
                0x10000110                __default_isrs_start
                0x10000110                DMA_IRQ_0_Handler
                0x10000110                CLOCKS_IRQ_Handler
                0x10000110                PIO1_IRQ_0_Handler
                0x10000110                MemManage_Handler
                0x10000110                PIO2_IRQ_0_Handler
                0x10000110                isr_irq46
                0x10000110                ADC_IRQ_FIFO_Handler
                0x10000110                isr_irq47
                0x10000110                isr_irq51
                0x10000110                IO_IRQ_QSPI_Handler
                0x10000116                unhandled_user_irq_num_in_r0
                0x10000118                isr_invalid
                0x1000011a                NMI_Handler
                0x1000011c                HardFault_Handler
                0x1000011e                SVC_Handler
                0x10000120                PendSV_Handler
                0x10000122                SysTick_Handler
                0x10000124                __default_isrs_end
 *(.binary_info_header)
 .binary_info_header
                0x10000124       0x14 CMakeFiles/audio_bootloader.dir/Users/yangwenhaomac/Library/Arduino15/packages/rp2040/hardware/rp2040/5.5.0/pico-sdk/src/rp2_common/pico_crt0/crt0.S.o
                0x10000138                        __binary_info_header_end = .
 *(.embedded_block)
 .embedded_block
                0x10000138       0x14 CMakeFiles/audio_bootloader.dir/Users/yangwenhaomac/Library/Arduino15/packages/rp2040/hardware/rp2040/5.5.0/pico-sdk/src/rp2_common/pico_crt0/crt0.S.o
                0x1000014c                        __embedded_block_end = .
 *(.reset)
 .reset         0x1000014c       0x98 CMakeFiles/audio_bootloader.dir/Users/yangwenhaomac/Library/Arduino15/packages/rp2040/hardware/rp2040/5.5.0/pico-sdk/src/rp2_common/pico_crt0/crt0.S.o
                0x1000014c                _entry_point
 *(.init)
 .init          0x100001e4        0x4 /Users/yangwenhaomac/Library/Arduino15/packages/rp2040/tools/pqt-gcc/4.1.0-1aec55e/bin/../lib/gcc/arm-none-eabi/14.3.0/thumb/crti.o
                0x100001e4                _init
 *libgcc.a:cmse_nonsecure_call.o()
 *(EXCLUDE_FILE(*libm.a: *libc.a:*lib_a-mem*.o *libgcc.a:) .text*)
 .text          0x100001e8       0x98 /Users/yangwenhaomac/Library/Arduino15/packages/rp2040/tools/pqt-gcc/4.1.0-1aec55e/bin/../lib/gcc/arm-none-eabi/14.3.0/thumb/crtbegin.o
 .text._ZN16audio_bootloader12_GLOBAL__N_112AudioCapture13DmaIrqHandlerEv
                0x10000280       0x68 CMakeFiles/audio_bootloader.dir/src/main.cpp.o
 .text._ZN16audio_bootloader12_GLOBAL__N_115ValidateVectorsERKNS_12MetadataPageEPNS0_10AppVectorsE
                0x100002e8       0x78 CMakeFiles/audio_bootloader.dir/src/main.cpp.o
 .text._ZN16audio_bootloader12_GLOBAL__N_117JumpToApplicationERKNS_12MetadataPageE
                0x10000360       0xb0 CMakeFiles/audio_bootloader.dir/src/main.cpp.o
 .text._ZN16audio_bootloader12_GLOBAL__N_113BootloaderApp3RunEv.constprop.0
                0x10000410     0x19bc CMakeFiles/audio_bootloader.dir/src/main.cpp.o
 .text.startup.main
                0x10001dcc      0x110 CMakeFiles/audio_bootloader.dir/src/main.cpp.o
                0x10001dcc                main
 .text._ZN16audio_bootloader15crc32_calculateEPKhj
                0x10001edc       0x78 CMakeFiles/audio_bootloader.dir/src/fsk_codec.cpp.o
                0x10001edc                _ZN16audio_bootloader15crc32_calculateEPKhj
 .text._ZN16audio_bootloader14FskDemodulator4InitEmm
                0x10001f54       0x18 CMakeFiles/audio_bootloader.dir/src/fsk_codec.cpp.o
                0x10001f54                _ZN16audio_bootloader14FskDemodulator4InitEmm
 .text._ZN16audio_bootloader14FskDemodulator5ResetEv
                0x10001f6c       0x14 CMakeFiles/audio_bootloader.dir/src/fsk_codec.cpp.o
                0x10001f6c                _ZN16audio_bootloader14FskDemodulator5ResetEv
 .text._ZN16audio_bootloader14FskDemodulator10PushSampleEb
                0x10001f80       0x64 CMakeFiles/audio_bootloader.dir/src/fsk_codec.cpp.o
                0x10001f80                _ZN16audio_bootloader14FskDemodulator10PushSampleEb
 .text._ZNK16audio_bootloader14FskDemodulator9HasSymbolEv
                0x10001fe4        0xc CMakeFiles/audio_bootloader.dir/src/fsk_codec.cpp.o
                0x10001fe4                _ZNK16audio_bootloader14FskDemodulator9HasSymbolEv
 .text._ZN16audio_bootloader14FskDemodulator9PopSymbolEv
                0x10001ff0       0x14 CMakeFiles/audio_bootloader.dir/src/fsk_codec.cpp.o
                0x10001ff0                _ZN16audio_bootloader14FskDemodulator9PopSymbolEv
 .text._ZN16audio_bootloader13PacketDecoder4InitEv
                0x10002004       0x20 CMakeFiles/audio_bootloader.dir/src/fsk_codec.cpp.o
                0x10002004                _ZN16audio_bootloader13PacketDecoder4InitEv
 .text._ZN16audio_bootloader13PacketDecoder5ResetEv
                0x10002024       0x20 CMakeFiles/audio_bootloader.dir/src/fsk_codec.cpp.o
                0x10002024                _ZN16audio_bootloader13PacketDecoder5ResetEv
 .text._ZN16audio_bootloader13PacketDecoder13ProcessSymbolEh
                0x10002044      0x150 CMakeFiles/audio_bootloader.dir/src/fsk_codec.cpp.o
                0x10002044                _ZN16audio_bootloader13PacketDecoder13ProcessSymbolEh
 .text._ZN16audio_bootloader12Ws2812Driver4InitEP8pio_hw_tmm
                0x10002194      0x104 CMakeFiles/audio_bootloader.dir/src/ws2812_driver.cpp.o
                0x10002194                _ZN16audio_bootloader12Ws2812Driver4InitEP8pio_hw_tmm
 .text._ZN16audio_bootloader12Ws2812Driver3SetERKNS_8RgbColorE
                0x10002298       0x3c CMakeFiles/audio_bootloader.dir/src/ws2812_driver.cpp.o
                0x10002298                _ZN16audio_bootloader12Ws2812Driver3SetERKNS_8RgbColorE
 .text._ZN16audio_bootloader10ScaleColorERKNS_8RgbColorEf
                0x100022d4       0x8c CMakeFiles/audio_bootloader.dir/src/ws2812_driver.cpp.o
                0x100022d4                _ZN16audio_bootloader10ScaleColorERKNS_8RgbColorEf
 .text.uzlib_adler32
                0x10002360      0x190 CMakeFiles/audio_bootloader.dir/Users/yangwenhaomac/Library/Arduino15/packages/rp2040/hardware/rp2040/5.5.0/ota/uzlib/src/adler32.c.o
                0x10002360                uzlib_adler32
 .text.uzlib_crc32
                0x100024f0       0x40 CMakeFiles/audio_bootloader.dir/Users/yangwenhaomac/Library/Arduino15/packages/rp2040/hardware/rp2040/5.5.0/ota/uzlib/src/crc32.c.o
                0x100024f0                uzlib_crc32
 .text.tinf_build_tree
                0x10002530       0xd4 CMakeFiles/audio_bootloader.dir/Users/yangwenhaomac/Library/Arduino15/packages/rp2040/hardware/rp2040/5.5.0/ota/uzlib/src/tinflate.c.o
 .text.tinf_decode_symbol
                0x10002604       0xa4 CMakeFiles/audio_bootloader.dir/Users/yangwenhaomac/Library/Arduino15/packages/rp2040/hardware/rp2040/5.5.0/ota/uzlib/src/tinflate.c.o
 .text.tinf_read_bits
                0x100026a8       0xa0 CMakeFiles/audio_bootloader.dir/Users/yangwenhaomac/Library/Arduino15/packages/rp2040/hardware/rp2040/5.5.0/ota/uzlib/src/tinflate.c.o
 .text.tinf_decode_trees
                0x10002748      0x59c CMakeFiles/audio_bootloader.dir/Users/yangwenhaomac/Library/Arduino15/packages/rp2040/hardware/rp2040/5.5.0/ota/uzlib/src/tinflate.c.o
 .text.uzlib_get_byte
                0x10002ce4       0x34 CMakeFiles/audio_bootloader.dir/Users/yangwenhaomac/Library/Arduino15/packages/rp2040/hardware/rp2040/5.5.0/ota/uzlib/src/tinflate.c.o
                0x10002ce4                uzlib_get_byte
 .text.uzlib_init
                0x10002d18        0x4 CMakeFiles/audio_bootloader.dir/Users/yangwenhaomac/Library/Arduino15/packages/rp2040/hardware/rp2040/5.5.0/ota/uzlib/src/tinflate.c.o
                0x10002d18                uzlib_init
 .text.uzlib_uncompress_init
                0x10002d1c       0x20 CMakeFiles/audio_bootloader.dir/Users/yangwenhaomac/Library/Arduino15/packages/rp2040/hardware/rp2040/5.5.0/ota/uzlib/src/tinflate.c.o
                0x10002d1c                uzlib_uncompress_init
 .text.uzlib_uncompress
                0x10002d3c      0x4c0 CMakeFiles/audio_bootloader.dir/Users/yangwenhaomac/Library/Arduino15/packages/rp2040/hardware/rp2040/5.5.0/ota/uzlib/src/tinflate.c.o
                0x10002d3c                uzlib_uncompress
 .text.uzlib_uncompress_chksum
                0x100031fc      0x11c CMakeFiles/audio_bootloader.dir/Users/yangwenhaomac/Library/Arduino15/packages/rp2040/hardware/rp2040/5.5.0/ota/uzlib/src/tinflate.c.o
                0x100031fc                uzlib_uncompress_chksum
 .text.uzlib_zlib_parse_header
                0x10003318       0x54 CMakeFiles/audio_bootloader.dir/Users/yangwenhaomac/Library/Arduino15/packages/rp2040/hardware/rp2040/5.5.0/ota/uzlib/src/tinfzlib.c.o
                0x10003318                uzlib_zlib_parse_header
 .text.startup.SystemInit
                0x1000336c       0x14 CMakeFiles/audio_bootloader.dir/Users/yangwenhaomac/Library/Arduino15/packages/rp2040/hardware/rp2040/5.5.0/pico-sdk/src/rp2_common/cmsis/stub/CMSIS/Device/RP2350/Source/system_RP2350.c.o
                0x1000336c                SystemInit
 .text.clock_configure_undivided
                0x10003380       0xd0 CMakeFiles/audio_bootloader.dir/Users/yangwenhaomac/Library/Arduino15/packages/rp2040/hardware/rp2040/5.5.0/pico-sdk/src/rp2_common/hardware_clocks/clocks.c.o
                0x10003380                clock_configure_undivided
 .text.clock_get_hz
                0x10003450        0xc CMakeFiles/audio_bootloader.dir/Users/yangwenhaomac/Library/Arduino15/packages/rp2040/hardware/rp2040/5.5.0/pico-sdk/src/rp2_common/hardware_clocks/clocks.c.o
                0x10003450                clock_get_hz
 .text.set_sys_clock_pll
                0x1000345c      0x184 CMakeFiles/audio_bootloader.dir/Users/yangwenhaomac/Library/Arduino15/packages/rp2040/hardware/rp2040/5.5.0/pico-sdk/src/rp2_common/hardware_clocks/clocks.c.o
                0x1000345c                set_sys_clock_pll
 .text.check_sys_clock_khz
                0x100035e0      0x19c CMakeFiles/audio_bootloader.dir/Users/yangwenhaomac/Library/Arduino15/packages/rp2040/hardware/rp2040/5.5.0/pico-sdk/src/rp2_common/hardware_clocks/clocks.c.o
                0x100035e0                check_sys_clock_khz
 .text.panic    0x1000377c       0x30 CMakeFiles/audio_bootloader.dir/Users/yangwenhaomac/Library/Arduino15/packages/rp2040/hardware/rp2040/5.5.0/pico-sdk/src/rp2_common/pico_platform_panic/panic.c.o
                0x1000377c                panic
 .text.hw_claim_lock
                0x100037ac       0x24 CMakeFiles/audio_bootloader.dir/Users/yangwenhaomac/Library/Arduino15/packages/rp2040/hardware/rp2040/5.5.0/pico-sdk/src/common/hardware_claim/claim.c.o
                0x100037ac                hw_claim_lock
 .text.hw_claim_unlock
                0x100037d0       0x14 CMakeFiles/audio_bootloader.dir/Users/yangwenhaomac/Library/Arduino15/packages/rp2040/hardware/rp2040/5.5.0/pico-sdk/src/common/hardware_claim/claim.c.o
                0x100037d0                hw_claim_unlock
 .text.hw_claim_or_assert
                0x100037e4       0x58 CMakeFiles/audio_bootloader.dir/Users/yangwenhaomac/Library/Arduino15/packages/rp2040/hardware/rp2040/5.5.0/pico-sdk/src/common/hardware_claim/claim.c.o
                0x100037e4                hw_claim_or_assert
 .text.hw_claim_unused_from_range
                0x1000383c       0x80 CMakeFiles/audio_bootloader.dir/Users/yangwenhaomac/Library/Arduino15/packages/rp2040/hardware/rp2040/5.5.0/pico-sdk/src/common/hardware_claim/claim.c.o
                0x1000383c                hw_claim_unused_from_range
 .text.next_striped_spin_lock_num
                0x100038bc       0x18 CMakeFiles/audio_bootloader.dir/Users/yangwenhaomac/Library/Arduino15/packages/rp2040/hardware/rp2040/5.5.0/pico-sdk/src/rp2_common/hardware_sync/sync.c.o
                0x100038bc                next_striped_spin_lock_num
 .text.spinlock_set_extexclall
                0x100038d4       0x10 CMakeFiles/audio_bootloader.dir/Users/yangwenhaomac/Library/Arduino15/packages/rp2040/hardware/rp2040/5.5.0/pico-sdk/src/rp2_common/hardware_sync_spin_lock/sync_spin_lock.c.o
 .text.spin_locks_reset
                0x100038e4       0x18 CMakeFiles/audio_bootloader.dir/Users/yangwenhaomac/Library/Arduino15/packages/rp2040/hardware/rp2040/5.5.0/pico-sdk/src/rp2_common/hardware_sync_spin_lock/sync_spin_lock.c.o
                0x100038e4                spin_locks_reset
 .text.gpio_set_function
                0x100038fc       0x3c CMakeFiles/audio_bootloader.dir/Users/yangwenhaomac/Library/Arduino15/packages/rp2040/hardware/rp2040/5.5.0/pico-sdk/src/rp2_common/hardware_gpio/gpio.c.o
                0x100038fc                gpio_set_function
 .text.gpio_set_pulls
                0x10003938       0x28 CMakeFiles/audio_bootloader.dir/Users/yangwenhaomac/Library/Arduino15/packages/rp2040/hardware/rp2040/5.5.0/pico-sdk/src/rp2_common/hardware_gpio/gpio.c.o
                0x10003938                gpio_set_pulls
 .text.gpio_set_input_enabled
                0x10003960       0x20 CMakeFiles/audio_bootloader.dir/Users/yangwenhaomac/Library/Arduino15/packages/rp2040/hardware/rp2040/5.5.0/pico-sdk/src/rp2_common/hardware_gpio/gpio.c.o
                0x10003960                gpio_set_input_enabled
 .text.gpio_init
                0x10003980       0x48 CMakeFiles/audio_bootloader.dir/Users/yangwenhaomac/Library/Arduino15/packages/rp2040/hardware/rp2040/5.5.0/pico-sdk/src/rp2_common/hardware_gpio/gpio.c.o
                0x10003980                gpio_init
 .text.runtime_init_per_core_irq_priorities
                0x100039c8       0x40 CMakeFiles/audio_bootloader.dir/Users/yangwenhaomac/Library/Arduino15/packages/rp2040/hardware/rp2040/5.5.0/pico-sdk/src/rp2_common/hardware_irq/irq.c.o
                0x100039c8                runtime_init_per_core_irq_priorities
 .text.irq_set_enabled
                0x10003a08       0x2c CMakeFiles/audio_bootloader.dir/Users/yangwenhaomac/Library/Arduino15/packages/rp2040/hardware/rp2040/5.5.0/pico-sdk/src/rp2_common/hardware_irq/irq.c.o
                0x10003a08                irq_set_enabled
 .text.irq_set_exclusive_handler
                0x10003a34       0x60 CMakeFiles/audio_bootloader.dir/Users/yangwenhaomac/Library/Arduino15/packages/rp2040/hardware/rp2040/5.5.0/pico-sdk/src/rp2_common/hardware_irq/irq.c.o
                0x10003a34                irq_set_exclusive_handler
 .text.lock_init
                0x10003a94        0xc CMakeFiles/audio_bootloader.dir/Users/yangwenhaomac/Library/Arduino15/packages/rp2040/hardware/rp2040/5.5.0/pico-sdk/src/common/pico_sync/lock_core.c.o
                0x10003a94                lock_init
 .text.runtime_init_mutex
                0x10003aa0       0x4c CMakeFiles/audio_bootloader.dir/Users/yangwenhaomac/Library/Arduino15/packages/rp2040/hardware/rp2040/5.5.0/pico-sdk/src/common/pico_sync/mutex.c.o
                0x10003aa0                runtime_init_mutex
 .text.sleep_until_callback
                0x10003aec       0x3c CMakeFiles/audio_bootloader.dir/Users/yangwenhaomac/Library/Arduino15/packages/rp2040/hardware/rp2040/5.5.0/pico-sdk/src/common/pico_time/time.c.o
 .text.alarm_pool_irq_handler
                0x10003b28      0x2fc CMakeFiles/audio_bootloader.dir/Users/yangwenhaomac/Library/Arduino15/packages/rp2040/hardware/rp2040/5.5.0/pico-sdk/src/common/pico_time/time.c.o
 .text.runtime_init_default_alarm_pool
                0x10003e24      0x100 CMakeFiles/audio_bootloader.dir/Users/yangwenhaomac/Library/Arduino15/packages/rp2040/hardware/rp2040/5.5.0/pico-sdk/src/common/pico_time/time.c.o
                0x10003e24                runtime_init_default_alarm_pool
 .text.alarm_pool_add_alarm_at_force_in_context
                0x10003f24       0xc8 CMakeFiles/audio_bootloader.dir/Users/yangwenhaomac/Library/Arduino15/packages/rp2040/hardware/rp2040/5.5.0/pico-sdk/src/common/pico_time/time.c.o
                0x10003f24                alarm_pool_add_alarm_at_force_in_context
 .text.alarm_pool_cancel_alarm
                0x10003fec       0x80 CMakeFiles/audio_bootloader.dir/Users/yangwenhaomac/Library/Arduino15/packages/rp2040/hardware/rp2040/5.5.0/pico-sdk/src/common/pico_time/time.c.o
                0x10003fec                alarm_pool_cancel_alarm
 .text.sleep_us
                0x1000406c       0xd8 CMakeFiles/audio_bootloader.dir/Users/yangwenhaomac/Library/Arduino15/packages/rp2040/hardware/rp2040/5.5.0/pico-sdk/src/common/pico_time/time.c.o
                0x1000406c                sleep_us
 .text.sleep_ms
                0x10004144       0xdc CMakeFiles/audio_bootloader.dir/Users/yangwenhaomac/Library/Arduino15/packages/rp2040/hardware/rp2040/5.5.0/pico-sdk/src/common/pico_time/time.c.o
                0x10004144                sleep_ms
 .text.best_effort_wfe_or_timeout
                0x10004220       0xd4 CMakeFiles/audio_bootloader.dir/Users/yangwenhaomac/Library/Arduino15/packages/rp2040/hardware/rp2040/5.5.0/pico-sdk/src/common/pico_time/time.c.o
                0x10004220                best_effort_wfe_or_timeout
 .text.timer_hardware_alarm_claim
                0x100042f4       0x24 CMakeFiles/audio_bootloader.dir/Users/yangwenhaomac/Library/Arduino15/packages/rp2040/hardware/rp2040/5.5.0/pico-sdk/src/rp2_common/hardware_timer/timer.c.o
                0x100042f4                timer_hardware_alarm_claim
 .text.timer_time_us_64
                0x10004318       0x10 CMakeFiles/audio_bootloader.dir/Users/yangwenhaomac/Library/Arduino15/packages/rp2040/hardware/rp2040/5.5.0/pico-sdk/src/rp2_common/hardware_timer/timer.c.o
                0x10004318                timer_time_us_64
 .text.time_us_64
                0x10004328       0x14 CMakeFiles/audio_bootloader.dir/Users/yangwenhaomac/Library/Arduino15/packages/rp2040/hardware/rp2040/5.5.0/pico-sdk/src/rp2_common/hardware_timer/timer.c.o
                0x10004328                time_us_64
 .text.busy_wait_until
                0x1000433c       0x24 CMakeFiles/audio_bootloader.dir/Users/yangwenhaomac/Library/Arduino15/packages/rp2040/hardware/rp2040/5.5.0/pico-sdk/src/rp2_common/hardware_timer/timer.c.o
                0x1000433c                busy_wait_until
 .text.pll_init
                0x10004360       0x8c CMakeFiles/audio_bootloader.dir/Users/yangwenhaomac/Library/Arduino15/packages/rp2040/hardware/rp2040/5.5.0/pico-sdk/src/rp2_common/hardware_pll/pll.c.o
                0x10004360                pll_init
 .text.watchdog_reboot
                0x100043ec       0x98 CMakeFiles/audio_bootloader.dir/Users/yangwenhaomac/Library/Arduino15/packages/rp2040/hardware/rp2040/5.5.0/pico-sdk/src/rp2_common/hardware_watchdog/watchdog.c.o
                0x100043ec                watchdog_reboot
 .text.tick_start
                0x10004484       0x18 CMakeFiles/audio_bootloader.dir/Users/yangwenhaomac/Library/Arduino15/packages/rp2040/hardware/rp2040/5.5.0/pico-sdk/src/rp2_common/hardware_ticks/ticks.c.o
                0x10004484                tick_start
 .text.rom_reboot.constprop.0.isra.0
                0x1000449c       0x34 CMakeFiles/audio_bootloader.dir/Users/yangwenhaomac/Library/Arduino15/packages/rp2040/hardware/rp2040/5.5.0/pico-sdk/src/rp2_common/pico_bootrom/bootrom.c.o
 .text.rom_func_lookup
                0x100044d0       0x18 CMakeFiles/audio_bootloader.dir/Users/yangwenhaomac/Library/Arduino15/packages/rp2040/hardware/rp2040/5.5.0/pico-sdk/src/rp2_common/pico_bootrom/bootrom.c.o
                0x100044d0                rom_func_lookup
 .text.rom_reset_usb_boot
                0x100044e8       0x1c CMakeFiles/audio_bootloader.dir/Users/yangwenhaomac/Library/Arduino15/packages/rp2040/hardware/rp2040/5.5.0/pico-sdk/src/rp2_common/pico_bootrom/bootrom.c.o
                0x100044e8                rom_reset_usb_boot
 .text.runtime_init_bootrom_locking_enable
                0x10004504       0x14 CMakeFiles/audio_bootloader.dir/Users/yangwenhaomac/Library/Arduino15/packages/rp2040/hardware/rp2040/5.5.0/pico-sdk/src/rp2_common/pico_bootrom/bootrom_lock.c.o
                0x10004504                runtime_init_bootrom_locking_enable
 .text.runtime_init_boot_locks_reset
                0x10004518       0x1c CMakeFiles/audio_bootloader.dir/Users/yangwenhaomac/Library/Arduino15/packages/rp2040/hardware/rp2040/5.5.0/pico-sdk/src/rp2_common/hardware_boot_lock/boot_lock.c.o
                0x10004518                runtime_init_boot_locks_reset
 .text.xosc_init
                0x10004534       0x30 CMakeFiles/audio_bootloader.dir/Users/yangwenhaomac/Library/Arduino15/packages/rp2040/hardware/rp2040/5.5.0/pico-sdk/src/rp2_common/hardware_xosc/xosc.c.o
                0x10004534                xosc_init
 .text.first_per_core_initializer
                0x10004564        0x4 CMakeFiles/audio_bootloader.dir/Users/yangwenhaomac/Library/Arduino15/packages/rp2040/hardware/rp2040/5.5.0/pico-sdk/src/rp2_common/pico_runtime/runtime.c.o
 .text.hard_assertion_failure
                0x10004568        0xc CMakeFiles/audio_bootloader.dir/Users/yangwenhaomac/Library/Arduino15/packages/rp2040/hardware/rp2040/5.5.0/pico-sdk/src/rp2_common/pico_runtime/runtime.c.o
                0x10004568                hard_assertion_failure
 .text.runtime_run_initializers
                0x10004574       0x20 CMakeFiles/audio_bootloader.dir/Users/yangwenhaomac/Library/Arduino15/packages/rp2040/hardware/rp2040/5.5.0/pico-sdk/src/rp2_common/pico_runtime/runtime.c.o
                0x10004574                runtime_run_initializers
 .text.runtime_init_early_resets
                0x10004594       0x34 CMakeFiles/audio_bootloader.dir/Users/yangwenhaomac/Library/Arduino15/packages/rp2040/hardware/rp2040/5.5.0/pico-sdk/src/rp2_common/pico_runtime_init/runtime_init.c.o
                0x10004594                runtime_init_early_resets
 .text.runtime_init_usb_power_down
                0x100045c8       0x1c CMakeFiles/audio_bootloader.dir/Users/yangwenhaomac/Library/Arduino15/packages/rp2040/hardware/rp2040/5.5.0/pico-sdk/src/rp2_common/pico_runtime_init/runtime_init.c.o
                0x100045c8                runtime_init_usb_power_down
 .text.runtime_init_per_core_enable_coprocessors
                0x100045e4       0x1c CMakeFiles/audio_bootloader.dir/Users/yangwenhaomac/Library/Arduino15/packages/rp2040/hardware/rp2040/5.5.0/pico-sdk/src/rp2_common/pico_runtime_init/runtime_init.c.o
                0x100045e4                runtime_init_per_core_enable_coprocessors
 .text.runtime_init_post_clock_resets
                0x10004600       0x20 CMakeFiles/audio_bootloader.dir/Users/yangwenhaomac/Library/Arduino15/packages/rp2040/hardware/rp2040/5.5.0/pico-sdk/src/rp2_common/pico_runtime_init/runtime_init.c.o
                0x10004600                runtime_init_post_clock_resets
 .text.runtime_init_bootrom_reset
                0x10004620       0x14 CMakeFiles/audio_bootloader.dir/Users/yangwenhaomac/Library/Arduino15/packages/rp2040/hardware/rp2040/5.5.0/pico-sdk/src/rp2_common/pico_runtime_init/runtime_init.c.o
                0x10004620                runtime_init_bootrom_reset
 .text.runtime_init_per_core_bootrom_reset
                0x10004634       0x14 CMakeFiles/audio_bootloader.dir/Users/yangwenhaomac/Library/Arduino15/packages/rp2040/hardware/rp2040/5.5.0/pico-sdk/src/rp2_common/pico_runtime_init/runtime_init.c.o
                0x10004634                runtime_init_per_core_bootrom_reset
 .text.runtime_init_spin_locks_reset
                0x10004648        0x4 CMakeFiles/audio_bootloader.dir/Users/yangwenhaomac/Library/Arduino15/packages/rp2040/hardware/rp2040/5.5.0/pico-sdk/src/rp2_common/pico_runtime_init/runtime_init.c.o
                0x10004648                runtime_init_spin_locks_reset
 .text.runtime_init_install_ram_vector_table
                0x1000464c       0x68 CMakeFiles/audio_bootloader.dir/Users/yangwenhaomac/Library/Arduino15/packages/rp2040/hardware/rp2040/5.5.0/pico-sdk/src/rp2_common/pico_runtime_init/runtime_init.c.o
                0x1000464c                runtime_init_install_ram_vector_table
 .text.runtime_init_clocks
                0x100046b4       0xdc CMakeFiles/audio_bootloader.dir/Users/yangwenhaomac/Library/Arduino15/packages/rp2040/hardware/rp2040/5.5.0/pico-sdk/src/rp2_common/pico_runtime_init/runtime_init_clocks.c.o
                0x100046b4                runtime_init_clocks
 .text._out_char
                0x10004790        0x8 CMakeFiles/audio_bootloader.dir/Users/yangwenhaomac/Library/Arduino15/packages/rp2040/hardware/rp2040/5.5.0/pico-sdk/src/rp2_common/pico_printf/printf.c.o
 .text.weak_raw_vprintf
                0x10004798       0x30 CMakeFiles/audio_bootloader.dir/Users/yangwenhaomac/Library/Arduino15/packages/rp2040/hardware/rp2040/5.5.0/pico-sdk/src/rp2_common/pico_printf/printf.c.o
                0x10004798                weak_raw_vprintf
 .text._exit    0x100047c8        0x4 CMakeFiles/audio_bootloader.dir/Users/yangwenhaomac/Library/Arduino15/packages/rp2040/hardware/rp2040/5.5.0/pico-sdk/src/rp2_common/pico_clib_interface/newlib_interface.c.o
                0x100047c8                _exit
 .text.exit     0x100047cc        0x8 CMakeFiles/audio_bootloader.dir/Users/yangwenhaomac/Library/Arduino15/packages/rp2040/hardware/rp2040/5.5.0/pico-sdk/src/rp2_common/pico_clib_interface/newlib_interface.c.o
                0x100047cc                exit
 .text.runtime_init
                0x100047d4       0x24 CMakeFiles/audio_bootloader.dir/Users/yangwenhaomac/Library/Arduino15/packages/rp2040/hardware/rp2040/5.5.0/pico-sdk/src/rp2_common/pico_clib_interface/newlib_interface.c.o
                0x100047d4                runtime_init
 .text.stdio_out_chars_no_crlf
                0x100047f8        0x8 CMakeFiles/audio_bootloader.dir/Users/yangwenhaomac/Library/Arduino15/packages/rp2040/hardware/rp2040/5.5.0/pico-sdk/src/rp2_common/pico_stdio/stdio.c.o
 .text.stdio_out_chars_crlf
                0x10004800       0xb0 CMakeFiles/audio_bootloader.dir/Users/yangwenhaomac/Library/Arduino15/packages/rp2040/hardware/rp2040/5.5.0/pico-sdk/src/rp2_common/pico_stdio/stdio.c.o
 .text.stdio_put_string
                0x100048b0       0xec CMakeFiles/audio_bootloader.dir/Users/yangwenhaomac/Library/Arduino15/packages/rp2040/hardware/rp2040/5.5.0/pico-sdk/src/rp2_common/pico_stdio/stdio.c.o
                0x100048b0                stdio_put_string
 .text.__wrap_putchar
                0x1000499c       0x84 CMakeFiles/audio_bootloader.dir/Users/yangwenhaomac/Library/Arduino15/packages/rp2040/hardware/rp2040/5.5.0/pico-sdk/src/rp2_common/pico_stdio/stdio.c.o
                0x1000499c                stdio_putchar
                0x1000499c                __wrap_putchar
 .text.__wrap_puts
                0x10004a20       0x3c CMakeFiles/audio_bootloader.dir/Users/yangwenhaomac/Library/Arduino15/packages/rp2040/hardware/rp2040/5.5.0/pico-sdk/src/rp2_common/pico_stdio/stdio.c.o
                0x10004a20                __wrap_puts
                0x10004a20                stdio_puts
 .text.adc_init
                0x10004a5c       0x30 CMakeFiles/audio_bootloader.dir/Users/yangwenhaomac/Library/Arduino15/packages/rp2040/hardware/rp2040/5.5.0/pico-sdk/src/rp2_common/hardware_adc/adc.c.o
                0x10004a5c                adc_init
 .text.dma_claim_unused_channel
                0x10004a8c       0x20 CMakeFiles/audio_bootloader.dir/Users/yangwenhaomac/Library/Arduino15/packages/rp2040/hardware/rp2040/5.5.0/pico-sdk/src/rp2_common/hardware_dma/dma.c.o
                0x10004a8c                dma_claim_unused_channel
 .text.pio_add_program
                0x10004aac      0x114 CMakeFiles/audio_bootloader.dir/Users/yangwenhaomac/Library/Arduino15/packages/rp2040/hardware/rp2040/5.5.0/pico-sdk/src/rp2_common/hardware_pio/pio.c.o
                0x10004aac                pio_add_program
 .text.pio_sm_set_consecutive_pindirs
                0x10004bc0       0x8c CMakeFiles/audio_bootloader.dir/Users/yangwenhaomac/Library/Arduino15/packages/rp2040/hardware/rp2040/5.5.0/pico-sdk/src/rp2_common/hardware_pio/pio.c.o
                0x10004bc0                pio_sm_set_consecutive_pindirs
 .text.pio_sm_init
                0x10004c4c       0xa8 CMakeFiles/audio_bootloader.dir/Users/yangwenhaomac/Library/Arduino15/packages/rp2040/hardware/rp2040/5.5.0/pico-sdk/src/rp2_common/hardware_pio/pio.c.o
                0x10004c4c                pio_sm_init
 .text.__cxa_guard_acquire
                0x10004cf4       0x1c /Users/yangwenhaomac/Library/Arduino15/packages/rp2040/tools/pqt-gcc/4.1.0-1aec55e/bin/../lib/gcc/arm-none-eabi/14.3.0/../../../../arm-none-eabi/lib/thumb/libstdc++.a(guard.o)
                0x10004cf4                __cxa_guard_acquire
 .text.__cxa_guard_release
                0x10004d10        0x8 /Users/yangwenhaomac/Library/Arduino15/packages/rp2040/tools/pqt-gcc/4.1.0-1aec55e/bin/../lib/gcc/arm-none-eabi/14.3.0/../../../../arm-none-eabi/lib/thumb/libstdc++.a(guard.o)
                0x10004d10                __cxa_guard_release
 .text          0x10004d18       0x94 /Users/yangwenhaomac/Library/Arduino15/packages/rp2040/tools/pqt-gcc/4.1.0-1aec55e/bin/../lib/gcc/arm-none-eabi/14.3.0/../../../../arm-none-eabi/lib/thumb/libg.a(libc_a-memset.o)
                0x10004d18                memset
 .text          0x10004dac       0x5c /Users/yangwenhaomac/Library/Arduino15/packages/rp2040/tools/pqt-gcc/4.1.0-1aec55e/bin/../lib/gcc/arm-none-eabi/14.3.0/../../../../arm-none-eabi/lib/thumb/libg.a(libc_a-strlen-stub.o)
                0x10004dac                strlen
 .text          0x10004e08       0x48 /Users/yangwenhaomac/Library/Arduino15/packages/rp2040/tools/pqt-gcc/4.1.0-1aec55e/bin/../lib/gcc/arm-none-eabi/14.3.0/../../../../arm-none-eabi/lib/thumb/libg.a(libc_a-memcmp.o)
                0x10004e08                memcmp
 .text          0x10004e50       0xac /Users/yangwenhaomac/Library/Arduino15/packages/rp2040/tools/pqt-gcc/4.1.0-1aec55e/bin/../lib/gcc/arm-none-eabi/14.3.0/../../../../arm-none-eabi/lib/thumb/libg.a(libc_a-memcpy-stub.o)
                0x10004e50                memcpy
 *(.fini)
 .fini          0x10004efc        0x4 /Users/yangwenhaomac/Library/Arduino15/packages/rp2040/tools/pqt-gcc/4.1.0-1aec55e/bin/../lib/gcc/arm-none-eabi/14.3.0/thumb/crti.o
                0x10004efc                _fini
 .fini.__stub   0x10004f00       0x28 linker stubs
 *crtbegin.o(.ctors)
 *crtbegin?.o(.ctors)
 *(EXCLUDE_FILE(*crtend.o *crtend?.o) .ctors)
 *(SORT_BY_NAME(.ctors.*))
 *(.ctors)
 *crtbegin.o(.dtors)
 *crtbegin?.o(.dtors)
 *(EXCLUDE_FILE(*crtend.o *crtend?.o) .dtors)
 *(SORT_BY_NAME(.dtors.*))
 *(.dtors)
                0x10004f28                        . = ALIGN (0x4)
                0x10004f28                        PROVIDE (__preinit_array_start = .)
 *(SORT_BY_NAME(.preinit_array.*))
 .preinit_array.00050
                0x10004f28        0x4 CMakeFiles/audio_bootloader.dir/Users/yangwenhaomac/Library/Arduino15/packages/rp2040/hardware/rp2040/5.5.0/pico-sdk/src/rp2_common/pico_runtime_init/runtime_init.c.o
                0x10004f28                __pre_init_runtime_init_bootrom_reset
 .preinit_array.00100
                0x10004f2c        0x4 CMakeFiles/audio_bootloader.dir/Users/yangwenhaomac/Library/Arduino15/packages/rp2040/hardware/rp2040/5.5.0/pico-sdk/src/rp2_common/pico_runtime_init/runtime_init.c.o
                0x10004f2c                __pre_init_runtime_init_early_resets
 .preinit_array.00101
                0x10004f30        0x4 CMakeFiles/audio_bootloader.dir/Users/yangwenhaomac/Library/Arduino15/packages/rp2040/hardware/rp2040/5.5.0/pico-sdk/src/rp2_common/pico_runtime_init/runtime_init.c.o
                0x10004f30                __pre_init_runtime_init_usb_power_down
 .preinit_array.00500
                0x10004f34        0x4 CMakeFiles/audio_bootloader.dir/Users/yangwenhaomac/Library/Arduino15/packages/rp2040/hardware/rp2040/5.5.0/pico-sdk/src/rp2_common/pico_runtime_init/runtime_init.c.o
                0x10004f34                __pre_init_runtime_init_clocks
 .preinit_array.00600
                0x10004f38        0x4 CMakeFiles/audio_bootloader.dir/Users/yangwenhaomac/Library/Arduino15/packages/rp2040/hardware/rp2040/5.5.0/pico-sdk/src/rp2_common/pico_runtime_init/runtime_init.c.o
                0x10004f38                __pre_init_runtime_init_post_clock_resets
 .preinit_array.01000
                0x10004f3c        0x4 CMakeFiles/audio_bootloader.dir/Users/yangwenhaomac/Library/Arduino15/packages/rp2040/hardware/rp2040/5.5.0/pico-sdk/src/rp2_common/hardware_boot_lock/boot_lock.c.o
                0x10004f3c                __pre_init_runtime_init_boot_locks_reset
 .preinit_array.01000
                0x10004f40        0x4 CMakeFiles/audio_bootloader.dir/Users/yangwenhaomac/Library/Arduino15/packages/rp2040/hardware/rp2040/5.5.0/pico-sdk/src/rp2_common/pico_runtime_init/runtime_init.c.o
                0x10004f40                __pre_init_runtime_init_spin_locks_reset
 .preinit_array.01010
                0x10004f44        0x4 CMakeFiles/audio_bootloader.dir/Users/yangwenhaomac/Library/Arduino15/packages/rp2040/hardware/rp2040/5.5.0/pico-sdk/src/rp2_common/pico_bootrom/bootrom_lock.c.o
                0x10004f44                __pre_init_runtime_init_bootrom_locking_enable
 .preinit_array.01100
                0x10004f48        0x4 CMakeFiles/audio_bootloader.dir/Users/yangwenhaomac/Library/Arduino15/packages/rp2040/hardware/rp2040/5.5.0/pico-sdk/src/common/pico_sync/mutex.c.o
                0x10004f48                __pre_init_runtime_init_mutex
 .preinit_array.10080
                0x10004f4c        0x4 CMakeFiles/audio_bootloader.dir/Users/yangwenhaomac/Library/Arduino15/packages/rp2040/hardware/rp2040/5.5.0/pico-sdk/src/rp2_common/pico_runtime_init/runtime_init.c.o
                0x10004f4c                __pre_init_runtime_init_install_ram_vector_table
 .preinit_array.11000
                0x10004f50        0x4 CMakeFiles/audio_bootloader.dir/Users/yangwenhaomac/Library/Arduino15/packages/rp2040/hardware/rp2040/5.5.0/pico-sdk/src/common/pico_time/time.c.o
                0x10004f50                __pre_init_runtime_init_default_alarm_pool
 .preinit_array.YYYYY
                0x10004f54        0x4 CMakeFiles/audio_bootloader.dir/Users/yangwenhaomac/Library/Arduino15/packages/rp2040/hardware/rp2040/5.5.0/pico-sdk/src/rp2_common/pico_runtime/runtime.c.o
                0x10004f54                __pre_init_first_per_core_initializer
 .preinit_array.ZZZZZ.00051
                0x10004f58        0x4 CMakeFiles/audio_bootloader.dir/Users/yangwenhaomac/Library/Arduino15/packages/rp2040/hardware/rp2040/5.5.0/pico-sdk/src/rp2_common/pico_runtime_init/runtime_init.c.o
                0x10004f58                __pre_init_runtime_init_per_core_bootrom_reset
 .preinit_array.ZZZZZ.00200
                0x10004f5c        0x4 CMakeFiles/audio_bootloader.dir/Users/yangwenhaomac/Library/Arduino15/packages/rp2040/hardware/rp2040/5.5.0/pico-sdk/src/rp2_common/pico_runtime_init/runtime_init.c.o
                0x10004f5c                __pre_init_runtime_init_per_core_enable_coprocessors
 .preinit_array.ZZZZZ.01000
                0x10004f60        0x4 CMakeFiles/audio_bootloader.dir/Users/yangwenhaomac/Library/Arduino15/packages/rp2040/hardware/rp2040/5.5.0/pico-sdk/src/rp2_common/hardware_sync_spin_lock/sync_spin_lock.c.o
                0x10004f60                __pre_init_spinlock_set_extexclall
 .preinit_array.ZZZZZ.01200
                0x10004f64        0x4 CMakeFiles/audio_bootloader.dir/Users/yangwenhaomac/Library/Arduino15/packages/rp2040/hardware/rp2040/5.5.0/pico-sdk/src/rp2_common/hardware_irq/irq.c.o
                0x10004f64                __pre_init_runtime_init_per_core_irq_priorities
 *(.preinit_array)
                0x10004f68                        PROVIDE (__preinit_array_end = .)
                0x10004f68                        . = ALIGN (0x4)
                0x10004f68                        PROVIDE (__init_array_start = .)
 *(SORT_BY_NAME(.init_array.*))
 *(.init_array)
 .init_array    0x10004f68        0x4 /Users/yangwenhaomac/Library/Arduino15/packages/rp2040/tools/pqt-gcc/4.1.0-1aec55e/bin/../lib/gcc/arm-none-eabi/14.3.0/thumb/crtbegin.o
 .init_array    0x10004f6c        0x4 CMakeFiles/audio_bootloader.dir/Users/yangwenhaomac/Library/Arduino15/packages/rp2040/hardware/rp2040/5.5.0/pico-sdk/src/rp2_common/cmsis/stub/CMSIS/Device/RP2350/Source/system_RP2350.c.o
                0x10004f70                        PROVIDE (__init_array_end = .)
                0x10004f70                        . = ALIGN (0x4)
                0x10004f70                        PROVIDE (__fini_array_start = .)
 *(SORT_BY_NAME(.fini_array.*))
 *(.fini_array)
                0x10004f70                        PROVIDE (__fini_array_end = .)
 *(.eh_frame*)
 .eh_frame      0x10004f70        0x0 /Users/yangwenhaomac/Library/Arduino15/packages/rp2040/tools/pqt-gcc/4.1.0-1aec55e/bin/../lib/gcc/arm-none-eabi/14.3.0/thumb/crtbegin.o
                0x10004f70                        . = ALIGN (0x4)

.glue_7         0x10004f70        0x0
 .glue_7        0x10004f70        0x0 linker stubs

.glue_7t        0x10004f70        0x0
 .glue_7t       0x10004f70        0x0 linker stubs

.vfp11_veneer   0x10004f70        0x0
 .vfp11_veneer  0x10004f70        0x0 linker stubs

.v4_bx          0x10004f70        0x0
 .v4_bx         0x10004f70        0x0 linker stubs

.iplt           0x10004f70        0x0
 .iplt          0x10004f70        0x0 /Users/yangwenhaomac/Library/Arduino15/packages/rp2040/tools/pqt-gcc/4.1.0-1aec55e/bin/../lib/gcc/arm-none-eabi/14.3.0/thumb/crtbegin.o

.boot2          0x10004f70        0x0
                0x10004f70                        __boot2_start__ = .
 *(.boot2)
                0x10004f70                        __boot2_end__ = .
                0x00000001                        ASSERT (((__boot2_end__ - __boot2_start__) <= 0x100), ERROR: Pico second stage bootloader must be no more than 256 bytes in size)

.rodata         0x10004f70      0x278
 *(EXCLUDE_FILE(*libm.a: *libc.a:*lib_a-mem*.o *libgcc.a:) .rodata*)
 .rodata._ZN16audio_bootloader12_GLOBAL__N_117JumpToApplicationERKNS_12MetadataPageE.str1.4
                0x10004f70       0xe6 CMakeFiles/audio_bootloader.dir/src/main.cpp.o
                                 0x32 (size before relaxing)
 *fill*         0x10005056        0x2 
 .rodata.CSWTCH.168
                0x10005058        0x7 CMakeFiles/audio_bootloader.dir/src/main.cpp.o
 *fill*         0x1000505f        0x1 
 .rodata._ZN16audio_bootloader12_GLOBAL__N_1L4kOffE
                0x10005060        0x3 CMakeFiles/audio_bootloader.dir/src/main.cpp.o
 *fill*         0x10005063        0x1 
 .rodata._ZN16audio_bootloader12_GLOBAL__N_1L4kRedE
                0x10005064        0x3 CMakeFiles/audio_bootloader.dir/src/main.cpp.o
 *fill*         0x10005067        0x1 
 .rodata._ZN16audio_bootloader12_GLOBAL__N_1L7kOrangeE
                0x10005068        0x3 CMakeFiles/audio_bootloader.dir/src/main.cpp.o
 *fill*         0x1000506b        0x1 
 .rodata._ZN16audio_bootloader12_GLOBAL__N_1L6kGreenE
                0x1000506c        0x3 CMakeFiles/audio_bootloader.dir/src/main.cpp.o
 *fill*         0x1000506f        0x1 
 .rodata._ZN16audio_bootloader12_GLOBAL__N_1L5kBlueE
                0x10005070        0x3 CMakeFiles/audio_bootloader.dir/src/main.cpp.o
 *fill*         0x10005073        0x1 
 .rodata._ZL14ws2812_program
                0x10005074        0x8 CMakeFiles/audio_bootloader.dir/src/ws2812_driver.cpp.o
 .rodata._ZL27ws2812_program_instructions
                0x1000507c        0x8 CMakeFiles/audio_bootloader.dir/src/ws2812_driver.cpp.o
 .rodata.tinf_crc32tab
                0x10005084       0x40 CMakeFiles/audio_bootloader.dir/Users/yangwenhaomac/Library/Arduino15/packages/rp2040/hardware/rp2040/5.5.0/ota/uzlib/src/crc32.c.o
 .rodata.clcidx
                0x100050c4       0x13 CMakeFiles/audio_bootloader.dir/Users/yangwenhaomac/Library/Arduino15/packages/rp2040/hardware/rp2040/5.5.0/ota/uzlib/src/tinflate.c.o
                0x100050c4                clcidx
 *fill*         0x100050d7        0x1 
 .rodata.dist_base
                0x100050d8       0x3c CMakeFiles/audio_bootloader.dir/Users/yangwenhaomac/Library/Arduino15/packages/rp2040/hardware/rp2040/5.5.0/ota/uzlib/src/tinflate.c.o
                0x100050d8                dist_base
 .rodata.dist_bits
                0x10005114       0x1e CMakeFiles/audio_bootloader.dir/Users/yangwenhaomac/Library/Arduino15/packages/rp2040/hardware/rp2040/5.5.0/ota/uzlib/src/tinflate.c.o
                0x10005114                dist_bits
 *fill*         0x10005132        0x2 
 .rodata.length_base
                0x10005134       0x3c CMakeFiles/audio_bootloader.dir/Users/yangwenhaomac/Library/Arduino15/packages/rp2040/hardware/rp2040/5.5.0/ota/uzlib/src/tinflate.c.o
                0x10005134                length_base
 .rodata.length_bits
                0x10005170       0x1e CMakeFiles/audio_bootloader.dir/Users/yangwenhaomac/Library/Arduino15/packages/rp2040/hardware/rp2040/5.5.0/ota/uzlib/src/tinflate.c.o
                0x10005170                length_bits
 .rodata.panic.str1.4
                0x1000518e       0x12 CMakeFiles/audio_bootloader.dir/Users/yangwenhaomac/Library/Arduino15/packages/rp2040/hardware/rp2040/5.5.0/pico-sdk/src/rp2_common/pico_platform_panic/panic.c.o
 .rodata.timer_hardware_alarm_claim.str1.4
                0x1000518e       0x22 CMakeFiles/audio_bootloader.dir/Users/yangwenhaomac/Library/Arduino15/packages/rp2040/hardware/rp2040/5.5.0/pico-sdk/src/rp2_common/hardware_timer/timer.c.o
 .rodata.hard_assertion_failure.str1.4
                0x1000518e        0xc CMakeFiles/audio_bootloader.dir/Users/yangwenhaomac/Library/Arduino15/packages/rp2040/hardware/rp2040/5.5.0/pico-sdk/src/rp2_common/pico_runtime/runtime.c.o
 .rodata.str1.4
                0x1000518e       0x50 CMakeFiles/audio_bootloader.dir/Users/yangwenhaomac/Library/Arduino15/packages/rp2040/hardware/rp2040/5.5.0/pico-sdk/src/rp2_common/pico_standard_binary_info/standard_binary_info.c.o
 *fill*         0x1000518e        0x2 
 .rodata.__bi_84
                0x10005190        0xc CMakeFiles/audio_bootloader.dir/Users/yangwenhaomac/Library/Arduino15/packages/rp2040/hardware/rp2040/5.5.0/pico-sdk/src/rp2_common/pico_standard_binary_info/standard_binary_info.c.o
 .rodata.__bi_78
                0x1000519c        0xc CMakeFiles/audio_bootloader.dir/Users/yangwenhaomac/Library/Arduino15/packages/rp2040/hardware/rp2040/5.5.0/pico-sdk/src/rp2_common/pico_standard_binary_info/standard_binary_info.c.o
 .rodata.__bi_54
                0x100051a8        0xc CMakeFiles/audio_bootloader.dir/Users/yangwenhaomac/Library/Arduino15/packages/rp2040/hardware/rp2040/5.5.0/pico-sdk/src/rp2_common/pico_standard_binary_info/standard_binary_info.c.o
 .rodata.__bi_48
                0x100051b4        0xc CMakeFiles/audio_bootloader.dir/Users/yangwenhaomac/Library/Arduino15/packages/rp2040/hardware/rp2040/5.5.0/pico-sdk/src/rp2_common/pico_standard_binary_info/standard_binary_info.c.o
 .rodata.__bi_42
                0x100051c0        0xc CMakeFiles/audio_bootloader.dir/Users/yangwenhaomac/Library/Arduino15/packages/rp2040/hardware/rp2040/5.5.0/pico-sdk/src/rp2_common/pico_standard_binary_info/standard_binary_info.c.o
 .rodata.__bi_34
                0x100051cc        0xc CMakeFiles/audio_bootloader.dir/Users/yangwenhaomac/Library/Arduino15/packages/rp2040/hardware/rp2040/5.5.0/pico-sdk/src/rp2_common/pico_standard_binary_info/standard_binary_info.c.o
 .rodata.__bi_26
                0x100051d8        0xc CMakeFiles/audio_bootloader.dir/Users/yangwenhaomac/Library/Arduino15/packages/rp2040/hardware/rp2040/5.5.0/pico-sdk/src/rp2_common/pico_standard_binary_info/standard_binary_info.c.o
 .rodata.crlf_str.0
                0x100051e4        0x2 CMakeFiles/audio_bootloader.dir/Users/yangwenhaomac/Library/Arduino15/packages/rp2040/hardware/rp2040/5.5.0/pico-sdk/src/rp2_common/pico_stdio/stdio.c.o
 .rodata.dma_claim_unused_channel.str1.4
                0x100051e6       0x1e CMakeFiles/audio_bootloader.dir/Users/yangwenhaomac/Library/Arduino15/packages/rp2040/hardware/rp2040/5.5.0/pico-sdk/src/rp2_common/hardware_dma/dma.c.o
 *(.srodata*)
                0x10005204                        . = ALIGN (0x4)
 *fill*         0x100051e6        0x2 
 *(SORT_BY_ALIGNMENT(SORT_BY_NAME(.flashdata*)))
                0x100051e8                        . = ALIGN (0x4)

.ARM.extab
 *(.ARM.extab* .gnu.linkonce.armextab.*)
                0x100051e8                        __exidx_start = .

.ARM.exidx      0x100051e8        0x8
 *(.ARM.exidx* .gnu.linkonce.armexidx.*)
 .ARM.exidx     0x100051e8        0x8 /Users/yangwenhaomac/Library/Arduino15/packages/rp2040/tools/pqt-gcc/4.1.0-1aec55e/bin/../lib/gcc/arm-none-eabi/14.3.0/thumb/libgcc.a(_udivmoddi4.o)
                0x100051f0                        __exidx_end = .
                0x100051f0                        . = ALIGN (0x4)
                0x100051f0                        __binary_info_start = .

.binary_info    0x100051f0       0x1c
 *(.binary_info.keep.*)
 .binary_info.keep.__bi_ptr84
                0x100051f0        0x4 CMakeFiles/audio_bootloader.dir/Users/yangwenhaomac/Library/Arduino15/packages/rp2040/hardware/rp2040/5.5.0/pico-sdk/src/rp2_common/pico_standard_binary_info/standard_binary_info.c.o
 .binary_info.keep.__bi_ptr78
                0x100051f4        0x4 CMakeFiles/audio_bootloader.dir/Users/yangwenhaomac/Library/Arduino15/packages/rp2040/hardware/rp2040/5.5.0/pico-sdk/src/rp2_common/pico_standard_binary_info/standard_binary_info.c.o
 .binary_info.keep.__bi_ptr54
                0x100051f8        0x4 CMakeFiles/audio_bootloader.dir/Users/yangwenhaomac/Library/Arduino15/packages/rp2040/hardware/rp2040/5.5.0/pico-sdk/src/rp2_common/pico_standard_binary_info/standard_binary_info.c.o
 .binary_info.keep.__bi_ptr48
                0x100051fc        0x4 CMakeFiles/audio_bootloader.dir/Users/yangwenhaomac/Library/Arduino15/packages/rp2040/hardware/rp2040/5.5.0/pico-sdk/src/rp2_common/pico_standard_binary_info/standard_binary_info.c.o
 .binary_info.keep.__bi_ptr42
                0x10005200        0x4 CMakeFiles/audio_bootloader.dir/Users/yangwenhaomac/Library/Arduino15/packages/rp2040/hardware/rp2040/5.5.0/pico-sdk/src/rp2_common/pico_standard_binary_info/standard_binary_info.c.o
 .binary_info.keep.__bi_ptr34
                0x10005204        0x4 CMakeFiles/audio_bootloader.dir/Users/yangwenhaomac/Library/Arduino15/packages/rp2040/hardware/rp2040/5.5.0/pico-sdk/src/rp2_common/pico_standard_binary_info/standard_binary_info.c.o
 .binary_info.keep.__bi_ptr26
                0x10005208        0x4 CMakeFiles/audio_bootloader.dir/Users/yangwenhaomac/Library/Arduino15/packages/rp2040/hardware/rp2040/5.5.0/pico-sdk/src/rp2_common/pico_standard_binary_info/standard_binary_info.c.o
 *(.binary_info.*)
                0x1000520c                        __binary_info_end = .
                0x1000520c                        . = ALIGN (0x4)

.ram_vector_table
                0x20000000      0x110
 *(.ram_vector_table)
 .ram_vector_table
                0x20000000      0x110 CMakeFiles/audio_bootloader.dir/Users/yangwenhaomac/Library/Arduino15/packages/rp2040/hardware/rp2040/5.5.0/pico-sdk/src/rp2_common/pico_runtime_init/runtime_init.c.o
                0x20000000                ram_vector_table

.uninitialized_data
                0x20000110        0x0
                0x20000110                        . = ALIGN (0x4)
 *(.uninitialized_data*)

.data           0x20000110      0x5fc load address 0x1000520c
                0x20000110                        __data_start__ = .
 *(vtable)
 *(.time_critical*)
 .time_critical.mutex_enter_block_until
                0x20000110       0x6c CMakeFiles/audio_bootloader.dir/Users/yangwenhaomac/Library/Arduino15/packages/rp2040/hardware/rp2040/5.5.0/pico-sdk/src/common/pico_sync/mutex.c.o
                0x20000110                mutex_enter_block_until
 .time_critical.mutex_try_enter_block_until
                0x2000017c       0x68 CMakeFiles/audio_bootloader.dir/Users/yangwenhaomac/Library/Arduino15/packages/rp2040/hardware/rp2040/5.5.0/pico-sdk/src/common/pico_sync/mutex.c.o
                0x2000017c                mutex_try_enter_block_until
 .time_critical.mutex_exit
                0x200001e4       0x3c CMakeFiles/audio_bootloader.dir/Users/yangwenhaomac/Library/Arduino15/packages/rp2040/hardware/rp2040/5.5.0/pico-sdk/src/common/pico_sync/mutex.c.o
                0x200001e4                mutex_exit
 .time_critical.flash_init_boot2_copyout
                0x20000220       0x34 CMakeFiles/audio_bootloader.dir/Users/yangwenhaomac/Library/Arduino15/packages/rp2040/hardware/rp2040/5.5.0/pico-sdk/src/rp2_common/hardware_flash/flash.c.o
 .time_critical.flash_enable_xip_via_boot2
                0x20000254        0x8 CMakeFiles/audio_bootloader.dir/Users/yangwenhaomac/Library/Arduino15/packages/rp2040/hardware/rp2040/5.5.0/pico-sdk/src/rp2_common/hardware_flash/flash.c.o
 .time_critical.flash_rp2350_save_qmi_cs1
                0x2000025c       0x14 CMakeFiles/audio_bootloader.dir/Users/yangwenhaomac/Library/Arduino15/packages/rp2040/hardware/rp2040/5.5.0/pico-sdk/src/rp2_common/hardware_flash/flash.c.o
 .time_critical.flash_devinfo_ptr
                0x20000270       0x14 CMakeFiles/audio_bootloader.dir/Users/yangwenhaomac/Library/Arduino15/packages/rp2040/hardware/rp2040/5.5.0/pico-sdk/src/rp2_common/hardware_flash/flash.c.o
 .time_critical.flash_save_hardware_state
                0x20000284       0x30 CMakeFiles/audio_bootloader.dir/Users/yangwenhaomac/Library/Arduino15/packages/rp2040/hardware/rp2040/5.5.0/pico-sdk/src/rp2_common/hardware_flash/flash.c.o
 .time_critical.flash_devinfo_get_cs_size
                0x200002b4       0x18 CMakeFiles/audio_bootloader.dir/Users/yangwenhaomac/Library/Arduino15/packages/rp2040/hardware/rp2040/5.5.0/pico-sdk/src/rp2_common/hardware_flash/flash.c.o
                0x200002b4                flash_devinfo_get_cs_size
 .time_critical.flash_rp2350_restore_qmi_cs1
                0x200002cc       0x30 CMakeFiles/audio_bootloader.dir/Users/yangwenhaomac/Library/Arduino15/packages/rp2040/hardware/rp2040/5.5.0/pico-sdk/src/rp2_common/hardware_flash/flash.c.o
 .time_critical.flash_restore_hardware_state
                0x200002fc       0x24 CMakeFiles/audio_bootloader.dir/Users/yangwenhaomac/Library/Arduino15/packages/rp2040/hardware/rp2040/5.5.0/pico-sdk/src/rp2_common/hardware_flash/flash.c.o
 .time_critical.flash_range_erase
                0x20000320       0xac CMakeFiles/audio_bootloader.dir/Users/yangwenhaomac/Library/Arduino15/packages/rp2040/hardware/rp2040/5.5.0/pico-sdk/src/rp2_common/hardware_flash/flash.c.o
                0x20000320                flash_range_erase
 .time_critical.flash_range_program
                0x200003cc       0xac CMakeFiles/audio_bootloader.dir/Users/yangwenhaomac/Library/Arduino15/packages/rp2040/hardware/rp2040/5.5.0/pico-sdk/src/rp2_common/hardware_flash/flash.c.o
                0x200003cc                flash_range_program
 .time_critical.xip_cache_maintain
                0x20000478       0x20 CMakeFiles/audio_bootloader.dir/Users/yangwenhaomac/Library/Arduino15/packages/rp2040/hardware/rp2040/5.5.0/pico-sdk/src/rp2_common/hardware_xip_cache/xip_cache.c.o
 .time_critical.xip_cache_clean_all
                0x20000498       0x10 CMakeFiles/audio_bootloader.dir/Users/yangwenhaomac/Library/Arduino15/packages/rp2040/hardware/rp2040/5.5.0/pico-sdk/src/rp2_common/hardware_xip_cache/xip_cache.c.o
                0x20000498                xip_cache_clean_all
 *(.text*)
 .text          0x200004a8       0x40 /Users/yangwenhaomac/Library/Arduino15/packages/rp2040/tools/pqt-gcc/4.1.0-1aec55e/bin/../lib/gcc/arm-none-eabi/14.3.0/thumb/libgcc.a(_aeabi_uldivmod.o)
                0x200004a8                __aeabi_uldivmod
 .text          0x200004e8      0x198 /Users/yangwenhaomac/Library/Arduino15/packages/rp2040/tools/pqt-gcc/4.1.0-1aec55e/bin/../lib/gcc/arm-none-eabi/14.3.0/thumb/libgcc.a(_udivmoddi4.o)
                0x200004e8                __udivmoddi4
 .text          0x20000680        0x4 /Users/yangwenhaomac/Library/Arduino15/packages/rp2040/tools/pqt-gcc/4.1.0-1aec55e/bin/../lib/gcc/arm-none-eabi/14.3.0/thumb/libgcc.a(_dvmd_tls.o)
                0x20000680                __aeabi_ldiv0
                0x20000680                __aeabi_idiv0
 .text          0x20000684       0x3c /Users/yangwenhaomac/Library/Arduino15/packages/rp2040/tools/pqt-gcc/4.1.0-1aec55e/bin/../lib/gcc/arm-none-eabi/14.3.0/thumb/libgcc.a(_clzsi2.o)
                0x20000684                __clzsi2
 .text          0x200006c0       0x18 /Users/yangwenhaomac/Library/Arduino15/packages/rp2040/tools/pqt-gcc/4.1.0-1aec55e/bin/../lib/gcc/arm-none-eabi/14.3.0/thumb/libgcc.a(_clzdi2.o)
                0x200006c0                __clzdi2
 .text.__stub   0x200006d8       0x10 linker stubs
                0x200006e8                        . = ALIGN (0x4)
 *(.rodata*)
                0x200006e8                        . = ALIGN (0x4)
 *(.data*)
 .data.striped_spin_lock_num
                0x200006e8        0x1 CMakeFiles/audio_bootloader.dir/Users/yangwenhaomac/Library/Arduino15/packages/rp2040/hardware/rp2040/5.5.0/pico-sdk/src/rp2_common/hardware_sync/sync.c.o
 *fill*         0x200006e9        0x3 
 .data.default_alarm_pool
                0x200006ec       0x18 CMakeFiles/audio_bootloader.dir/Users/yangwenhaomac/Library/Arduino15/packages/rp2040/hardware/rp2040/5.5.0/pico-sdk/src/common/pico_time/time.c.o
 *(.sdata*)
                0x20000704                        . = ALIGN (0x4)
 *(.after_data.*)
                0x20000704                        . = ALIGN (0x4)
                0x20000704                        PROVIDE (__mutex_array_start = .)
 *(SORT_BY_NAME(.mutex_array.*))
 *(.mutex_array)
 .mutex_array   0x20000704        0x8 CMakeFiles/audio_bootloader.dir/Users/yangwenhaomac/Library/Arduino15/packages/rp2040/hardware/rp2040/5.5.0/pico-sdk/src/rp2_common/pico_stdio/stdio.c.o
                0x2000070c                        PROVIDE (__mutex_array_end = .)
 *(.jcr)
                0x2000070c                        . = ALIGN (0x4)

.tm_clone_table
                0x2000070c        0x0 load address 0x10005808
 .tm_clone_table
                0x2000070c        0x0 /Users/yangwenhaomac/Library/Arduino15/packages/rp2040/tools/pqt-gcc/4.1.0-1aec55e/bin/../lib/gcc/arm-none-eabi/14.3.0/thumb/crtbegin.o
 .tm_clone_table
                0x2000070c        0x0 /Users/yangwenhaomac/Library/Arduino15/packages/rp2040/tools/pqt-gcc/4.1.0-1aec55e/bin/../lib/gcc/arm-none-eabi/14.3.0/thumb/crtend.o

.igot.plt       0x2000070c        0x0 load address 0x10005808
 .igot.plt      0x2000070c        0x0 /Users/yangwenhaomac/Library/Arduino15/packages/rp2040/tools/pqt-gcc/4.1.0-1aec55e/bin/../lib/gcc/arm-none-eabi/14.3.0/thumb/crtbegin.o

.tdata          0x2000070c        0x0 load address 0x10005808
                0x2000070c                        . = ALIGN (0x4)
 *(.tdata .tdata.* .gnu.linkonce.td.*)
                0x2000070c                        __tdata_end = .
                0x2000070c                        PROVIDE (__data_end__ = .)
                0x1000520c                        __etext = LOADADDR (.data)

.tbss           0x2000070c        0x0 load address 0x10005808
                0x2000070c                        . = ALIGN (0x4)
                0x2000070c                        __bss_start__ = .
                0x2000070c                        __tls_base = .
 *(.tbss .tbss.* .gnu.linkonce.tb.*)
 *(.tcommon)
                0x2000070c                        __tls_end = .

.bss            0x20000710    0x49a58 load address 0x10005808
                0x20000710                        . = ALIGN (0x4)
                0x20000710                        __tbss_end = .
 *(SORT_BY_ALIGNMENT(SORT_BY_NAME(.bss*)))
 .bss.default_alarm_pool_entries
                0x20000710      0x180 CMakeFiles/audio_bootloader.dir/Users/yangwenhaomac/Library/Arduino15/packages/rp2040/hardware/rp2040/5.5.0/pico-sdk/src/common/pico_time/time.c.o
 .bss           0x20000890       0x1c /Users/yangwenhaomac/Library/Arduino15/packages/rp2040/tools/pqt-gcc/4.1.0-1aec55e/bin/../lib/gcc/arm-none-eabi/14.3.0/thumb/crtbegin.o
 .bss.SystemCoreClock
                0x200008ac        0x4 CMakeFiles/audio_bootloader.dir/Users/yangwenhaomac/Library/Arduino15/packages/rp2040/hardware/rp2040/5.5.0/pico-sdk/src/rp2_common/cmsis/stub/CMSIS/Device/RP2350/Source/system_RP2350.c.o
                0x200008ac                SystemCoreClock
 .bss._ZGVZ4mainE3app
                0x200008b0        0x4 CMakeFiles/audio_bootloader.dir/src/main.cpp.o
 .bss._ZN16audio_bootloader12_GLOBAL__N_112AudioCapture9instance_E
                0x200008b4        0x4 CMakeFiles/audio_bootloader.dir/src/main.cpp.o
 .bss._ZZ4mainE3app
                0x200008b8    0x49720 CMakeFiles/audio_bootloader.dir/src/main.cpp.o
 .bss._sw_spin_locks
                0x20049fd8       0x20 CMakeFiles/audio_bootloader.dir/Users/yangwenhaomac/Library/Arduino15/packages/rp2040/hardware/rp2040/5.5.0/pico-sdk/src/rp2_common/hardware_sync_spin_lock/sync_spin_lock.c.o
                0x20049fd8                _sw_spin_locks
 .bss._used_instruction_space
                0x20049ff8        0xc CMakeFiles/audio_bootloader.dir/Users/yangwenhaomac/Library/Arduino15/packages/rp2040/hardware/rp2040/5.5.0/pico-sdk/src/rp2_common/hardware_pio/pio.c.o
 .bss.boot2_copyout
                0x2004a004      0x100 CMakeFiles/audio_bootloader.dir/Users/yangwenhaomac/Library/Arduino15/packages/rp2040/hardware/rp2040/5.5.0/pico-sdk/src/rp2_common/hardware_flash/flash.c.o
 .bss.claimed   0x2004a104        0x2 CMakeFiles/audio_bootloader.dir/Users/yangwenhaomac/Library/Arduino15/packages/rp2040/hardware/rp2040/5.5.0/pico-sdk/src/rp2_common/hardware_timer/timer.c.o
 *fill*         0x2004a106        0x2 
 .bss.configured_freq
                0x2004a108       0x28 CMakeFiles/audio_bootloader.dir/Users/yangwenhaomac/Library/Arduino15/packages/rp2040/hardware/rp2040/5.5.0/pico-sdk/src/rp2_common/hardware_clocks/clocks.c.o
 .bss.drivers   0x2004a130        0x4 CMakeFiles/audio_bootloader.dir/Users/yangwenhaomac/Library/Arduino15/packages/rp2040/hardware/rp2040/5.5.0/pico-sdk/src/rp2_common/pico_stdio/stdio.c.o
 .bss.filter    0x2004a134        0x4 CMakeFiles/audio_bootloader.dir/Users/yangwenhaomac/Library/Arduino15/packages/rp2040/hardware/rp2040/5.5.0/pico-sdk/src/rp2_common/pico_stdio/stdio.c.o
 .bss.lazy_vsnprintf
                0x2004a138        0x4 CMakeFiles/audio_bootloader.dir/Users/yangwenhaomac/Library/Arduino15/packages/rp2040/hardware/rp2040/5.5.0/pico-sdk/src/rp2_common/pico_printf/printf.c.o
 .bss.load_value
                0x2004a13c        0x4 CMakeFiles/audio_bootloader.dir/Users/yangwenhaomac/Library/Arduino15/packages/rp2040/hardware/rp2040/5.5.0/pico-sdk/src/rp2_common/hardware_watchdog/watchdog.c.o
 .bss.pools     0x2004a140       0x20 CMakeFiles/audio_bootloader.dir/Users/yangwenhaomac/Library/Arduino15/packages/rp2040/hardware/rp2040/5.5.0/pico-sdk/src/common/pico_time/time.c.o
 .bss.sleep_notifier
                0x2004a160        0x4 CMakeFiles/audio_bootloader.dir/Users/yangwenhaomac/Library/Arduino15/packages/rp2040/hardware/rp2040/5.5.0/pico-sdk/src/common/pico_time/time.c.o
 .bss._claimed  0x2004a164        0x2 CMakeFiles/audio_bootloader.dir/Users/yangwenhaomac/Library/Arduino15/packages/rp2040/hardware/rp2040/5.5.0/pico-sdk/src/rp2_common/hardware_dma/dma.c.o
 .bss.boot2_copyout_valid
                0x2004a166        0x1 CMakeFiles/audio_bootloader.dir/Users/yangwenhaomac/Library/Arduino15/packages/rp2040/hardware/rp2040/5.5.0/pico-sdk/src/rp2_common/hardware_flash/flash.c.o
 *(COMMON)
                [!provide]                        PROVIDE (__global_pointer$ = (. + 0x800))
 *(.sbss*)
                0x2004a168                        . = ALIGN (0x4)
 *fill*         0x2004a167        0x1 
                0x2004a168                        __bss_end__ = .

.heap           0x2004a168      0x800 load address 0x10005808
                0x2004a168                        __end__ = .
                0x2004a168                        end = __end__
 *(.heap*)
 .heap          0x2004a168      0x800 CMakeFiles/audio_bootloader.dir/Users/yangwenhaomac/Library/Arduino15/packages/rp2040/hardware/rp2040/5.5.0/pico-sdk/src/rp2_common/pico_crt0/crt0.S.o
                0x20080000                        __HeapLimit = (ORIGIN (RAM) + LENGTH (RAM))

.scratch_x      0x20080000        0x0 load address 0x10005808
                0x20080000                        __scratch_x_start__ = .
 *(.scratch_x.*)
                0x20080000                        . = ALIGN (0x4)
                0x20080000                        __scratch_x_end__ = .
                0x10005808                        __scratch_x_source__ = LOADADDR (.scratch_x)

.scratch_y      0x20081000        0x0 load address 0x10005808
                0x20081000                        __scratch_y_start__ = .
 *(.scratch_y.*)
                0x20081000                        . = ALIGN (0x4)
                0x20081000                        __scratch_y_end__ = .
                0x10005808                        __scratch_y_source__ = LOADADDR (.scratch_y)

.stack1_dummy
 *(.stack1*)

.stack_dummy    0x20081000      0x800
 *(.stack*)
 .stack         0x20081000      0x800 CMakeFiles/audio_bootloader.dir/Users/yangwenhaomac/Library/Arduino15/packages/rp2040/hardware/rp2040/5.5.0/pico-sdk/src/rp2_common/pico_crt0/crt0.S.o

.flash_end      0x10005808       0x14
 *(.embedded_end_block*)
 .embedded_end_block
                0x10005808       0x14 CMakeFiles/audio_bootloader.dir/Users/yangwenhaomac/Library/Arduino15/packages/rp2040/hardware/rp2040/5.5.0/pico-sdk/src/rp2_common/pico_crt0/crt0.S.o
                0x1000581c                        PROVIDE (__flash_binary_end = .)
                0x20080000                        __StackLimit = (ORIGIN (RAM) + LENGTH (RAM))
                0x20081000                        __StackOneTop = (ORIGIN (SCRATCH_X) + LENGTH (SCRATCH_X))
                0x20082000                        __StackTop = (ORIGIN (SCRATCH_Y) + LENGTH (SCRATCH_Y))
                0x20081000                        __StackOneBottom = (__StackOneTop - SIZEOF (.stack1_dummy))
                0x20081800                        __StackBottom = (__StackTop - SIZEOF (.stack_dummy))
                0x20082000                        PROVIDE (__stack = __StackTop)
                [!provide]                        PROVIDE (__heap_start = __end__)
                [!provide]                        PROVIDE (__heap_end = __HeapLimit)
                [!provide]                        PROVIDE (__tls_align = MAX (ALIGNOF (.tdata), ALIGNOF (.tbss)))
                [!provide]                        PROVIDE (__tls_size_align = (((__tls_size + __tls_align) - 0x1) & ~ ((__tls_align - 0x1))))
                [!provide]                        PROVIDE (__arm32_tls_tcb_offset = MAX (0x8, __tls_align))
                [!provide]                        PROVIDE (_end = __end__)
                [!provide]                        PROVIDE (__llvm_libc_heap_limit = __HeapLimit)
                0x00000001                        ASSERT ((__StackLimit >= __HeapLimit), region RAM overflowed)
                0x00000001                        ASSERT (((__binary_info_header_end - __logical_binary_start) <= 0x400), Binary info must be in first 1024 bytes of the binary)
                0x00000001                        ASSERT (((__embedded_block_end - __logical_binary_start) <= 0x1000), Embedded block must be in first 4096 bytes of the binary)
LOAD CMakeFiles/audio_bootloader.dir/src/main.cpp.o
LOAD CMakeFiles/audio_bootloader.dir/src/fsk_codec.cpp.o
LOAD CMakeFiles/audio_bootloader.dir/src/ws2812_driver.cpp.o
LOAD CMakeFiles/audio_bootloader.dir/Users/yangwenhaomac/Library/Arduino15/packages/rp2040/hardware/rp2040/5.5.0/ota/uzlib/src/adler32.c.o
LOAD CMakeFiles/audio_bootloader.dir/Users/yangwenhaomac/Library/Arduino15/packages/rp2040/hardware/rp2040/5.5.0/ota/uzlib/src/crc32.c.o
LOAD CMakeFiles/audio_bootloader.dir/Users/yangwenhaomac/Library/Arduino15/packages/rp2040/hardware/rp2040/5.5.0/ota/uzlib/src/tinflate.c.o
LOAD CMakeFiles/audio_bootloader.dir/Users/yangwenhaomac/Library/Arduino15/packages/rp2040/hardware/rp2040/5.5.0/ota/uzlib/src/tinfzlib.c.o
LOAD CMakeFiles/audio_bootloader.dir/Users/yangwenhaomac/Library/Arduino15/packages/rp2040/hardware/rp2040/5.5.0/pico-sdk/src/rp2_common/cmsis/stub/CMSIS/Device/RP2350/Source/system_RP2350.c.o
LOAD CMakeFiles/audio_bootloader.dir/Users/yangwenhaomac/Library/Arduino15/packages/rp2040/hardware/rp2040/5.5.0/pico-sdk/src/rp2_common/hardware_clocks/clocks.c.o
LOAD CMakeFiles/audio_bootloader.dir/Users/yangwenhaomac/Library/Arduino15/packages/rp2040/hardware/rp2040/5.5.0/pico-sdk/src/rp2350/pico_platform/platform.c.o
LOAD CMakeFiles/audio_bootloader.dir/Users/yangwenhaomac/Library/Arduino15/packages/rp2040/hardware/rp2040/5.5.0/pico-sdk/src/rp2_common/pico_platform_common/common.c.o
LOAD CMakeFiles/audio_bootloader.dir/Users/yangwenhaomac/Library/Arduino15/packages/rp2040/hardware/rp2040/5.5.0/pico-sdk/src/rp2_common/pico_platform_panic/panic.c.o
LOAD CMakeFiles/audio_bootloader.dir/Users/yangwenhaomac/Library/Arduino15/packages/rp2040/hardware/rp2040/5.5.0/pico-sdk/src/common/hardware_claim/claim.c.o
LOAD CMakeFiles/audio_bootloader.dir/Users/yangwenhaomac/Library/Arduino15/packages/rp2040/hardware/rp2040/5.5.0/pico-sdk/src/rp2_common/hardware_sync/sync.c.o
LOAD CMakeFiles/audio_bootloader.dir/Users/yangwenhaomac/Library/Arduino15/packages/rp2040/hardware/rp2040/5.5.0/pico-sdk/src/rp2_common/hardware_sync_spin_lock/sync_spin_lock.c.o
LOAD CMakeFiles/audio_bootloader.dir/Users/yangwenhaomac/Library/Arduino15/packages/rp2040/hardware/rp2040/5.5.0/pico-sdk/src/rp2_common/hardware_gpio/gpio.c.o
LOAD CMakeFiles/audio_bootloader.dir/Users/yangwenhaomac/Library/Arduino15/packages/rp2040/hardware/rp2040/5.5.0/pico-sdk/src/rp2_common/hardware_irq/irq.c.o
LOAD CMakeFiles/audio_bootloader.dir/Users/yangwenhaomac/Library/Arduino15/packages/rp2040/hardware/rp2040/5.5.0/pico-sdk/src/rp2_common/hardware_irq/irq_handler_chain.S.o
LOAD CMakeFiles/audio_bootloader.dir/Users/yangwenhaomac/Library/Arduino15/packages/rp2040/hardware/rp2040/5.5.0/pico-sdk/src/common/pico_sync/sem.c.o
LOAD CMakeFiles/audio_bootloader.dir/Users/yangwenhaomac/Library/Arduino15/packages/rp2040/hardware/rp2040/5.5.0/pico-sdk/src/common/pico_sync/lock_core.c.o
LOAD CMakeFiles/audio_bootloader.dir/Users/yangwenhaomac/Library/Arduino15/packages/rp2040/hardware/rp2040/5.5.0/pico-sdk/src/common/pico_sync/mutex.c.o
LOAD CMakeFiles/audio_bootloader.dir/Users/yangwenhaomac/Library/Arduino15/packages/rp2040/hardware/rp2040/5.5.0/pico-sdk/src/common/pico_sync/critical_section.c.o
LOAD CMakeFiles/audio_bootloader.dir/Users/yangwenhaomac/Library/Arduino15/packages/rp2040/hardware/rp2040/5.5.0/pico-sdk/src/common/pico_time/time.c.o
LOAD CMakeFiles/audio_bootloader.dir/Users/yangwenhaomac/Library/Arduino15/packages/rp2040/hardware/rp2040/5.5.0/pico-sdk/src/common/pico_time/timeout_helper.c.o
LOAD CMakeFiles/audio_bootloader.dir/Users/yangwenhaomac/Library/Arduino15/packages/rp2040/hardware/rp2040/5.5.0/pico-sdk/src/rp2_common/hardware_timer/timer.c.o
LOAD CMakeFiles/audio_bootloader.dir/Users/yangwenhaomac/Library/Arduino15/packages/rp2040/hardware/rp2040/5.5.0/pico-sdk/src/common/pico_util/datetime.c.o
LOAD CMakeFiles/audio_bootloader.dir/Users/yangwenhaomac/Library/Arduino15/packages/rp2040/hardware/rp2040/5.5.0/pico-sdk/src/common/pico_util/pheap.c.o
LOAD CMakeFiles/audio_bootloader.dir/Users/yangwenhaomac/Library/Arduino15/packages/rp2040/hardware/rp2040/5.5.0/pico-sdk/src/common/pico_util/queue.c.o
LOAD CMakeFiles/audio_bootloader.dir/Users/yangwenhaomac/Library/Arduino15/packages/rp2040/hardware/rp2040/5.5.0/pico-sdk/src/rp2_common/hardware_pll/pll.c.o
LOAD CMakeFiles/audio_bootloader.dir/Users/yangwenhaomac/Library/Arduino15/packages/rp2040/hardware/rp2040/5.5.0/pico-sdk/src/rp2_common/hardware_vreg/vreg.c.o
LOAD CMakeFiles/audio_bootloader.dir/Users/yangwenhaomac/Library/Arduino15/packages/rp2040/hardware/rp2040/5.5.0/pico-sdk/src/rp2_common/hardware_watchdog/watchdog.c.o
LOAD CMakeFiles/audio_bootloader.dir/Users/yangwenhaomac/Library/Arduino15/packages/rp2040/hardware/rp2040/5.5.0/pico-sdk/src/rp2_common/hardware_ticks/ticks.c.o
LOAD CMakeFiles/audio_bootloader.dir/Users/yangwenhaomac/Library/Arduino15/packages/rp2040/hardware/rp2040/5.5.0/pico-sdk/src/rp2_common/pico_bootrom/bootrom.c.o
LOAD CMakeFiles/audio_bootloader.dir/Users/yangwenhaomac/Library/Arduino15/packages/rp2040/hardware/rp2040/5.5.0/pico-sdk/src/rp2_common/pico_bootrom/bootrom_lock.c.o
LOAD CMakeFiles/audio_bootloader.dir/Users/yangwenhaomac/Library/Arduino15/packages/rp2040/hardware/rp2040/5.5.0/pico-sdk/src/rp2_common/hardware_boot_lock/boot_lock.c.o
LOAD CMakeFiles/audio_bootloader.dir/Users/yangwenhaomac/Library/Arduino15/packages/rp2040/hardware/rp2040/5.5.0/pico-sdk/src/rp2_common/pico_flash/flash.c.o
LOAD CMakeFiles/audio_bootloader.dir/Users/yangwenhaomac/Library/Arduino15/packages/rp2040/hardware/rp2040/5.5.0/pico-sdk/src/rp2_common/hardware_xosc/xosc.c.o
LOAD CMakeFiles/audio_bootloader.dir/Users/yangwenhaomac/Library/Arduino15/packages/rp2040/hardware/rp2040/5.5.0/pico-sdk/src/rp2_common/pico_stdlib/stdlib.c.o
LOAD CMakeFiles/audio_bootloader.dir/Users/yangwenhaomac/Library/Arduino15/packages/rp2040/hardware/rp2040/5.5.0/pico-sdk/src/rp2_common/hardware_uart/uart.c.o
LOAD CMakeFiles/audio_bootloader.dir/Users/yangwenhaomac/Library/Arduino15/packages/rp2040/hardware/rp2040/5.5.0/pico-sdk/src/rp2_common/hardware_divider/divider.c.o
LOAD CMakeFiles/audio_bootloader.dir/Users/yangwenhaomac/Library/Arduino15/packages/rp2040/hardware/rp2040/5.5.0/pico-sdk/src/rp2_common/pico_runtime/runtime.c.o
LOAD CMakeFiles/audio_bootloader.dir/Users/yangwenhaomac/Library/Arduino15/packages/rp2040/hardware/rp2040/5.5.0/pico-sdk/src/rp2_common/pico_runtime_init/runtime_init.c.o
LOAD CMakeFiles/audio_bootloader.dir/Users/yangwenhaomac/Library/Arduino15/packages/rp2040/hardware/rp2040/5.5.0/pico-sdk/src/rp2_common/pico_runtime_init/runtime_init_clocks.c.o
LOAD CMakeFiles/audio_bootloader.dir/Users/yangwenhaomac/Library/Arduino15/packages/rp2040/hardware/rp2040/5.5.0/pico-sdk/src/rp2_common/pico_runtime_init/runtime_init_stack_guard.c.o
LOAD CMakeFiles/audio_bootloader.dir/Users/yangwenhaomac/Library/Arduino15/packages/rp2040/hardware/rp2040/5.5.0/pico-sdk/src/rp2_common/pico_bit_ops/bit_ops_aeabi.S.o
LOAD CMakeFiles/audio_bootloader.dir/Users/yangwenhaomac/Library/Arduino15/packages/rp2040/hardware/rp2040/5.5.0/pico-sdk/src/rp2_common/pico_divider/divider_compiler.c.o
LOAD CMakeFiles/audio_bootloader.dir/Users/yangwenhaomac/Library/Arduino15/packages/rp2040/hardware/rp2040/5.5.0/pico-sdk/src/rp2_common/pico_double/double_math.c.o
LOAD CMakeFiles/audio_bootloader.dir/Users/yangwenhaomac/Library/Arduino15/packages/rp2040/hardware/rp2040/5.5.0/pico-sdk/src/rp2_common/pico_double/double_aeabi_dcp.S.o
LOAD CMakeFiles/audio_bootloader.dir/Users/yangwenhaomac/Library/Arduino15/packages/rp2040/hardware/rp2040/5.5.0/pico-sdk/src/rp2_common/pico_double/double_fma_dcp.S.o
LOAD CMakeFiles/audio_bootloader.dir/Users/yangwenhaomac/Library/Arduino15/packages/rp2040/hardware/rp2040/5.5.0/pico-sdk/src/rp2_common/pico_double/double_sci_m33.S.o
LOAD CMakeFiles/audio_bootloader.dir/Users/yangwenhaomac/Library/Arduino15/packages/rp2040/hardware/rp2040/5.5.0/pico-sdk/src/rp2_common/pico_double/double_conv_m33.S.o
LOAD CMakeFiles/audio_bootloader.dir/Users/yangwenhaomac/Library/Arduino15/packages/rp2040/hardware/rp2040/5.5.0/pico-sdk/src/rp2_common/pico_float/float_math.c.o
LOAD CMakeFiles/audio_bootloader.dir/Users/yangwenhaomac/Library/Arduino15/packages/rp2040/hardware/rp2040/5.5.0/pico-sdk/src/rp2_common/pico_float/float_conv32_vfp.S.o
LOAD CMakeFiles/audio_bootloader.dir/Users/yangwenhaomac/Library/Arduino15/packages/rp2040/hardware/rp2040/5.5.0/pico-sdk/src/rp2_common/pico_float/float_common_m33.S.o
LOAD CMakeFiles/audio_bootloader.dir/Users/yangwenhaomac/Library/Arduino15/packages/rp2040/hardware/rp2040/5.5.0/pico-sdk/src/rp2_common/pico_float/float_sci_m33_vfp.S.o
LOAD CMakeFiles/audio_bootloader.dir/Users/yangwenhaomac/Library/Arduino15/packages/rp2040/hardware/rp2040/5.5.0/pico-sdk/src/rp2_common/pico_malloc/malloc.c.o
LOAD CMakeFiles/audio_bootloader.dir/Users/yangwenhaomac/Library/Arduino15/packages/rp2040/hardware/rp2040/5.5.0/pico-sdk/src/rp2_common/pico_atomic/atomic.c.o
LOAD CMakeFiles/audio_bootloader.dir/Users/yangwenhaomac/Library/Arduino15/packages/rp2040/hardware/rp2040/5.5.0/pico-sdk/src/rp2_common/pico_cxx_options/new_delete.cpp.o
LOAD CMakeFiles/audio_bootloader.dir/Users/yangwenhaomac/Library/Arduino15/packages/rp2040/hardware/rp2040/5.5.0/pico-sdk/src/rp2_common/pico_standard_binary_info/standard_binary_info.c.o
LOAD CMakeFiles/audio_bootloader.dir/Users/yangwenhaomac/Library/Arduino15/packages/rp2040/hardware/rp2040/5.5.0/pico-sdk/src/rp2_common/pico_printf/printf.c.o
LOAD CMakeFiles/audio_bootloader.dir/Users/yangwenhaomac/Library/Arduino15/packages/rp2040/hardware/rp2040/5.5.0/pico-sdk/src/rp2_common/pico_crt0/crt0.S.o
LOAD CMakeFiles/audio_bootloader.dir/Users/yangwenhaomac/Library/Arduino15/packages/rp2040/hardware/rp2040/5.5.0/pico-sdk/src/rp2_common/pico_clib_interface/newlib_interface.c.o
LOAD CMakeFiles/audio_bootloader.dir/Users/yangwenhaomac/Library/Arduino15/packages/rp2040/hardware/rp2040/5.5.0/pico-sdk/src/rp2_common/pico_stdio/stdio.c.o
LOAD CMakeFiles/audio_bootloader.dir/Users/yangwenhaomac/Library/Arduino15/packages/rp2040/hardware/rp2040/5.5.0/pico-sdk/src/rp2_common/hardware_adc/adc.c.o
LOAD CMakeFiles/audio_bootloader.dir/Users/yangwenhaomac/Library/Arduino15/packages/rp2040/hardware/rp2040/5.5.0/pico-sdk/src/rp2_common/hardware_dma/dma.c.o
LOAD CMakeFiles/audio_bootloader.dir/Users/yangwenhaomac/Library/Arduino15/packages/rp2040/hardware/rp2040/5.5.0/pico-sdk/src/rp2_common/hardware_flash/flash.c.o
LOAD CMakeFiles/audio_bootloader.dir/Users/yangwenhaomac/Library/Arduino15/packages/rp2040/hardware/rp2040/5.5.0/pico-sdk/src/rp2_common/hardware_xip_cache/xip_cache.c.o
LOAD CMakeFiles/audio_bootloader.dir/Users/yangwenhaomac/Library/Arduino15/packages/rp2040/hardware/rp2040/5.5.0/pico-sdk/src/rp2_common/hardware_pio/pio.c.o
LOAD pico-sdk/src/rp2350/boot_stage2/CMakeFiles/bs2_default_library.dir/bs2_default_padded_checksummed.S.o
LOAD /Users/yangwenhaomac/Library/Arduino15/packages/rp2040/tools/pqt-gcc/4.1.0-1aec55e/bin/../lib/gcc/arm-none-eabi/14.3.0/../../../../arm-none-eabi/lib/thumb/libstdc++.a
LOAD /Users/yangwenhaomac/Library/Arduino15/packages/rp2040/tools/pqt-gcc/4.1.0-1aec55e/bin/../lib/gcc/arm-none-eabi/14.3.0/../../../../arm-none-eabi/lib/thumb/libm.a
START GROUP
LOAD /Users/yangwenhaomac/Library/Arduino15/packages/rp2040/tools/pqt-gcc/4.1.0-1aec55e/bin/../lib/gcc/arm-none-eabi/14.3.0/thumb/libgcc.a
LOAD /Users/yangwenhaomac/Library/Arduino15/packages/rp2040/tools/pqt-gcc/4.1.0-1aec55e/bin/../lib/gcc/arm-none-eabi/14.3.0/../../../../arm-none-eabi/lib/thumb/libg.a
LOAD /Users/yangwenhaomac/Library/Arduino15/packages/rp2040/tools/pqt-gcc/4.1.0-1aec55e/bin/../lib/gcc/arm-none-eabi/14.3.0/../../../../arm-none-eabi/lib/thumb/libc.a
END GROUP
START GROUP
LOAD /Users/yangwenhaomac/Library/Arduino15/packages/rp2040/tools/pqt-gcc/4.1.0-1aec55e/bin/../lib/gcc/arm-none-eabi/14.3.0/thumb/libgcc.a
LOAD /Users/yangwenhaomac/Library/Arduino15/packages/rp2040/tools/pqt-gcc/4.1.0-1aec55e/bin/../lib/gcc/arm-none-eabi/14.3.0/../../../../arm-none-eabi/lib/thumb/libc.a
LOAD /Users/yangwenhaomac/Library/Arduino15/packages/rp2040/tools/pqt-gcc/4.1.0-1aec55e/bin/../lib/gcc/arm-none-eabi/14.3.0/../../../../arm-none-eabi/lib/thumb/libnosys.a
END GROUP
LOAD /Users/yangwenhaomac/Library/Arduino15/packages/rp2040/tools/pqt-gcc/4.1.0-1aec55e/bin/../lib/gcc/arm-none-eabi/14.3.0/thumb/crtend.o
LOAD /Users/yangwenhaomac/Library/Arduino15/packages/rp2040/tools/pqt-gcc/4.1.0-1aec55e/bin/../lib/gcc/arm-none-eabi/14.3.0/thumb/crtn.o
OUTPUT(audio_bootloader.elf elf32-littlearm)
LOAD linker stubs

.rel.dyn        0x1000581c        0x0
 .rel.iplt      0x1000581c        0x0 /Users/yangwenhaomac/Library/Arduino15/packages/rp2040/tools/pqt-gcc/4.1.0-1aec55e/bin/../lib/gcc/arm-none-eabi/14.3.0/thumb/crtbegin.o

.ARM.attributes
                0x00000000       0x34
 .ARM.attributes
                0x00000000       0x1e /Users/yangwenhaomac/Library/Arduino15/packages/rp2040/tools/pqt-gcc/4.1.0-1aec55e/bin/../lib/gcc/arm-none-eabi/14.3.0/thumb/crti.o
 .ARM.attributes
                0x0000001e       0x2c /Users/yangwenhaomac/Library/Arduino15/packages/rp2040/tools/pqt-gcc/4.1.0-1aec55e/bin/../lib/gcc/arm-none-eabi/14.3.0/thumb/crtbegin.o
 .ARM.attributes
                0x0000004a       0x38 CMakeFiles/audio_bootloader.dir/src/main.cpp.o
 .ARM.attributes
                0x00000082       0x38 CMakeFiles/audio_bootloader.dir/src/fsk_codec.cpp.o
 .ARM.attributes
                0x000000ba       0x38 CMakeFiles/audio_bootloader.dir/src/ws2812_driver.cpp.o
 .ARM.attributes
                0x000000f2       0x38 CMakeFiles/audio_bootloader.dir/Users/yangwenhaomac/Library/Arduino15/packages/rp2040/hardware/rp2040/5.5.0/ota/uzlib/src/adler32.c.o
 .ARM.attributes
                0x0000012a       0x38 CMakeFiles/audio_bootloader.dir/Users/yangwenhaomac/Library/Arduino15/packages/rp2040/hardware/rp2040/5.5.0/ota/uzlib/src/crc32.c.o
 .ARM.attributes
                0x00000162       0x38 CMakeFiles/audio_bootloader.dir/Users/yangwenhaomac/Library/Arduino15/packages/rp2040/hardware/rp2040/5.5.0/ota/uzlib/src/tinflate.c.o
 .ARM.attributes
                0x0000019a       0x38 CMakeFiles/audio_bootloader.dir/Users/yangwenhaomac/Library/Arduino15/packages/rp2040/hardware/rp2040/5.5.0/ota/uzlib/src/tinfzlib.c.o
 .ARM.attributes
                0x000001d2       0x38 CMakeFiles/audio_bootloader.dir/Users/yangwenhaomac/Library/Arduino15/packages/rp2040/hardware/rp2040/5.5.0/pico-sdk/src/rp2_common/cmsis/stub/CMSIS/Device/RP2350/Source/system_RP2350.c.o
 .ARM.attributes
                0x0000020a       0x38 CMakeFiles/audio_bootloader.dir/Users/yangwenhaomac/Library/Arduino15/packages/rp2040/hardware/rp2040/5.5.0/pico-sdk/src/rp2_common/hardware_clocks/clocks.c.o
 .ARM.attributes
                0x00000242       0x38 CMakeFiles/audio_bootloader.dir/Users/yangwenhaomac/Library/Arduino15/packages/rp2040/hardware/rp2040/5.5.0/pico-sdk/src/rp2_common/pico_platform_panic/panic.c.o
 .ARM.attributes
                0x0000027a       0x38 CMakeFiles/audio_bootloader.dir/Users/yangwenhaomac/Library/Arduino15/packages/rp2040/hardware/rp2040/5.5.0/pico-sdk/src/common/hardware_claim/claim.c.o
 .ARM.attributes
                0x000002b2       0x38 CMakeFiles/audio_bootloader.dir/Users/yangwenhaomac/Library/Arduino15/packages/rp2040/hardware/rp2040/5.5.0/pico-sdk/src/rp2_common/hardware_sync/sync.c.o
 .ARM.attributes
                0x000002ea       0x38 CMakeFiles/audio_bootloader.dir/Users/yangwenhaomac/Library/Arduino15/packages/rp2040/hardware/rp2040/5.5.0/pico-sdk/src/rp2_common/hardware_sync_spin_lock/sync_spin_lock.c.o
 .ARM.attributes
                0x00000322       0x38 CMakeFiles/audio_bootloader.dir/Users/yangwenhaomac/Library/Arduino15/packages/rp2040/hardware/rp2040/5.5.0/pico-sdk/src/rp2_common/hardware_gpio/gpio.c.o
 .ARM.attributes
                0x0000035a       0x38 CMakeFiles/audio_bootloader.dir/Users/yangwenhaomac/Library/Arduino15/packages/rp2040/hardware/rp2040/5.5.0/pico-sdk/src/rp2_common/hardware_irq/irq.c.o
 .ARM.attributes
                0x00000392       0x38 CMakeFiles/audio_bootloader.dir/Users/yangwenhaomac/Library/Arduino15/packages/rp2040/hardware/rp2040/5.5.0/pico-sdk/src/common/pico_sync/lock_core.c.o
 .ARM.attributes
                0x000003ca       0x38 CMakeFiles/audio_bootloader.dir/Users/yangwenhaomac/Library/Arduino15/packages/rp2040/hardware/rp2040/5.5.0/pico-sdk/src/common/pico_sync/mutex.c.o
 .ARM.attributes
                0x00000402       0x38 CMakeFiles/audio_bootloader.dir/Users/yangwenhaomac/Library/Arduino15/packages/rp2040/hardware/rp2040/5.5.0/pico-sdk/src/common/pico_time/time.c.o
 .ARM.attributes
                0x0000043a       0x38 CMakeFiles/audio_bootloader.dir/Users/yangwenhaomac/Library/Arduino15/packages/rp2040/hardware/rp2040/5.5.0/pico-sdk/src/rp2_common/hardware_timer/timer.c.o
 .ARM.attributes
                0x00000472       0x38 CMakeFiles/audio_bootloader.dir/Users/yangwenhaomac/Library/Arduino15/packages/rp2040/hardware/rp2040/5.5.0/pico-sdk/src/rp2_common/hardware_pll/pll.c.o
 .ARM.attributes
                0x000004aa       0x38 CMakeFiles/audio_bootloader.dir/Users/yangwenhaomac/Library/Arduino15/packages/rp2040/hardware/rp2040/5.5.0/pico-sdk/src/rp2_common/hardware_watchdog/watchdog.c.o
 .ARM.attributes
                0x000004e2       0x38 CMakeFiles/audio_bootloader.dir/Users/yangwenhaomac/Library/Arduino15/packages/rp2040/hardware/rp2040/5.5.0/pico-sdk/src/rp2_common/hardware_ticks/ticks.c.o
 .ARM.attributes
                0x0000051a       0x38 CMakeFiles/audio_bootloader.dir/Users/yangwenhaomac/Library/Arduino15/packages/rp2040/hardware/rp2040/5.5.0/pico-sdk/src/rp2_common/pico_bootrom/bootrom.c.o
 .ARM.attributes
                0x00000552       0x38 CMakeFiles/audio_bootloader.dir/Users/yangwenhaomac/Library/Arduino15/packages/rp2040/hardware/rp2040/5.5.0/pico-sdk/src/rp2_common/pico_bootrom/bootrom_lock.c.o
 .ARM.attributes
                0x0000058a       0x38 CMakeFiles/audio_bootloader.dir/Users/yangwenhaomac/Library/Arduino15/packages/rp2040/hardware/rp2040/5.5.0/pico-sdk/src/rp2_common/hardware_boot_lock/boot_lock.c.o
 .ARM.attributes
                0x000005c2       0x38 CMakeFiles/audio_bootloader.dir/Users/yangwenhaomac/Library/Arduino15/packages/rp2040/hardware/rp2040/5.5.0/pico-sdk/src/rp2_common/hardware_xosc/xosc.c.o
 .ARM.attributes
                0x000005fa       0x38 CMakeFiles/audio_bootloader.dir/Users/yangwenhaomac/Library/Arduino15/packages/rp2040/hardware/rp2040/5.5.0/pico-sdk/src/rp2_common/pico_runtime/runtime.c.o
 .ARM.attributes
                0x00000632       0x38 CMakeFiles/audio_bootloader.dir/Users/yangwenhaomac/Library/Arduino15/packages/rp2040/hardware/rp2040/5.5.0/pico-sdk/src/rp2_common/pico_runtime_init/runtime_init.c.o
 .ARM.attributes
                0x0000066a       0x38 CMakeFiles/audio_bootloader.dir/Users/yangwenhaomac/Library/Arduino15/packages/rp2040/hardware/rp2040/5.5.0/pico-sdk/src/rp2_common/pico_runtime_init/runtime_init_clocks.c.o
 .ARM.attributes
                0x000006a2       0x38 CMakeFiles/audio_bootloader.dir/Users/yangwenhaomac/Library/Arduino15/packages/rp2040/hardware/rp2040/5.5.0/pico-sdk/src/rp2_common/pico_standard_binary_info/standard_binary_info.c.o
 .ARM.attributes
                0x000006da       0x38 CMakeFiles/audio_bootloader.dir/Users/yangwenhaomac/Library/Arduino15/packages/rp2040/hardware/rp2040/5.5.0/pico-sdk/src/rp2_common/pico_printf/printf.c.o
 .ARM.attributes
                0x00000712       0x28 CMakeFiles/audio_bootloader.dir/Users/yangwenhaomac/Library/Arduino15/packages/rp2040/hardware/rp2040/5.5.0/pico-sdk/src/rp2_common/pico_crt0/crt0.S.o
 .ARM.attributes
                0x0000073a       0x38 CMakeFiles/audio_bootloader.dir/Users/yangwenhaomac/Library/Arduino15/packages/rp2040/hardware/rp2040/5.5.0/pico-sdk/src/rp2_common/pico_clib_interface/newlib_interface.c.o
 .ARM.attributes
                0x00000772       0x38 CMakeFiles/audio_bootloader.dir/Users/yangwenhaomac/Library/Arduino15/packages/rp2040/hardware/rp2040/5.5.0/pico-sdk/src/rp2_common/pico_stdio/stdio.c.o
 .ARM.attributes
                0x000007aa       0x38 CMakeFiles/audio_bootloader.dir/Users/yangwenhaomac/Library/Arduino15/packages/rp2040/hardware/rp2040/5.5.0/pico-sdk/src/rp2_common/hardware_adc/adc.c.o
 .ARM.attributes
                0x000007e2       0x38 CMakeFiles/audio_bootloader.dir/Users/yangwenhaomac/Library/Arduino15/packages/rp2040/hardware/rp2040/5.5.0/pico-sdk/src/rp2_common/hardware_dma/dma.c.o
 .ARM.attributes
                0x0000081a       0x38 CMakeFiles/audio_bootloader.dir/Users/yangwenhaomac/Library/Arduino15/packages/rp2040/hardware/rp2040/5.5.0/pico-sdk/src/rp2_common/hardware_flash/flash.c.o
 .ARM.attributes
                0x00000852       0x38 CMakeFiles/audio_bootloader.dir/Users/yangwenhaomac/Library/Arduino15/packages/rp2040/hardware/rp2040/5.5.0/pico-sdk/src/rp2_common/hardware_xip_cache/xip_cache.c.o
 .ARM.attributes
                0x0000088a       0x38 CMakeFiles/audio_bootloader.dir/Users/yangwenhaomac/Library/Arduino15/packages/rp2040/hardware/rp2040/5.5.0/pico-sdk/src/rp2_common/hardware_pio/pio.c.o
 .ARM.attributes
                0x000008c2       0x2c /Users/yangwenhaomac/Library/Arduino15/packages/rp2040/tools/pqt-gcc/4.1.0-1aec55e/bin/../lib/gcc/arm-none-eabi/14.3.0/../../../../arm-none-eabi/lib/thumb/libstdc++.a(guard.o)
 .ARM.attributes
                0x000008ee       0x1e /Users/yangwenhaomac/Library/Arduino15/packages/rp2040/tools/pqt-gcc/4.1.0-1aec55e/bin/../lib/gcc/arm-none-eabi/14.3.0/thumb/libgcc.a(_aeabi_uldivmod.o)
 .ARM.attributes
                0x0000090c       0x2c /Users/yangwenhaomac/Library/Arduino15/packages/rp2040/tools/pqt-gcc/4.1.0-1aec55e/bin/../lib/gcc/arm-none-eabi/14.3.0/thumb/libgcc.a(_udivmoddi4.o)
 .ARM.attributes
                0x00000938       0x1e /Users/yangwenhaomac/Library/Arduino15/packages/rp2040/tools/pqt-gcc/4.1.0-1aec55e/bin/../lib/gcc/arm-none-eabi/14.3.0/thumb/libgcc.a(_dvmd_tls.o)
 .ARM.attributes
                0x00000956       0x1e /Users/yangwenhaomac/Library/Arduino15/packages/rp2040/tools/pqt-gcc/4.1.0-1aec55e/bin/../lib/gcc/arm-none-eabi/14.3.0/thumb/libgcc.a(_clzsi2.o)
 .ARM.attributes
                0x00000974       0x1e /Users/yangwenhaomac/Library/Arduino15/packages/rp2040/tools/pqt-gcc/4.1.0-1aec55e/bin/../lib/gcc/arm-none-eabi/14.3.0/thumb/libgcc.a(_clzdi2.o)
 .ARM.attributes
                0x00000992       0x2c /Users/yangwenhaomac/Library/Arduino15/packages/rp2040/tools/pqt-gcc/4.1.0-1aec55e/bin/../lib/gcc/arm-none-eabi/14.3.0/../../../../arm-none-eabi/lib/thumb/libg.a(libc_a-memset.o)
 .ARM.attributes
                0x000009be       0x2c /Users/yangwenhaomac/Library/Arduino15/packages/rp2040/tools/pqt-gcc/4.1.0-1aec55e/bin/../lib/gcc/arm-none-eabi/14.3.0/../../../../arm-none-eabi/lib/thumb/libg.a(libc_a-strlen-stub.o)
 .ARM.attributes
                0x000009ea       0x2c /Users/yangwenhaomac/Library/Arduino15/packages/rp2040/tools/pqt-gcc/4.1.0-1aec55e/bin/../lib/gcc/arm-none-eabi/14.3.0/../../../../arm-none-eabi/lib/thumb/libg.a(libc_a-memcmp.o)
 .ARM.attributes
                0x00000a16       0x2c /Users/yangwenhaomac/Library/Arduino15/packages/rp2040/tools/pqt-gcc/4.1.0-1aec55e/bin/../lib/gcc/arm-none-eabi/14.3.0/../../../../arm-none-eabi/lib/thumb/libg.a(libc_a-memcpy-stub.o)
 .ARM.attributes
                0x00000a42       0x2c /Users/yangwenhaomac/Library/Arduino15/packages/rp2040/tools/pqt-gcc/4.1.0-1aec55e/bin/../lib/gcc/arm-none-eabi/14.3.0/thumb/crtend.o

.comment        0x00000000       0x12
 .comment       0x00000000       0x12 /Users/yangwenhaomac/Library/Arduino15/packages/rp2040/tools/pqt-gcc/4.1.0-1aec55e/bin/../lib/gcc/arm-none-eabi/14.3.0/thumb/crtbegin.o
                                 0x13 (size before relaxing)
 .comment       0x00000012       0x13 CMakeFiles/audio_bootloader.dir/src/main.cpp.o
 .comment       0x00000012       0x13 CMakeFiles/audio_bootloader.dir/src/fsk_codec.cpp.o
 .comment       0x00000012       0x13 CMakeFiles/audio_bootloader.dir/src/ws2812_driver.cpp.o
 .comment       0x00000012       0x13 CMakeFiles/audio_bootloader.dir/Users/yangwenhaomac/Library/Arduino15/packages/rp2040/hardware/rp2040/5.5.0/ota/uzlib/src/adler32.c.o
 .comment       0x00000012       0x13 CMakeFiles/audio_bootloader.dir/Users/yangwenhaomac/Library/Arduino15/packages/rp2040/hardware/rp2040/5.5.0/ota/uzlib/src/crc32.c.o
 .comment       0x00000012       0x13 CMakeFiles/audio_bootloader.dir/Users/yangwenhaomac/Library/Arduino15/packages/rp2040/hardware/rp2040/5.5.0/ota/uzlib/src/tinflate.c.o
 .comment       0x00000012       0x13 CMakeFiles/audio_bootloader.dir/Users/yangwenhaomac/Library/Arduino15/packages/rp2040/hardware/rp2040/5.5.0/ota/uzlib/src/tinfzlib.c.o
 .comment       0x00000012       0x13 CMakeFiles/audio_bootloader.dir/Users/yangwenhaomac/Library/Arduino15/packages/rp2040/hardware/rp2040/5.5.0/pico-sdk/src/rp2_common/cmsis/stub/CMSIS/Device/RP2350/Source/system_RP2350.c.o
 .comment       0x00000012       0x13 CMakeFiles/audio_bootloader.dir/Users/yangwenhaomac/Library/Arduino15/packages/rp2040/hardware/rp2040/5.5.0/pico-sdk/src/rp2_common/hardware_clocks/clocks.c.o
 .comment       0x00000012       0x13 CMakeFiles/audio_bootloader.dir/Users/yangwenhaomac/Library/Arduino15/packages/rp2040/hardware/rp2040/5.5.0/pico-sdk/src/rp2_common/pico_platform_panic/panic.c.o
 .comment       0x00000012       0x13 CMakeFiles/audio_bootloader.dir/Users/yangwenhaomac/Library/Arduino15/packages/rp2040/hardware/rp2040/5.5.0/pico-sdk/src/common/hardware_claim/claim.c.o
 .comment       0x00000012       0x13 CMakeFiles/audio_bootloader.dir/Users/yangwenhaomac/Library/Arduino15/packages/rp2040/hardware/rp2040/5.5.0/pico-sdk/src/rp2_common/hardware_sync/sync.c.o
 .comment       0x00000012       0x13 CMakeFiles/audio_bootloader.dir/Users/yangwenhaomac/Library/Arduino15/packages/rp2040/hardware/rp2040/5.5.0/pico-sdk/src/rp2_common/hardware_sync_spin_lock/sync_spin_lock.c.o
 .comment       0x00000012       0x13 CMakeFiles/audio_bootloader.dir/Users/yangwenhaomac/Library/Arduino15/packages/rp2040/hardware/rp2040/5.5.0/pico-sdk/src/rp2_common/hardware_gpio/gpio.c.o
 .comment       0x00000012       0x13 CMakeFiles/audio_bootloader.dir/Users/yangwenhaomac/Library/Arduino15/packages/rp2040/hardware/rp2040/5.5.0/pico-sdk/src/rp2_common/hardware_irq/irq.c.o
 .comment       0x00000012       0x13 CMakeFiles/audio_bootloader.dir/Users/yangwenhaomac/Library/Arduino15/packages/rp2040/hardware/rp2040/5.5.0/pico-sdk/src/common/pico_sync/lock_core.c.o